Microchip MPLAB XC8 Compiler V2.32

Linker command line:

-W-3 --edf=C:\Program Files\Microchip\xc8\v2.32\pic\dat\en_msgs.txt -cn \
  -h+dist/default/production\automate.X.production.sym \
  --cmf=dist/default/production\automate.X.production.cmf -z -Q16LF1939 \
  -oC:\Users\Michel\AppData\Local\Temp\xcAs1rs.4 --defsym=__MPLAB_BUILD=1 \
  -Mdist/default/production/automate.X.production.map -E1 -ver=XC8 Compiler \
  --acfsm=1493 -ASTACK=020C0h-023EFh -pstack=STACK -ACODE=00h-07FFhx8 \
  -ASTRCODE=00h-03FFFh -ASTRING=00h-0FFhx64 -ACONST=00h-0FFhx64 \
  -AENTRY=00h-0FFhx64 -ACOMMON=070h-07Fh -ABANK0=020h-06Fh \
  -ABANK1=0A0h-0EFh -ABANK2=0120h-016Fh -ABANK3=01A0h-01EFh \
  -ABANK4=0220h-026Fh -ABANK5=02A0h-02EFh -ABANK6=0320h-036Fh \
  -ABANK7=03A0h-03EFh -ABANK8=0420h-046Fh -ABANK9=04A0h-04EFh \
  -ABANK10=0520h-056Fh -ABANK11=05A0h-05EFh -ABANK12=0620h-064Fh \
  -ABIGRAM=02000h-023EFh \
  -ARAM=020h-06Fh,0A0h-0EFh,0120h-016Fh,01A0h-01EFh,0220h-026Fh,02A0h-02EFh,0320h-036Fh,03A0h-03EFh,0420h-046Fh,04A0h-04EFh,0520h-056Fh,05A0h-05EFh,0620h-064Fh \
  -AABS1=020h-07Fh,0A0h-0EFh,0120h-016Fh,01A0h-01EFh,0220h-026Fh,02A0h-02EFh,0320h-036Fh,03A0h-03EFh,0420h-046Fh,04A0h-04EFh,0520h-056Fh,05A0h-05EFh,0620h-064Fh \
  -ASFR0=00h-01Fh -ASFR1=080h-09Fh -ASFR2=0100h-011Fh -ASFR3=0180h-019Fh \
  -ASFR4=0200h-021Fh -ASFR5=0280h-029Fh -ASFR6=0300h-031Fh \
  -ASFR7=0380h-039Fh -ASFR8=0400h-041Fh -ASFR9=0480h-049Fh \
  -ASFR10=0500h-051Fh -ASFR11=0580h-059Fh -ASFR12=0600h-061Fh \
  -ASFR13=0680h-06EFh -ASFR14=0700h-076Fh -ASFR15=0780h-07EFh \
  -ASFR16=0800h-086Fh -ASFR17=0880h-08EFh -ASFR18=0900h-096Fh \
  -ASFR19=0980h-09EFh -ASFR20=0A00h-0A6Fh -ASFR21=0A80h-0AEFh \
  -ASFR22=0B00h-0B6Fh -ASFR23=0B80h-0BEFh -ASFR24=0C00h-0C6Fh \
  -ASFR25=0C80h-0CEFh -ASFR26=0D00h-0D6Fh -ASFR27=0D80h-0DEFh \
  -ASFR28=0E00h-0E6Fh -ASFR29=0E80h-0EEFh -ASFR30=0F00h-0F6Fh \
  -ASFR31=0F80h-0FEFh -ACONFIG=08007h-08008h -DCONFIG=2 \
  -AIDLOC=08000h-08003h -DIDLOC=2 -AEEDATA=00h-0FFh/0F000h \
  -peeprom_data=EEDATA -DEEDATA=2 -DCODE=2 -DSTRCODE=2 -DSTRING=2 -DCONST=2 \
  -DENTRY=2 -preset_vec=00h,intentry=04h,init,end_init -ppowerup=CODE \
  -pcinit=CODE -pfunctab=ENTRY -k \
  C:\Users\Michel\AppData\Local\Temp\xcAs1rs.o \
  dist/default/production\automate.X.production.o 

Object code version is 3.11

Machine type is 16LF1939



                Name                               Link     Load   Length Selector   Space Scale
C:\Users\Michel\AppData\Local\Temp\xcAs1rs.o
                end_init                             47       47        2        8       0
                reset_vec                             0        0        2        0       0
                config                             8007     8007        2        0       4
                idloc                              8000     8000        4        0       5
dist/default/production\automate.X.production.o
                cinit                                49       49       21        8       0
                intentry                              4        4       43        8       0
                config                             8007     8007        2        0       4
                idloc                              8000     8000        4        0       5
                text80                              64C      64C       1A      890       0
                text79                              F62      F62        4     1EC4       0
                text78                              F4C      F4C        1     1E98       0
                text77                              F66      F66        4     1ECC       0
                text76                              3DE      3DE       3A        8       0
                text75                              5EA      5EA       22      890       0
                text74                              F50      F50        3     1EA0       0
                text73                              F53      F53        3     1EA6       0
                text72                              74E      74E       10      890       0
                text71                              57E      57E       26      890       0
                text70                              797      797        D      F14       0
                text69                              72D      72D       11      890       0
                text68                              71C      71C       11      890       0
                text67                              70B      70B       11      890       0
                text66                              6FA      6FA       11      890       0
                text65                              666      666       18      890       0
                text64                              F4E      F4E        2     1E9C       0
                text63                                2        2        2        0       0
                text62                              F56      F56        3     1EAC       0
                text61                              F6A      F6A        4     1ED4       0
                text60                              F59      F59        3     1EB2       0
                text59                              F6E      F6E        4     1EDC       0
                text58                              F7A      F7A        5     1EF4       0
                text57                              FAC      FAC        6     1F58       0
                text56                              F5C      F5C        3     1EB8       0
                text55                              477      477       2F      890       0
                text54                              F7F      F7F        5     1EFE       0
                text53                              7EF      7EF        9      FCC       0
                text52                              FF0      FF0        8     1FE0       0
                text51                              2BD      2BD       55        8       0
                text50                              312      312       46        8       0
                text49                              FE2      FE2        7     1FC4       0
                text48                              F84      F84        5     1F08       0
                text47                              F89      F89        5     1F12       0
                text46                              F8E      F8E        5     1F1C       0
                text45                              F93      F93        5     1F26       0
                text44                              F98      F98        5     1F30       0
                text43                              F9D      F9D        5     1F3A       0
                text42                              FA2      FA2        5     1F44       0
                text41                              FA7      FA7        5     1F4E       0
                text40                              4D4      4D4       2C      890       0
                text39                              F5F      F5F        3     1EBE       0
                text38                              4A6      4A6       2E      890       0
                text37                              F72      F72        4     1EE4       0
                text35                              60C      60C       21      890       0
                text34                              78A      78A        D      F14       0
                text33                              5A4      5A4       24      890       0
                text32                              52B      52B       2B      890       0
                text31                              7C8      7C8        B      F60       0
                text30                              7BC      7BC        C      F60       0
                text29                              FB2      FB2        6     1F64       0
                text28                              FB8      FB8        6     1F70       0
                text27                              73E      73E       10      890       0
                text26                              6C1      6C1       14      890       0
                text25                              6AB      6AB       16      890       0
                text24                              695      695       16      890       0
                text23                              7E6      7E6        9      FCC       0
                text22                              1B6      1B6       8B        8       0
                text21                              448      448       2F      890       0
                text20                              67E      67E       17      890       0
                text19                              62D      62D       1F      890       0
                text18                              FF8      FF8        8     1FF0       0
                text17                              FBE      FBE        6     1F7C       0
                text16                              FC4      FC4        6     1F88       0
                text15                              FCA      FCA        6     1F94       0
                text14                              FD0      FD0        6     1FA0       0
                text13                              FD6      FD6        6     1FAC       0
                text12                              358      358       45        8       0
                text11                              7D3      7D3        A      F60       0
                text10                              7B0      7B0        C      F60       0
                text9                               5C8      5C8       22      890       0
                text8                               F76      F76        4     1EEC       0
                text7                               6D5      6D5       13      890       0
                text6                               500      500       2B      890       0
                text5                               FE9      FE9        7     1FD2       0
                text4                               39D      39D       41        8       0
                text3                               241      241       7C        8       0
                text2                               556      556       28      890       0
                text1                               6E8      6E8       12      890       0
                maintext                             6A       6A      14C        8       0
                cstackBANK0                          20       20       2A       20       1
                cstackCOMMON                         70       70        D       70       1
                clrtext                             FDC      FDC        6     1FB8       0
                bssBANK2                            120      120       20      120       1
                bssBANK1                             A0       A0       35       A0       1
                dataBANK0                            68       68        1       20       1
                bssBANK0                             4A       4A       1E       20       1
                bssCOMMON                            7D       7D        1       70       1
                stringtext7                         7F8      7F8        8      FF0       0
                stringtext6                         7DD      7DD        9      FBA       0
                stringtext5                         7A4      7A4        C      F48       0
                stringtext4                         77C      77C        E      EBC       0
                stringtext3                         76D      76D        F      EBC       0
                stringtext2                         75E      75E        F      EBC       0
                stringtext1                         418      418       30      830       0
                idataBANK0                          F4D      F4D        1     1E9A       0

TOTAL           Name                               Link     Load   Length     Space
        CLASS   STACK          

        CLASS   CODE           
                end_init                             47       47        2         0
                cinit                                49       49       21         0
                intentry                              4        4       43         0
                reset_vec                             0        0        2         0
                text80                              64C      64C       1A         0
                text79                              F62      F62        4         0
                text78                              F4C      F4C        1         0
                text77                              F66      F66        4         0
                text76                              3DE      3DE       3A         0
                text75                              5EA      5EA       22         0
                text74                              F50      F50        3         0
                text73                              F53      F53        3         0
                text72                              74E      74E       10         0
                text71                              57E      57E       26         0
                text70                              797      797        D         0
                text69                              72D      72D       11         0
                text68                              71C      71C       11         0
                text67                              70B      70B       11         0
                text66                              6FA      6FA       11         0
                text65                              666      666       18         0
                text64                              F4E      F4E        2         0
                text63                                2        2        2         0
                text62                              F56      F56        3         0
                text61                              F6A      F6A        4         0
                text60                              F59      F59        3         0
                text59                              F6E      F6E        4         0
                text58                              F7A      F7A        5         0
                text57                              FAC      FAC        6         0
                text56                              F5C      F5C        3         0
                text55                              477      477       2F         0
                text54                              F7F      F7F        5         0
                text53                              7EF      7EF        9         0
                text52                              FF0      FF0        8         0
                text51                              2BD      2BD       55         0
                text50                              312      312       46         0
                text49                              FE2      FE2        7         0
                text48                              F84      F84        5         0
                text47                              F89      F89        5         0
                text46                              F8E      F8E        5         0
                text45                              F93      F93        5         0
                text44                              F98      F98        5         0
                text43                              F9D      F9D        5         0
                text42                              FA2      FA2        5         0
                text41                              FA7      FA7        5         0
                text40                              4D4      4D4       2C         0
                text39                              F5F      F5F        3         0
                text38                              4A6      4A6       2E         0
                text37                              F72      F72        4         0
                text35                              60C      60C       21         0
                text34                              78A      78A        D         0
                text33                              5A4      5A4       24         0
                text32                              52B      52B       2B         0
                text31                              7C8      7C8        B         0
                text30                              7BC      7BC        C         0
                text29                              FB2      FB2        6         0
                text28                              FB8      FB8        6         0
                text27                              73E      73E       10         0
                text26                              6C1      6C1       14         0
                text25                              6AB      6AB       16         0
                text24                              695      695       16         0
                text23                              7E6      7E6        9         0
                text22                              1B6      1B6       8B         0
                text21                              448      448       2F         0
                text20                              67E      67E       17         0
                text19                              62D      62D       1F         0
                text18                              FF8      FF8        8         0
                text17                              FBE      FBE        6         0
                text16                              FC4      FC4        6         0
                text15                              FCA      FCA        6         0
                text14                              FD0      FD0        6         0
                text13                              FD6      FD6        6         0
                text12                              358      358       45         0
                text11                              7D3      7D3        A         0
                text10                              7B0      7B0        C         0
                text9                               5C8      5C8       22         0
                text8                               F76      F76        4         0
                text7                               6D5      6D5       13         0
                text6                               500      500       2B         0
                text5                               FE9      FE9        7         0
                text4                               39D      39D       41         0
                text3                               241      241       7C         0
                text2                               556      556       28         0
                text1                               6E8      6E8       12         0
                maintext                             6A       6A      14C         0
                clrtext                             FDC      FDC        6         0
                idataBANK0                          F4D      F4D        1         0

        CLASS   STRCODE        
                stringtext7                         7F8      7F8        8         0
                stringtext6                         7DD      7DD        9         0
                stringtext5                         7A4      7A4        C         0
                stringtext4                         77C      77C        E         0
                stringtext3                         76D      76D        F         0
                stringtext2                         75E      75E        F         0
                stringtext1                         418      418       30         0

        CLASS   STRING         

        CLASS   CONST          

        CLASS   ENTRY          

        CLASS   COMMON         
                cstackCOMMON                         70       70        D         1
                bssCOMMON                            7D       7D        1         1

        CLASS   BANK0          
                cstackBANK0                          20       20       2A         1
                dataBANK0                            68       68        1         1
                bssBANK0                             4A       4A       1E         1

        CLASS   BANK1          
                bssBANK1                             A0       A0       35         1

        CLASS   BANK2          
                bssBANK2                            120      120       20         1

        CLASS   BANK3          

        CLASS   BANK4          

        CLASS   BANK5          

        CLASS   BANK6          

        CLASS   BANK7          

        CLASS   BANK8          

        CLASS   BANK9          

        CLASS   BANK10         

        CLASS   BANK11         

        CLASS   BANK12         

        CLASS   BIGRAM         

        CLASS   RAM            

        CLASS   ABS1           
                abs_s1                               7E       7E        2         1

        CLASS   SFR0           

        CLASS   SFR1           

        CLASS   SFR2           

        CLASS   SFR3           

        CLASS   SFR4           

        CLASS   SFR5           

        CLASS   SFR6           

        CLASS   SFR7           

        CLASS   SFR8           

        CLASS   SFR9           

        CLASS   SFR10          

        CLASS   SFR11          

        CLASS   SFR12          

        CLASS   SFR13          

        CLASS   SFR14          

        CLASS   SFR15          

        CLASS   SFR16          

        CLASS   SFR17          

        CLASS   SFR18          

        CLASS   SFR19          

        CLASS   SFR20          

        CLASS   SFR21          

        CLASS   SFR22          

        CLASS   SFR23          

        CLASS   SFR24          

        CLASS   SFR25          

        CLASS   SFR26          

        CLASS   SFR27          

        CLASS   SFR28          

        CLASS   SFR29          

        CLASS   SFR30          

        CLASS   SFR31          

        CLASS   CONFIG         
                config                             8007     8007        2         4

        CLASS   IDLOC          
                idloc                              8000     8000        4         5

        CLASS   EEDATA         

        CLASS   BANK31         

        CLASS   BANK30         

        CLASS   BANK29         

        CLASS   BANK28         

        CLASS   BANK27         

        CLASS   BANK26         

        CLASS   BANK25         

        CLASS   BANK24         

        CLASS   BANK23         

        CLASS   BANK22         

        CLASS   BANK21         

        CLASS   BANK20         

        CLASS   BANK19         

        CLASS   BANK18         

        CLASS   BANK17         

        CLASS   BANK16         

        CLASS   BANK15         

        CLASS   BANK14         

        CLASS   BANK13         



SEGMENTS        Name                           Load    Length   Top    Selector   Space  Class     Delta

                reset_vec                      000000  000004  000004         0       0  CODE        2
                intentry                       000004  000414  000418         8       0  CODE        2
                cstackBANK0                    000020  000049  000069        20       1  BANK0       1
                cstackCOMMON                   000070  00000E  00007E        70       1  COMMON      1
                bssBANK1                       0000A0  000035  0000D5        A0       1  BANK1       1
                bssBANK2                       000120  000020  000140       120       1  BANK2       1
                stringtext1                    000418  000030  000448       830       0  STRCODE     2
                text21                         000448  000316  00075E       890       0  CODE        2
                stringtext2                    00075E  00002C  00078A       EBC       0  STRCODE     2
                text34                         00078A  00001A  0007A4       F14       0  CODE        2
                stringtext5                    0007A4  00000C  0007B0       F48       0  STRCODE     2
                text10                         0007B0  00002D  0007DD       F60       0  CODE        2
                stringtext6                    0007DD  000009  0007E6       FBA       0  STRCODE     2
                text23                         0007E6  000012  0007F8       FCC       0  CODE        2
                stringtext7                    0007F8  000008  000800       FF0       0  STRCODE     2
                text78                         000F4C  000001  000F4D      1E98       0  CODE        2
                idataBANK0                     000F4D  000001  000F4E      1E9A       0  CODE        2
                text64                         000F4E  000002  000F50      1E9C       0  CODE        2
                text74                         000F50  000003  000F53      1EA0       0  CODE        2
                text73                         000F53  000003  000F56      1EA6       0  CODE        2
                text62                         000F56  000003  000F59      1EAC       0  CODE        2
                text60                         000F59  000003  000F5C      1EB2       0  CODE        2
                text56                         000F5C  000003  000F5F      1EB8       0  CODE        2
                text39                         000F5F  000003  000F62      1EBE       0  CODE        2
                text79                         000F62  000004  000F66      1EC4       0  CODE        2
                text77                         000F66  000004  000F6A      1ECC       0  CODE        2
                text61                         000F6A  000004  000F6E      1ED4       0  CODE        2
                text59                         000F6E  000004  000F72      1EDC       0  CODE        2
                text37                         000F72  000004  000F76      1EE4       0  CODE        2
                text8                          000F76  000004  000F7A      1EEC       0  CODE        2
                text58                         000F7A  000005  000F7F      1EF4       0  CODE        2
                text54                         000F7F  000005  000F84      1EFE       0  CODE        2
                text48                         000F84  000005  000F89      1F08       0  CODE        2
                text47                         000F89  000005  000F8E      1F12       0  CODE        2
                text46                         000F8E  000005  000F93      1F1C       0  CODE        2
                text45                         000F93  000005  000F98      1F26       0  CODE        2
                text44                         000F98  000005  000F9D      1F30       0  CODE        2
                text43                         000F9D  000005  000FA2      1F3A       0  CODE        2
                text42                         000FA2  000005  000FA7      1F44       0  CODE        2
                text41                         000FA7  000005  000FAC      1F4E       0  CODE        2
                text57                         000FAC  000006  000FB2      1F58       0  CODE        2
                text29                         000FB2  000006  000FB8      1F64       0  CODE        2
                text28                         000FB8  000006  000FBE      1F70       0  CODE        2
                text17                         000FBE  000006  000FC4      1F7C       0  CODE        2
                text16                         000FC4  000006  000FCA      1F88       0  CODE        2
                text15                         000FCA  000006  000FD0      1F94       0  CODE        2
                text14                         000FD0  000006  000FD6      1FA0       0  CODE        2
                text13                         000FD6  000006  000FDC      1FAC       0  CODE        2
                clrtext                        000FDC  000006  000FE2      1FB8       0  CODE        2
                text49                         000FE2  000007  000FE9      1FC4       0  CODE        2
                text5                          000FE9  000007  000FF0      1FD2       0  CODE        2
                text52                         000FF0  000008  000FF8      1FE0       0  CODE        2
                text18                         000FF8  000008  001000      1FF0       0  CODE        2


UNUSED ADDRESS RANGES

        Name                Unused          Largest block    Delta
        BANK0            00069-0006F               7           1
        BANK1            000D5-000EF              1B           1
        BANK10           00520-0056F              50           1
        BANK11           005A0-005EF              50           1
        BANK12           00620-0064F              30           1
        BANK2            00140-0016F              30           1
        BANK3            001A0-001EF              50           1
        BANK4            00220-0026F              50           1
        BANK5            002A0-002EF              50           1
        BANK6            00320-0036F              50           1
        BANK7            003A0-003EF              50           1
        BANK8            00420-0046F              50           1
        BANK9            004A0-004EF              50           1
        BIGRAM           02000-023EF             3F0           1
        CODE             00800-00F4B             74C           2
                         01000-03FFF             800
        CONST            00800-00F4B             100           2
                         01000-03FFF             100
        EEDATA           0F000-0F0FF             100           2
        ENTRY            00800-00F4B             100           2
                         01000-03FFF             100
        RAM              00069-0006F               7           1
                         000D5-000EF              1B
                         00140-0016F              30
                         001A0-001EF              50
                         00220-0026F              50
                         002A0-002EF              50
                         00320-0036F              50
                         003A0-003EF              50
                         00420-0046F              50
                         004A0-004EF              50
                         00520-0056F              50
                         005A0-005EF              50
                         00620-0064F              30
        SFR0             00000-0001F              20           1
        SFR1             00080-0009F              20           1
        SFR10            00500-0051F              20           1
        SFR11            00580-0059F              20           1
        SFR12            00600-0061F              20           1
        SFR13            00680-006EF              70           1
        SFR14            00700-0076F              70           1
        SFR15            00780-007EF              70           1
        SFR16            00800-0086F              70           1
        SFR17            00880-008EF              70           1
        SFR18            00900-0096F              70           1
        SFR19            00980-009EF              70           1
        SFR2             00100-0011F              20           1
        SFR20            00A00-00A6F              70           1
        SFR21            00A80-00AEF              70           1
        SFR22            00B00-00B6F              70           1
        SFR23            00B80-00BEF              70           1
        SFR24            00C00-00C6F              70           1
        SFR25            00C80-00CEF              70           1
        SFR26            00D00-00D6F              70           1
        SFR27            00D80-00DEF              70           1
        SFR28            00E00-00E6F              70           1
        SFR29            00E80-00EEF              70           1
        SFR3             00180-0019F              20           1
        SFR30            00F00-00F6F              70           1
        SFR31            00F80-00FEF              70           1
        SFR4             00200-0021F              20           1
        SFR5             00280-0029F              20           1
        SFR6             00300-0031F              20           1
        SFR7             00380-0039F              20           1
        SFR8             00400-0041F              20           1
        SFR9             00480-0049F              20           1
        STACK            020C0-023EF             330           1
        STRCODE          00800-00F4B             74C           2
                         01000-03FFF            3000
        STRING           00800-00F4B             100           2
                         01000-03FFF             100

                                  Symbol Table

?_ADC_GetConversion                            cstackBANK0  00023
?_printf                                       cstackBANK0  0003E
?_vfpfcnvrt                                    cstackBANK0  0002E
?_vfprintf                                     cstackBANK0  00036
ADC_GetConversion@channel                      cstackBANK0  00026
DATAEE_ReadByte@bAdd                           cstackBANK0  00023
DATAEE_WriteByte@GIEBitValue                   cstackBANK0  00025
DATAEE_WriteByte@bAdd                          cstackBANK0  00024
DATAEE_WriteByte@bData                         cstackBANK0  00023
EUSART_Read@readValue                          cstackBANK0  00024
EUSART_SetErrorHandler@interruptHandler        cstackBANK0  00023
EUSART_SetFramingErrorHandler@interruptHandler cstackBANK0  00023
EUSART_SetOverrunErrorHandler@interruptHandler cstackBANK0  00023
EUSART_SetRxInterruptHandler@interruptHandler  cstackBANK0  00023
EUSART_SetTxInterruptHandler@interruptHandler  cstackBANK0  00023
EUSART_Write@txData                            cstackBANK0  00024
I2C_CallbackReturnReset@funPtr                 cstackCOMMON 00079
I2C_MasterSendTxData@data                      cstackCOMMON 00070
I2C_Master_Write@data                          cstackBANK0  00023
I2C_SetBuffer@buffer                           cstackCOMMON 00073
I2C_SetBuffer@bufferSize                       cstackCOMMON 00070
I2C_SetCallback@cb                             cstackCOMMON 00070
I2C_SetCallback@idx                            cstackCOMMON 00074
I2C_SetCallback@ptr                            cstackCOMMON 00072
I2C_SetDataCompleteCallback@cb                 cstackCOMMON 00075
I2C_SetDataCompleteCallback@ptr                cstackCOMMON 00077
IO_Expander_Write@Data                         cstackBANK0  00024
LCD_CMD@CMD                                    cstackBANK0  00028
LCD_Init@I2C_Add                               cstackBANK0  0002B
LCD_Set_Cursor@COL                             cstackBANK0  00029
LCD_Set_Cursor@ROW                             cstackBANK0  0002C
LCD_Write_4Bit@Nibble                          cstackBANK0  00026
LCD_Write_Char@Data                            cstackBANK0  00028
LCD_Write_String@Str                           cstackBANK0  00029
LCD_Write_String@i                             cstackBANK0  0002C
_ACKDT                                         (abs)        010B5
_ACKEN                                         (abs)        010B4
_ACKSTAT                                       (abs)        010B6
_ADCON0                                        (abs)        0009D
_ADCON0bits                                    (abs)        0009D
_ADCON1                                        (abs)        0009E
_ADC_GetConversion                             text35       0060C
_ADC_Initialize                                text18       00FF8
_ADRESH                                        (abs)        0009C
_ADRESL                                        (abs)        0009B
_ANSELA                                        (abs)        0018C
_ANSELB                                        (abs)        0018D
_ANSELD                                        (abs)        0018F
_ANSELE                                        (abs)        00190
_APFCON                                        (abs)        0011D
_BAUDCON                                       (abs)        0019F
_BORCON                                        (abs)        00116
_BackLight_State                               dataBANK0    00068
_DATAEE_ReadByte                               text34       0078A
_DATAEE_WriteByte                              text33       005A4
_EEADRH                                        (abs)        00192
_EEADRL                                        (abs)        00191
_EECON1bits                                    (abs)        00195
_EECON2                                        (abs)        00196
_EEDATH                                        (abs)        00194
_EEDATL                                        (abs)        00193
_EUSART_DefaultErrorHandler                    text79       00F62
_EUSART_DefaultFramingErrorHandler             text78       00F4C
_EUSART_DefaultOverrunErrorHandler             text77       00F66
_EUSART_ErrorHandler                           bssBANK0     00052
_EUSART_FramingErrorHandler                    bssBANK0     00056
_EUSART_Initialize                             text12       00358
_EUSART_OverrunErrorHandler                    bssBANK0     00054
_EUSART_Read                                   text32       0052B
_EUSART_Receive_ISR                            text76       003DE
_EUSART_RxDataHandler                          text80       0064C
_EUSART_RxDefaultInterruptHandler              bssBANK0     00058
_EUSART_SetErrorHandler                        text17       00FBE
_EUSART_SetFramingErrorHandler                 text16       00FC4
_EUSART_SetOverrunErrorHandler                 text15       00FCA
_EUSART_SetRxInterruptHandler                  text14       00FD0
_EUSART_SetTxInterruptHandler                  text13       00FD6
_EUSART_Transmit_ISR                           text75       005EA
_EUSART_TxDefaultInterruptHandler              bssBANK0     0005A
_EUSART_Write                                  text6        00500
_I2C_CallbackReturnReset                       text63       00002
_I2C_CallbackReturnStop                        text64       00F4E
_I2C_DO_ADDRESS_NACK                           text40       004D4
_I2C_DO_IDLE                                   text54       00F7F
_I2C_DO_RCEN                                   text49       00FE2
_I2C_DO_RESET                                  text41       00FA7
_I2C_DO_RX                                     text50       00312
_I2C_DO_RX_ACK                                 text44       00F98
_I2C_DO_RX_NACK_RESTART                        text42       00FA2
_I2C_DO_RX_NACK_STOP                           text43       00F9D
_I2C_DO_SEND_ADR_READ                          text53       007EF
_I2C_DO_SEND_ADR_WRITE                         text52       00FF0
_I2C_DO_SEND_RESTART                           text46       00F8E
_I2C_DO_SEND_RESTART_READ                      text48       00F84
_I2C_DO_SEND_RESTART_WRITE                     text47       00F89
_I2C_DO_SEND_STOP                              text45       00F93
_I2C_DO_TX                                     text51       002BD
_I2C_DO_TX_EMPTY                               text55       00477
_I2C_Initialize                                text11       007D3
_I2C_MasterClearIrq                            text39       00F5F
_I2C_MasterEnableRestart                       text74       00F50
_I2C_MasterFsm                                 text38       004A6
_I2C_MasterGetRxData                           text60       00F59
_I2C_MasterIsNack                              text57       00FAC
_I2C_MasterIsr                                 text37       00F72
_I2C_MasterSendAck                             text59       00F6E
_I2C_MasterSendNack                            text61       00F6A
_I2C_MasterSendTxData                          text58       00F7A
_I2C_MasterSetIrq                              text56       00F5C
_I2C_MasterStartRx                             text62       00F56
_I2C_MasterStop                                text73       00F53
_I2C_Master_Init                               text31       007C8
_I2C_Master_Start                              text29       00FB2
_I2C_Master_Stop                               text28       00FB8
_I2C_Master_Wait                               text30       007BC
_I2C_Master_Write                              text27       0073E
_I2C_SetBuffer                                 text72       0074E
_I2C_SetCallback                               text71       0057E
_I2C_SetDataCompleteCallback                   text70       00797
_I2C_Status                                    bssBANK1     000A0
_INTCONbits                                    (abs)        0000B
_INTERRUPT_InterruptManager                    intentry     00004
_IO_Expander_Write                             text26       006C1
_LATA                                          (abs)        0010C
_LATAbits                                      (abs)        0010C
_LATB                                          (abs)        0010D
_LATC                                          (abs)        0010E
_LATD                                          (abs)        0010F
_LATE                                          (abs)        00110
_LCD_CMD                                       text24       00695
_LCD_Clear                                     text23       007E6
_LCD_Init                                      text22       001B6
_LCD_Set_Cursor                                text21       00448
_LCD_Write_4Bit                                text25       006AB
_LCD_Write_Char                                text20       0067E
_LCD_Write_String                              text19       0062D
_MSSP_InterruptHandler                         bssBANK0     0005E
_OPTION_REGbits                                (abs)        00095
_OSCCON                                        (abs)        00099
_OSCILLATOR_Initialize                         text10       007B0
_OSCTUNE                                       (abs)        00098
_PEN                                           (abs)        010B2
_PIE1bits                                      (abs)        00091
_PIE2bits                                      (abs)        00092
_PIN_MANAGER_Initialize                        text9        005C8
_PIR1bits                                      (abs)        00011
_PIR2bits                                      (abs)        00012
_PLLR                                          (abs)        004D6
_PORTDbits                                     (abs)        0000F
_RCEN                                          (abs)        010B3
_RCREG                                         (abs)        00199
_RCSTA                                         (abs)        0019D
_RCSTAbits                                     (abs)        0019D
_RS                                            bssCOMMON    0007D
_RSEN                                          (abs)        010B1
_SEN                                           (abs)        010B0
_SPBRGH                                        (abs)        0019C
_SPBRGL                                        (abs)        0019B
_SSPADD                                        (abs)        00212
_SSPBUF                                        (abs)        00211
_SSPCON                                        (abs)        00215
_SSPCON1                                       (abs)        00215
_SSPCON1bits                                   (abs)        00215
_SSPCON2                                       (abs)        00216
_SSPCON2bits                                   (abs)        00216
_SSPIF                                         (abs)        0008B
_SSPSTAT                                       (abs)        00214
_SSPSTATbits                                   (abs)        00214
_SYSTEM_Initialize                             text7        006D5
_TRISA                                         (abs)        0008C
_TRISB                                         (abs)        0008D
_TRISC                                         (abs)        0008E
_TRISC3                                        (abs)        00473
_TRISC4                                        (abs)        00474
_TRISD                                         (abs)        0008F
_TRISE                                         (abs)        00090
_TXREG                                         (abs)        0019A
_TXSTA                                         (abs)        0019E
_TXSTAbits                                     (abs)        0019E
_WDTCON                                        (abs)        00097
_WDT_Initialize                                text8        00F76
_WPUB                                          (abs)        0020D
_WPUE                                          (abs)        00210
__Habs1                                        abs1         00000
__Hbank0                                       bank0        00000
__Hbank1                                       bank1        00000
__Hbank10                                      bank10       00000
__Hbank11                                      bank11       00000
__Hbank12                                      bank12       00000
__Hbank13                                      bank13       00000
__Hbank14                                      bank14       00000
__Hbank15                                      bank15       00000
__Hbank16                                      bank16       00000
__Hbank17                                      bank17       00000
__Hbank18                                      bank18       00000
__Hbank19                                      bank19       00000
__Hbank2                                       bank2        00000
__Hbank20                                      bank20       00000
__Hbank21                                      bank21       00000
__Hbank22                                      bank22       00000
__Hbank23                                      bank23       00000
__Hbank24                                      bank24       00000
__Hbank25                                      bank25       00000
__Hbank26                                      bank26       00000
__Hbank27                                      bank27       00000
__Hbank28                                      bank28       00000
__Hbank29                                      bank29       00000
__Hbank3                                       bank3        00000
__Hbank30                                      bank30       00000
__Hbank31                                      bank31       00000
__Hbank4                                       bank4        00000
__Hbank5                                       bank5        00000
__Hbank6                                       bank6        00000
__Hbank7                                       bank7        00000
__Hbank8                                       bank8        00000
__Hbank9                                       bank9        00000
__Hbigram                                      bigram       00000
__HbssBANK0                                    bssBANK0     00000
__HbssBANK1                                    bssBANK1     00000
__HbssBANK2                                    bssBANK2     00000
__HbssCOMMON                                   bssCOMMON    00000
__Hcinit                                       cinit        0006A
__Hclrtext                                     clrtext      00000
__Hcode                                        code         00000
__Hcommon                                      common       00000
__Hconfig                                      config       08009
__HcstackBANK0                                 cstackBANK0  00000
__HcstackCOMMON                                cstackCOMMON 00000
__HdataBANK0                                   dataBANK0    00000
__Heeprom_data                                 eeprom_data  00000
__Hend_init                                    end_init     00049
__Hfunctab                                     functab      00000
__HidataBANK0                                  idataBANK0   00000
__Hidloc                                       idloc        08004
__Hinit                                        init         00047
__Hintentry                                    intentry     00047
__Hmaintext                                    maintext     00000
__Hpowerup                                     powerup      00000
__Hram                                         ram          00000
__Hreset_vec                                   reset_vec    00002
__Hsfr0                                        sfr0         00000
__Hsfr1                                        sfr1         00000
__Hsfr10                                       sfr10        00000
__Hsfr11                                       sfr11        00000
__Hsfr12                                       sfr12        00000
__Hsfr13                                       sfr13        00000
__Hsfr14                                       sfr14        00000
__Hsfr15                                       sfr15        00000
__Hsfr16                                       sfr16        00000
__Hsfr17                                       sfr17        00000
__Hsfr18                                       sfr18        00000
__Hsfr19                                       sfr19        00000
__Hsfr2                                        sfr2         00000
__Hsfr20                                       sfr20        00000
__Hsfr21                                       sfr21        00000
__Hsfr22                                       sfr22        00000
__Hsfr23                                       sfr23        00000
__Hsfr24                                       sfr24        00000
__Hsfr25                                       sfr25        00000
__Hsfr26                                       sfr26        00000
__Hsfr27                                       sfr27        00000
__Hsfr28                                       sfr28        00000
__Hsfr29                                       sfr29        00000
__Hsfr3                                        sfr3         00000
__Hsfr30                                       sfr30        00000
__Hsfr31                                       sfr31        00000
__Hsfr4                                        sfr4         00000
__Hsfr5                                        sfr5         00000
__Hsfr6                                        sfr6         00000
__Hsfr7                                        sfr7         00000
__Hsfr8                                        sfr8         00000
__Hsfr9                                        sfr9         00000
__Hspace_0                                     (abs)        01000
__Hspace_1                                     (abs)        00140
__Hspace_2                                     (abs)        00000
__Hspace_3                                     (abs)        00000
__Hspace_4                                     (abs)        10010
__Hstack                                       stack        00000
__Hstrings                                     strings      00000
__Hstringtext1                                 stringtext1  00000
__Hstringtext2                                 stringtext2  00000
__Hstringtext3                                 stringtext3  00000
__Hstringtext4                                 stringtext4  00000
__Hstringtext5                                 stringtext5  00000
__Hstringtext6                                 stringtext6  00000
__Hstringtext7                                 stringtext7  00000
__Hstringtext8                                 stringtext8  00000
__Htext                                        text         00000
__Labs1                                        abs1         00000
__Lbank0                                       bank0        00000
__Lbank1                                       bank1        00000
__Lbank10                                      bank10       00000
__Lbank11                                      bank11       00000
__Lbank12                                      bank12       00000
__Lbank13                                      bank13       00000
__Lbank14                                      bank14       00000
__Lbank15                                      bank15       00000
__Lbank16                                      bank16       00000
__Lbank17                                      bank17       00000
__Lbank18                                      bank18       00000
__Lbank19                                      bank19       00000
__Lbank2                                       bank2        00000
__Lbank20                                      bank20       00000
__Lbank21                                      bank21       00000
__Lbank22                                      bank22       00000
__Lbank23                                      bank23       00000
__Lbank24                                      bank24       00000
__Lbank25                                      bank25       00000
__Lbank26                                      bank26       00000
__Lbank27                                      bank27       00000
__Lbank28                                      bank28       00000
__Lbank29                                      bank29       00000
__Lbank3                                       bank3        00000
__Lbank30                                      bank30       00000
__Lbank31                                      bank31       00000
__Lbank4                                       bank4        00000
__Lbank5                                       bank5        00000
__Lbank6                                       bank6        00000
__Lbank7                                       bank7        00000
__Lbank8                                       bank8        00000
__Lbank9                                       bank9        00000
__Lbigram                                      bigram       00000
__LbssBANK0                                    bssBANK0     00000
__LbssBANK1                                    bssBANK1     00000
__LbssBANK2                                    bssBANK2     00000
__LbssCOMMON                                   bssCOMMON    00000
__Lcinit                                       cinit        00049
__Lclrtext                                     clrtext      00000
__Lcode                                        code         00000
__Lcommon                                      common       00000
__Lconfig                                      config       00000
__LcstackBANK0                                 cstackBANK0  00000
__LcstackCOMMON                                cstackCOMMON 00000
__LdataBANK0                                   dataBANK0    00000
__Leeprom_data                                 eeprom_data  00000
__Lend_init                                    end_init     00047
__Lfunctab                                     functab      00000
__LidataBANK0                                  idataBANK0   00000
__Lidloc                                       idloc        00000
__Linit                                        init         00047
__Lintentry                                    intentry     00004
__Lmaintext                                    maintext     00000
__Lpowerup                                     powerup      00000
__Lram                                         ram          00000
__Lreset_vec                                   reset_vec    00000
__Lsfr0                                        sfr0         00000
__Lsfr1                                        sfr1         00000
__Lsfr10                                       sfr10        00000
__Lsfr11                                       sfr11        00000
__Lsfr12                                       sfr12        00000
__Lsfr13                                       sfr13        00000
__Lsfr14                                       sfr14        00000
__Lsfr15                                       sfr15        00000
__Lsfr16                                       sfr16        00000
__Lsfr17                                       sfr17        00000
__Lsfr18                                       sfr18        00000
__Lsfr19                                       sfr19        00000
__Lsfr2                                        sfr2         00000
__Lsfr20                                       sfr20        00000
__Lsfr21                                       sfr21        00000
__Lsfr22                                       sfr22        00000
__Lsfr23                                       sfr23        00000
__Lsfr24                                       sfr24        00000
__Lsfr25                                       sfr25        00000
__Lsfr26                                       sfr26        00000
__Lsfr27                                       sfr27        00000
__Lsfr28                                       sfr28        00000
__Lsfr29                                       sfr29        00000
__Lsfr3                                        sfr3         00000
__Lsfr30                                       sfr30        00000
__Lsfr31                                       sfr31        00000
__Lsfr4                                        sfr4         00000
__Lsfr5                                        sfr5         00000
__Lsfr6                                        sfr6         00000
__Lsfr7                                        sfr7         00000
__Lsfr8                                        sfr8         00000
__Lsfr9                                        sfr9         00000
__Lspace_0                                     (abs)        00000
__Lspace_1                                     (abs)        00000
__Lspace_2                                     (abs)        00000
__Lspace_3                                     (abs)        00000
__Lspace_4                                     (abs)        00000
__Lstack                                       stack        00000
__Lstrings                                     strings      00000
__Lstringtext1                                 stringtext1  00000
__Lstringtext2                                 stringtext2  00000
__Lstringtext3                                 stringtext3  00000
__Lstringtext4                                 stringtext4  00000
__Lstringtext5                                 stringtext5  00000
__Lstringtext6                                 stringtext6  00000
__Lstringtext7                                 stringtext7  00000
__Lstringtext8                                 stringtext8  00000
__Ltext                                        text         00000
__S0                                           (abs)        01000
__S1                                           (abs)        00140
__S2                                           (abs)        00000
__S3                                           (abs)        00000
___int_sp                                      stack        00000
___latbits                                     (abs)        00003
___sp                                          stack        00000
___stackhi                                     (abs)        023EF
___stacklo                                     (abs)        020C0
__end_of_ADC_GetConversion                     text35       0062D
__end_of_ADC_Initialize                        text18       01000
__end_of_DATAEE_ReadByte                       text34       00797
__end_of_DATAEE_WriteByte                      text33       005C8
__end_of_EUSART_DefaultErrorHandler            text79       00F66
__end_of_EUSART_DefaultFramingErrorHandler     text78       00F4D
__end_of_EUSART_DefaultOverrunErrorHandler     text77       00F6A
__end_of_EUSART_Initialize                     text12       0039D
__end_of_EUSART_Read                           text32       00556
__end_of_EUSART_Receive_ISR                    text76       00418
__end_of_EUSART_RxDataHandler                  text80       00666
__end_of_EUSART_SetErrorHandler                text17       00FC4
__end_of_EUSART_SetFramingErrorHandler         text16       00FCA
__end_of_EUSART_SetOverrunErrorHandler         text15       00FD0
__end_of_EUSART_SetRxInterruptHandler          text14       00FD6
__end_of_EUSART_SetTxInterruptHandler          text13       00FDC
__end_of_EUSART_Transmit_ISR                   text75       0060C
__end_of_EUSART_Write                          text6        0052B
__end_of_I2C_CallbackReturnReset               text63       00004
__end_of_I2C_CallbackReturnStop                text64       00F50
__end_of_I2C_DO_ADDRESS_NACK                   text40       00500
__end_of_I2C_DO_IDLE                           text54       00F84
__end_of_I2C_DO_RCEN                           text49       00FE9
__end_of_I2C_DO_RESET                          text41       00FAC
__end_of_I2C_DO_RX                             text50       00358
__end_of_I2C_DO_RX_ACK                         text44       00F9D
__end_of_I2C_DO_RX_NACK_RESTART                text42       00FA7
__end_of_I2C_DO_RX_NACK_STOP                   text43       00FA2
__end_of_I2C_DO_SEND_ADR_READ                  text53       007F8
__end_of_I2C_DO_SEND_ADR_WRITE                 text52       00FF8
__end_of_I2C_DO_SEND_RESTART                   text46       00F93
__end_of_I2C_DO_SEND_RESTART_READ              text48       00F89
__end_of_I2C_DO_SEND_RESTART_WRITE             text47       00F8E
__end_of_I2C_DO_SEND_STOP                      text45       00F98
__end_of_I2C_DO_TX                             text51       00312
__end_of_I2C_DO_TX_EMPTY                       text55       004A6
__end_of_I2C_Initialize                        text11       007DD
__end_of_I2C_MasterClearIrq                    text39       00F62
__end_of_I2C_MasterEnableRestart               text74       00F53
__end_of_I2C_MasterFsm                         text38       004D4
__end_of_I2C_MasterGetRxData                   text60       00F5C
__end_of_I2C_MasterIsNack                      text57       00FB2
__end_of_I2C_MasterIsr                         text37       00F76
__end_of_I2C_MasterSendAck                     text59       00F72
__end_of_I2C_MasterSendNack                    text61       00F6E
__end_of_I2C_MasterSendTxData                  text58       00F7F
__end_of_I2C_MasterSetIrq                      text56       00F5F
__end_of_I2C_MasterStartRx                     text62       00F59
__end_of_I2C_MasterStop                        text73       00F56
__end_of_I2C_Master_Init                       text31       007D3
__end_of_I2C_Master_Start                      text29       00FB8
__end_of_I2C_Master_Stop                       text28       00FBE
__end_of_I2C_Master_Wait                       text30       007C8
__end_of_I2C_Master_Write                      text27       0074E
__end_of_I2C_SetBuffer                         text72       0075E
__end_of_I2C_SetCallback                       text71       005A4
__end_of_I2C_SetDataCompleteCallback           text70       007A4
__end_of_INTERRUPT_InterruptManager            intentry     00047
__end_of_IO_Expander_Write                     text26       006D5
__end_of_LCD_CMD                               text24       006AB
__end_of_LCD_Clear                             text23       007EF
__end_of_LCD_Init                              text22       00241
__end_of_LCD_Set_Cursor                        text21       00477
__end_of_LCD_Write_4Bit                        text25       006C1
__end_of_LCD_Write_Char                        text20       00695
__end_of_LCD_Write_String                      text19       0064C
__end_of_OSCILLATOR_Initialize                 text10       007BC
__end_of_PIN_MANAGER_Initialize                text9        005EA
__end_of_SYSTEM_Initialize                     text7        006E8
__end_of_WDT_Initialize                        text8        00F7A
__end_of__initialization                       cinit        00066
__end_of_fputc                                 text4        003DE
__end_of_i2c_fsmStateTable                     stringtext1  00438
__end_of_main                                  maintext     001B6
__end_of_printf                                text1        006FA
__end_of_putch                                 text5        00FF0
__end_of_rd1RegCompleteHandler                 text68       0072D
__end_of_rd2RegCompleteHandler                 text67       0071C
__end_of_rdBlkRegCompleteHandler               text65       0067E
__end_of_vfpfcnvrt                             text3        002BD
__end_of_vfprintf                              text2        0057E
__end_of_wr1RegCompleteHandler                 text66       0070B
__end_of_wr2RegCompleteHandler                 text69       0073E
__initialization                               cinit        00049
__pbssBANK0                                    bssBANK0     0004A
__pbssBANK1                                    bssBANK1     000A0
__pbssBANK2                                    bssBANK2     00120
__pbssCOMMON                                   bssCOMMON    0007D
__pcstackBANK0                                 cstackBANK0  00020
__pcstackCOMMON                                cstackCOMMON 00070
__pdataBANK0                                   dataBANK0    00068
__pidataBANK0                                  idataBANK0   00F4D
__pintentry                                    intentry     00004
__pmaintext                                    maintext     0006A
__pstringtext1                                 stringtext1  00418
__pstringtext2                                 stringtext2  0075E
__pstringtext3                                 stringtext3  0076D
__pstringtext4                                 stringtext4  0077C
__pstringtext5                                 stringtext5  007A4
__pstringtext6                                 stringtext6  007DD
__pstringtext7                                 stringtext7  007F8
__pstringtext8                                 stringtext8  00000
__ptext1                                       text1        006E8
__ptext10                                      text10       007B0
__ptext11                                      text11       007D3
__ptext12                                      text12       00358
__ptext13                                      text13       00FD6
__ptext14                                      text14       00FD0
__ptext15                                      text15       00FCA
__ptext16                                      text16       00FC4
__ptext17                                      text17       00FBE
__ptext18                                      text18       00FF8
__ptext19                                      text19       0062D
__ptext2                                       text2        00556
__ptext20                                      text20       0067E
__ptext21                                      text21       00448
__ptext22                                      text22       001B6
__ptext23                                      text23       007E6
__ptext24                                      text24       00695
__ptext25                                      text25       006AB
__ptext26                                      text26       006C1
__ptext27                                      text27       0073E
__ptext28                                      text28       00FB8
__ptext29                                      text29       00FB2
__ptext3                                       text3        00241
__ptext30                                      text30       007BC
__ptext31                                      text31       007C8
__ptext32                                      text32       0052B
__ptext33                                      text33       005A4
__ptext34                                      text34       0078A
__ptext35                                      text35       0060C
__ptext37                                      text37       00F72
__ptext38                                      text38       004A6
__ptext39                                      text39       00F5F
__ptext4                                       text4        0039D
__ptext40                                      text40       004D4
__ptext41                                      text41       00FA7
__ptext42                                      text42       00FA2
__ptext43                                      text43       00F9D
__ptext44                                      text44       00F98
__ptext45                                      text45       00F93
__ptext46                                      text46       00F8E
__ptext47                                      text47       00F89
__ptext48                                      text48       00F84
__ptext49                                      text49       00FE2
__ptext5                                       text5        00FE9
__ptext50                                      text50       00312
__ptext51                                      text51       002BD
__ptext52                                      text52       00FF0
__ptext53                                      text53       007EF
__ptext54                                      text54       00F7F
__ptext55                                      text55       00477
__ptext56                                      text56       00F5C
__ptext57                                      text57       00FAC
__ptext58                                      text58       00F7A
__ptext59                                      text59       00F6E
__ptext6                                       text6        00500
__ptext60                                      text60       00F59
__ptext61                                      text61       00F6A
__ptext62                                      text62       00F56
__ptext63                                      text63       00002
__ptext64                                      text64       00F4E
__ptext65                                      text65       00666
__ptext66                                      text66       006FA
__ptext67                                      text67       0070B
__ptext68                                      text68       0071C
__ptext69                                      text69       0072D
__ptext7                                       text7        006D5
__ptext70                                      text70       00797
__ptext71                                      text71       0057E
__ptext72                                      text72       0074E
__ptext73                                      text73       00F53
__ptext74                                      text74       00F50
__ptext75                                      text75       005EA
__ptext76                                      text76       003DE
__ptext77                                      text77       00F66
__ptext78                                      text78       00F4C
__ptext79                                      text79       00F62
__ptext8                                       text8        00F76
__ptext80                                      text80       0064C
__ptext9                                       text9        005C8
__size_of_ADC_GetConversion                    (abs)        00000
__size_of_ADC_Initialize                       (abs)        00000
__size_of_DATAEE_ReadByte                      (abs)        00000
__size_of_DATAEE_WriteByte                     (abs)        00000
__size_of_EUSART_DefaultErrorHandler           (abs)        00000
__size_of_EUSART_DefaultFramingErrorHandler    (abs)        00000
__size_of_EUSART_DefaultOverrunErrorHandler    (abs)        00000
__size_of_EUSART_Initialize                    (abs)        00000
__size_of_EUSART_Read                          (abs)        00000
__size_of_EUSART_Receive_ISR                   (abs)        00000
__size_of_EUSART_RxDataHandler                 (abs)        00000
__size_of_EUSART_SetErrorHandler               (abs)        00000
__size_of_EUSART_SetFramingErrorHandler        (abs)        00000
__size_of_EUSART_SetOverrunErrorHandler        (abs)        00000
__size_of_EUSART_SetRxInterruptHandler         (abs)        00000
__size_of_EUSART_SetTxInterruptHandler         (abs)        00000
__size_of_EUSART_Transmit_ISR                  (abs)        00000
__size_of_EUSART_Write                         (abs)        00000
__size_of_I2C_CallbackReturnReset              (abs)        00000
__size_of_I2C_CallbackReturnStop               (abs)        00000
__size_of_I2C_DO_ADDRESS_NACK                  (abs)        00000
__size_of_I2C_DO_IDLE                          (abs)        00000
__size_of_I2C_DO_RCEN                          (abs)        00000
__size_of_I2C_DO_RESET                         (abs)        00000
__size_of_I2C_DO_RX                            (abs)        00000
__size_of_I2C_DO_RX_ACK                        (abs)        00000
__size_of_I2C_DO_RX_NACK_RESTART               (abs)        00000
__size_of_I2C_DO_RX_NACK_STOP                  (abs)        00000
__size_of_I2C_DO_SEND_ADR_READ                 (abs)        00000
__size_of_I2C_DO_SEND_ADR_WRITE                (abs)        00000
__size_of_I2C_DO_SEND_RESTART                  (abs)        00000
__size_of_I2C_DO_SEND_RESTART_READ             (abs)        00000
__size_of_I2C_DO_SEND_RESTART_WRITE            (abs)        00000
__size_of_I2C_DO_SEND_STOP                     (abs)        00000
__size_of_I2C_DO_TX                            (abs)        00000
__size_of_I2C_DO_TX_EMPTY                      (abs)        00000
__size_of_I2C_Initialize                       (abs)        00000
__size_of_I2C_MasterClearIrq                   (abs)        00000
__size_of_I2C_MasterEnableRestart              (abs)        00000
__size_of_I2C_MasterFsm                        (abs)        00000
__size_of_I2C_MasterGetRxData                  (abs)        00000
__size_of_I2C_MasterIsNack                     (abs)        00000
__size_of_I2C_MasterIsr                        (abs)        00000
__size_of_I2C_MasterSendAck                    (abs)        00000
__size_of_I2C_MasterSendNack                   (abs)        00000
__size_of_I2C_MasterSendTxData                 (abs)        00000
__size_of_I2C_MasterSetIrq                     (abs)        00000
__size_of_I2C_MasterStartRx                    (abs)        00000
__size_of_I2C_MasterStop                       (abs)        00000
__size_of_I2C_Master_Init                      (abs)        00000
__size_of_I2C_Master_Start                     (abs)        00000
__size_of_I2C_Master_Stop                      (abs)        00000
__size_of_I2C_Master_Wait                      (abs)        00000
__size_of_I2C_Master_Write                     (abs)        00000
__size_of_I2C_SetBuffer                        (abs)        00000
__size_of_I2C_SetCallback                      (abs)        00000
__size_of_I2C_SetDataCompleteCallback          (abs)        00000
__size_of_INTERRUPT_InterruptManager           (abs)        00000
__size_of_IO_Expander_Write                    (abs)        00000
__size_of_LCD_CMD                              (abs)        00000
__size_of_LCD_Clear                            (abs)        00000
__size_of_LCD_Init                             (abs)        00000
__size_of_LCD_Set_Cursor                       (abs)        00000
__size_of_LCD_Write_4Bit                       (abs)        00000
__size_of_LCD_Write_Char                       (abs)        00000
__size_of_LCD_Write_String                     (abs)        00000
__size_of_OSCILLATOR_Initialize                (abs)        00000
__size_of_PIN_MANAGER_Initialize               (abs)        00000
__size_of_SYSTEM_Initialize                    (abs)        00000
__size_of_WDT_Initialize                       (abs)        00000
__size_of_fputc                                (abs)        00000
__size_of_main                                 (abs)        00000
__size_of_printf                               (abs)        00000
__size_of_putch                                (abs)        00000
__size_of_rd1RegCompleteHandler                (abs)        00000
__size_of_rd2RegCompleteHandler                (abs)        00000
__size_of_rdBlkRegCompleteHandler              (abs)        00000
__size_of_vfpfcnvrt                            (abs)        00000
__size_of_vfprintf                             (abs)        00000
__size_of_wr1RegCompleteHandler                (abs)        00000
__size_of_wr2RegCompleteHandler                (abs)        00000
_eusartRxBuffer                                bssBANK1     000C5
_eusartRxCount                                 bssBANK0     00062
_eusartRxHead                                  bssBANK0     00064
_eusartRxLastError                             bssBANK0     00061
_eusartRxStatusBuffer                          bssBANK1     000BD
_eusartRxTail                                  bssBANK0     00063
_eusartTxBuffer                                bssBANK1     000CD
_eusartTxBufferRemaining                       bssBANK0     00065
_eusartTxHead                                  bssBANK0     00067
_eusartTxTail                                  bssBANK0     00066
_flags                                         bssBANK0     00050
_fputc                                         text4        0039D
_i2c_add                                       bssBANK0     00060
_i2c_fsmStateTable                             stringtext1  00418
_main                                          maintext     0006A
_nout                                          bssBANK0     0004A
_prec                                          bssBANK0     0004E
_printf                                        text1        006E8
_putch                                         text5        00FE9
_rd1RegCompleteHandler                         text68       0071C
_rd2RegCompleteHandler                         text67       0070B
_rdBlkRegCompleteHandler                       text65       00666
_vfpfcnvrt                                     text3        00241
_vfprintf                                      text2        00556
_width                                         bssBANK0     0004C
_wr1RegCompleteHandler                         text66       006FA
_wr2RegCompleteHandler                         text69       0072D
btemp                                          (abs)        0007E
clear_ram0                                     clrtext      00FDC
end_of_initialization                          cinit        00066
fputc@c                                        cstackBANK0  00026
fputc@fp                                       cstackBANK0  00028
int$flags                                      (abs)        0007E
intlevel0                                      functab      00000
intlevel1                                      functab      00000
intlevel2                                      functab      00000
intlevel3                                      functab      00000
intlevel4                                      functab      00000
intlevel5                                      functab      00000
main@compteur                                  cstackBANK0  00049
main@lectureAN1                                cstackBANK0  00044
main@reception                                 cstackBANK0  00048
main@sauvegarde                                cstackBANK0  00046
printf@ap                                      cstackBANK0  00041
printf@fmt                                     cstackBANK0  0003E
putch@txData                                   cstackBANK0  00025
rd1RegCompleteHandler@ptr                      cstackCOMMON 00079
rd2RegCompleteHandler@ptr                      cstackCOMMON 00079
rdBlkRegCompleteHandler@ptr                    cstackCOMMON 00079
reset_vec                                      reset_vec    00000
start                                          init         00047
start_initialization                           cinit        00049
vfpfcnvrt@ap                                   cstackBANK0  0002F
vfpfcnvrt@fmt                                  cstackBANK0  0002E
vfpfcnvrt@fp                                   cstackBANK0  00035
vfprintf@ap                                    cstackBANK0  00038
vfprintf@cfmt                                  cstackBANK0  0003C
vfprintf@fmt                                   cstackBANK0  00036
vfprintf@fp                                    cstackBANK0  0003B
wr1RegCompleteHandler@ptr                      cstackCOMMON 00079
wr2RegCompleteHandler@ptr                      cstackCOMMON 00079
wtemp0                                         (abs)        0007E


MODULE INFORMATION

Module		Function		Class		Link	Load	Size
C:\Program Files\Microchip\xc8\v2.32\pic\sources\c99\common\doprnt.c
		_vfpfcnvrt     		CODE           	0241	0000	124
		_vfprintf      		CODE           	0556	0000	40

C:\Program Files\Microchip\xc8\v2.32\pic\sources\c99\common\doprnt.c estimated size: 164

mcc_generated_files/interrupt_manager.c
		_INTERRUPT_InterruptManager		CODE           	0004	0000	67

mcc_generated_files/interrupt_manager.c estimated size: 67

mcc_generated_files/examples/i2c_master_example.c
		_wr1RegCompleteHandler		CODE           	06FA	0000	17
		_wr2RegCompleteHandler		CODE           	072D	0000	17
		_rdBlkRegCompleteHandler		CODE           	0666	0000	24
		_rd1RegCompleteHandler		CODE           	071C	0000	17
		_rd2RegCompleteHandler		CODE           	070B	0000	17

mcc_generated_files/examples/i2c_master_example.c estimated size: 92

mcc_generated_files/pin_manager.c
		_PIN_MANAGER_Initialize		CODE           	05C8	0000	34

mcc_generated_files/pin_manager.c estimated size: 34

mcc_generated_files/adc.c
		_ADC_Initialize		CODE           	0FF8	0000	8
		_ADC_GetConversion		CODE           	060C	0000	33

mcc_generated_files/adc.c estimated size: 41

shared
		__initialization		CODE           	0049	0000	29
		_i2c_fsmStateTable		STRCODE        	0418	0000	32

shared estimated size: 61

I2C_LCD.c
		_LCD_Init      		CODE           	01B6	0000	139
		_LCD_Write_4Bit		CODE           	06AB	0000	22
		_LCD_Write_Char		CODE           	067E	0000	23
		_LCD_CMD       		CODE           	0695	0000	22
		_I2C_Master_Wait		CODE           	07BC	0000	12
		_I2C_Master_Init		CODE           	07C8	0000	11
		_I2C_Master_Stop		CODE           	0FB8	0000	6
		_LCD_Set_Cursor		CODE           	0448	0000	47
		_LCD_Clear     		CODE           	07E6	0000	9
		_IO_Expander_Write		CODE           	06C1	0000	20
		_I2C_Master_Write		CODE           	073E	0000	16
		_I2C_Master_Start		CODE           	0FB2	0000	6
		_LCD_Write_String		CODE           	062D	0000	31

I2C_LCD.c estimated size: 364

mcc_generated_files/mcc.c
		_WDT_Initialize		CODE           	0F76	0000	4
		_OSCILLATOR_Initialize		CODE           	07B0	0000	12
		_SYSTEM_Initialize		CODE           	06D5	0000	19

mcc_generated_files/mcc.c estimated size: 35

mcc_generated_files/memory.c
		_DATAEE_WriteByte		CODE           	05A4	0000	36
		_DATAEE_ReadByte		CODE           	078A	0000	13

mcc_generated_files/memory.c estimated size: 49

mcc_generated_files/i2c_master.c
		_I2C_MasterStartRx		CODE           	0F56	0000	3
		_I2C_DO_SEND_ADR_WRITE		CODE           	0FF0	0000	8
		_I2C_DO_SEND_STOP		CODE           	0F93	0000	5
		_I2C_MasterSendNack		CODE           	0F6A	0000	4
		_I2C_CallbackReturnStop		CODE           	0F4E	0000	2
		_I2C_DO_SEND_ADR_READ		CODE           	07EF	0000	9
		_I2C_DO_RX_NACK_STOP		CODE           	0F9D	0000	5
		_I2C_DO_SEND_RESTART		CODE           	0F8E	0000	5
		_I2C_DO_RX     		CODE           	0312	0000	70
		_I2C_DO_TX     		CODE           	02BD	0000	85
		_I2C_DO_IDLE   		CODE           	0F7F	0000	5
		_I2C_DO_RCEN   		CODE           	0FE2	0000	7
		_I2C_DO_RESET  		CODE           	0FA7	0000	5
		_I2C_DO_RX_ACK 		CODE           	0F98	0000	5
		_I2C_MasterClearIrq		CODE           	0F5F	0000	3
		_I2C_MasterGetRxData		CODE           	0F59	0000	3
		_I2C_SetCallback		CODE           	057E	0000	38
		_I2C_DO_ADDRESS_NACK		CODE           	04D4	0000	44
		_I2C_MasterEnableRestart		CODE           	0F50	0000	3
		_I2C_CallbackReturnReset		CODE           	0002	0000	2
		_I2C_DO_TX_EMPTY		CODE           	0477	0000	47
		_I2C_DO_SEND_RESTART_WRITE		CODE           	0F89	0000	5
		_I2C_MasterIsNack		CODE           	0FAC	0000	6
		_I2C_SetDataCompleteCallback		CODE           	0797	0000	13
		_I2C_DO_RX_NACK_RESTART		CODE           	0FA2	0000	5
		_I2C_MasterSendAck		CODE           	0F6E	0000	4
		_I2C_MasterFsm 		CODE           	04A6	0000	46
		_I2C_MasterIsr 		CODE           	0F72	0000	4
		_I2C_MasterSetIrq		CODE           	0F5C	0000	3
		_I2C_DO_SEND_RESTART_READ		CODE           	0F84	0000	5
		_I2C_Initialize		CODE           	07D3	0000	10
		_I2C_SetBuffer 		CODE           	074E	0000	16
		_I2C_MasterSendTxData		CODE           	0F7A	0000	5
		_I2C_MasterStop		CODE           	0F53	0000	3

mcc_generated_files/i2c_master.c estimated size: 483

C:\Program Files\Microchip\xc8\v2.32\pic\sources\c99\common\printf.c
		_printf        		CODE           	06E8	0000	18

C:\Program Files\Microchip\xc8\v2.32\pic\sources\c99\common\printf.c estimated size: 18

C:\Program Files\Microchip\xc8\v2.32\pic\sources\c99\common\nf_fputc.c
		_fputc         		CODE           	039D	0000	65

C:\Program Files\Microchip\xc8\v2.32\pic\sources\c99\common\nf_fputc.c estimated size: 65

mcc_generated_files/eusart.c
		_EUSART_SetRxInterruptHandler		CODE           	0FD0	0000	6
		_EUSART_SetTxInterruptHandler		CODE           	0FD6	0000	6
		_putch         		CODE           	0FE9	0000	7
		_EUSART_Read   		CODE           	052B	0000	43
		_EUSART_DefaultOverrunErrorHandler		CODE           	0F66	0000	4
		_EUSART_Write  		CODE           	0500	0000	43
		_EUSART_DefaultErrorHandler		CODE           	0F62	0000	4
		_EUSART_Transmit_ISR		CODE           	05EA	0000	34
		_EUSART_Initialize		CODE           	0358	0000	69
		_EUSART_SetFramingErrorHandler		CODE           	0FC4	0000	6
		_EUSART_SetErrorHandler		CODE           	0FBE	0000	6
		_EUSART_SetOverrunErrorHandler		CODE           	0FCA	0000	6
		_EUSART_Receive_ISR		CODE           	03DE	0000	58
		_EUSART_RxDataHandler		CODE           	064C	0000	26
		_EUSART_DefaultFramingErrorHandler		CODE           	0F4C	0000	1

mcc_generated_files/eusart.c estimated size: 319

main.c
		_main          		CODE           	006A	0000	332

main.c estimated size: 332

