Microchip MPLAB XC8 Compiler V2.32

Linker command line:

-W-3 --edf=C:\Program Files\Microchip\xc8\v2.32\pic\dat\en_msgs.txt -cn \
  -h+dist/default/production\BASE_AUTOMATE_00.X.production.sym \
  --cmf=dist/default/production\BASE_AUTOMATE_00.X.production.cmf -z \
  -Q16F1939 -oC:\Users\Michel\AppData\Local\Temp\xcAsif4.4 \
  --defsym=__MPLAB_BUILD=1 \
  -Mdist/default/production/BASE_AUTOMATE_00.X.production.map -E1 \
  -ver=XC8 Compiler --acfsm=1493 -ASTACK=02052h-023EFh -pstack=STACK \
  -ACODE=00h-07FFhx8 -ASTRCODE=00h-03FFFh -ASTRING=00h-0FFhx64 \
  -ACONST=00h-0FFhx64 -AENTRY=00h-0FFhx64 -ACOMMON=070h-07Fh \
  -ABANK0=020h-06Fh -ABANK1=0A0h-0EFh -ABANK2=0120h-016Fh \
  -ABANK3=01A0h-01EFh -ABANK4=0220h-026Fh -ABANK5=02A0h-02EFh \
  -ABANK6=0320h-036Fh -ABANK7=03A0h-03EFh -ABANK8=0420h-046Fh \
  -ABANK9=04A0h-04EFh -ABANK10=0520h-056Fh -ABANK11=05A0h-05EFh \
  -ABANK12=0620h-064Fh -ABIGRAM=02000h-023EFh \
  -ARAM=020h-06Fh,0A0h-0EFh,0120h-016Fh,01A0h-01EFh,0220h-026Fh,02A0h-02EFh,0320h-036Fh,03A0h-03EFh,0420h-046Fh,04A0h-04EFh,0520h-056Fh,05A0h-05EFh,0620h-064Fh \
  -AABS1=020h-07Fh,0A0h-0EFh,0120h-016Fh,01A0h-01EFh,0220h-026Fh,02A0h-02EFh,0320h-036Fh,03A0h-03EFh,0420h-046Fh,04A0h-04EFh,0520h-056Fh,05A0h-05EFh,0620h-064Fh \
  -ASFR0=00h-01Fh -ASFR1=080h-09Fh -ASFR2=0100h-011Fh -ASFR3=0180h-019Fh \
  -ASFR4=0200h-021Fh -ASFR5=0280h-029Fh -ASFR6=0300h-031Fh \
  -ASFR7=0380h-039Fh -ASFR8=0400h-041Fh -ASFR9=0480h-049Fh \
  -ASFR10=0500h-051Fh -ASFR11=0580h-059Fh -ASFR12=0600h-061Fh \
  -ASFR13=0680h-06EFh -ASFR14=0700h-076Fh -ASFR15=0780h-07EFh \
  -ASFR16=0800h-086Fh -ASFR17=0880h-08EFh -ASFR18=0900h-096Fh \
  -ASFR19=0980h-09EFh -ASFR20=0A00h-0A6Fh -ASFR21=0A80h-0AEFh \
  -ASFR22=0B00h-0B6Fh -ASFR23=0B80h-0BEFh -ASFR24=0C00h-0C6Fh \
  -ASFR25=0C80h-0CEFh -ASFR26=0D00h-0D6Fh -ASFR27=0D80h-0DEFh \
  -ASFR28=0E00h-0E6Fh -ASFR29=0E80h-0EEFh -ASFR30=0F00h-0F6Fh \
  -ASFR31=0F80h-0FEFh -ACONFIG=08007h-08008h -DCONFIG=2 \
  -AIDLOC=08000h-08003h -DIDLOC=2 -AEEDATA=00h-0FFh/0F000h \
  -peeprom_data=EEDATA -DEEDATA=2 -DCODE=2 -DSTRCODE=2 -DSTRING=2 -DCONST=2 \
  -DENTRY=2 -preset_vec=00h,intentry=04h,init,end_init -ppowerup=CODE \
  -pcinit=CODE -pfunctab=ENTRY -k \
  C:\Users\Michel\AppData\Local\Temp\xcAsif4.o \
  dist/default/production\BASE_AUTOMATE_00.X.production.o 

Object code version is 3.11

Machine type is 16F1939



                Name                               Link     Load   Length Selector   Space Scale
C:\Users\Michel\AppData\Local\Temp\xcAsif4.o
                end_init                             47       47        2        8       0
                reset_vec                             0        0        2        0       0
                config                             8007     8007        2        0       4
                idloc                              8000     8000        4        0       5
dist/default/production\BASE_AUTOMATE_00.X.production.o
                cinit                                49       49        D        8       0
                intentry                              4        4       43        8       0
                config                             8007     8007        2        0       4
                idloc                              8000     8000        4        0       5
                text57                              27C      27C       1A      4B8       0
                text56                              3DF      3DF        4      4B8       0
                text55                              3F9      3F9        1      4B8       0
                text54                              3DB      3DB        4      4B8       0
                text53                              134      134       3A        8       0
                text52                              21A      21A       22        8       0
                text51                              3F2      3F2        3      4B8       0
                text50                              3EF      3EF        3      4B8       0
                text49                              305      305       10      4B8       0
                text48                              1F4      1F4       26        8       0
                text47                              315      315        D      4B8       0
                text46                              2F4      2F4       11      4B8       0
                text45                              2E3      2E3       11      4B8       0
                text44                              2D2      2D2       11      4B8       0
                text43                              2C1      2C1       11      4B8       0
                text42                              296      296       18      4B8       0
                text41                              3F7      3F7        2      4B8       0
                text40                              3F5      3F5        2      4B8       0
                text39                              3EC      3EC        3      4B8       0
                text38                              3D7      3D7        4      4B8       0
                text37                              3E9      3E9        3      4B8       0
                text36                              3D3      3D3        4      4B8       0
                text35                              3C6      3C6        5      4B8       0
                text34                              393      393        6      4B8       0
                text33                              3E6      3E6        3      4B8       0
                text32                              16E      16E       2F        8       0
                text31                              3C1      3C1        5      4B8       0
                text30                              365      365        9      4B8       0
                text29                              37E      37E        8      4B8       0
                text28                               56       56       55        8       0
                text27                               AB       AB       46        8       0
                text26                              386      386        7      4B8       0
                text25                              3BC      3BC        5      4B8       0
                text24                              3B7      3B7        5      4B8       0
                text23                              3B2      3B2        5      4B8       0
                text22                              3AD      3AD        5      4B8       0
                text21                              3A8      3A8        5      4B8       0
                text20                              3A3      3A3        5      4B8       0
                text19                              39E      39E        5      4B8       0
                text18                              399      399        5      4B8       0
                text17                              19D      19D       2C        8       0
                text16                              3E3      3E3        3      4B8       0
                text15                              1C9      1C9       2B        8       0
                text14                              3CF      3CF        4      4B8       0
                text12                              376      376        8      4B8       0
                text11                              35C      35C        9      4B8       0
                text10                              353      353        9      4B8       0
                text9                               34A      34A        9      4B8       0
                text8                               341      341        9      4B8       0
                text7                               338      338        9      4B8       0
                text6                                F1       F1       43        8       0
                text5                               32E      32E        A      4B8       0
                text4                               322      322        C      4B8       0
                text3                               25C      25C       20      4B8       0
                text2                               3CB      3CB        4      4B8       0
                text1                               2AE      2AE       13      4B8       0
                maintext                            36E      36E        8      4B8       0
                cstackBANK0                          69       69        4       20       1
                cstackCOMMON                         70       70        D       70       1
                cstackBANK1                          A0       A0        2       A0       1
                clrtext                             38D      38D        6      4B8       0
                bssBANK0                             20       20       49       20       1
                bssCOMMON                            7D       7D        1       70       1
                stringtext1                         23C      23C       20      478       0

TOTAL           Name                               Link     Load   Length     Space
        CLASS   STACK          

        CLASS   CODE           
                end_init                             47       47        2         0
                cinit                                49       49        D         0
                intentry                              4        4       43         0
                reset_vec                             0        0        2         0
                text57                              27C      27C       1A         0
                text56                              3DF      3DF        4         0
                text55                              3F9      3F9        1         0
                text54                              3DB      3DB        4         0
                text53                              134      134       3A         0
                text52                              21A      21A       22         0
                text51                              3F2      3F2        3         0
                text50                              3EF      3EF        3         0
                text49                              305      305       10         0
                text48                              1F4      1F4       26         0
                text47                              315      315        D         0
                text46                              2F4      2F4       11         0
                text45                              2E3      2E3       11         0
                text44                              2D2      2D2       11         0
                text43                              2C1      2C1       11         0
                text42                              296      296       18         0
                text41                              3F7      3F7        2         0
                text40                              3F5      3F5        2         0
                text39                              3EC      3EC        3         0
                text38                              3D7      3D7        4         0
                text37                              3E9      3E9        3         0
                text36                              3D3      3D3        4         0
                text35                              3C6      3C6        5         0
                text34                              393      393        6         0
                text33                              3E6      3E6        3         0
                text32                              16E      16E       2F         0
                text31                              3C1      3C1        5         0
                text30                              365      365        9         0
                text29                              37E      37E        8         0
                text28                               56       56       55         0
                text27                               AB       AB       46         0
                text26                              386      386        7         0
                text25                              3BC      3BC        5         0
                text24                              3B7      3B7        5         0
                text23                              3B2      3B2        5         0
                text22                              3AD      3AD        5         0
                text21                              3A8      3A8        5         0
                text20                              3A3      3A3        5         0
                text19                              39E      39E        5         0
                text18                              399      399        5         0
                text17                              19D      19D       2C         0
                text16                              3E3      3E3        3         0
                text15                              1C9      1C9       2B         0
                text14                              3CF      3CF        4         0
                text12                              376      376        8         0
                text11                              35C      35C        9         0
                text10                              353      353        9         0
                text9                               34A      34A        9         0
                text8                               341      341        9         0
                text7                               338      338        9         0
                text6                                F1       F1       43         0
                text5                               32E      32E        A         0
                text4                               322      322        C         0
                text3                               25C      25C       20         0
                text2                               3CB      3CB        4         0
                text1                               2AE      2AE       13         0
                maintext                            36E      36E        8         0
                clrtext                             38D      38D        6         0

        CLASS   STRCODE        
                stringtext1                         23C      23C       20         0

        CLASS   STRING         

        CLASS   CONST          

        CLASS   ENTRY          

        CLASS   COMMON         
                cstackCOMMON                         70       70        D         1
                bssCOMMON                            7D       7D        1         1

        CLASS   BANK0          
                cstackBANK0                          69       69        4         1
                bssBANK0                             20       20       49         1

        CLASS   BANK1          
                cstackBANK1                          A0       A0        2         1

        CLASS   BANK2          

        CLASS   BANK3          

        CLASS   BANK4          

        CLASS   BANK5          

        CLASS   BANK6          

        CLASS   BANK7          

        CLASS   BANK8          

        CLASS   BANK9          

        CLASS   BANK10         

        CLASS   BANK11         

        CLASS   BANK12         

        CLASS   BIGRAM         

        CLASS   RAM            

        CLASS   ABS1           
                abs_s1                               7E       7E        2         1

        CLASS   SFR0           

        CLASS   SFR1           

        CLASS   SFR2           

        CLASS   SFR3           

        CLASS   SFR4           

        CLASS   SFR5           

        CLASS   SFR6           

        CLASS   SFR7           

        CLASS   SFR8           

        CLASS   SFR9           

        CLASS   SFR10          

        CLASS   SFR11          

        CLASS   SFR12          

        CLASS   SFR13          

        CLASS   SFR14          

        CLASS   SFR15          

        CLASS   SFR16          

        CLASS   SFR17          

        CLASS   SFR18          

        CLASS   SFR19          

        CLASS   SFR20          

        CLASS   SFR21          

        CLASS   SFR22          

        CLASS   SFR23          

        CLASS   SFR24          

        CLASS   SFR25          

        CLASS   SFR26          

        CLASS   SFR27          

        CLASS   SFR28          

        CLASS   SFR29          

        CLASS   SFR30          

        CLASS   SFR31          

        CLASS   CONFIG         
                config                             8007     8007        2         4

        CLASS   IDLOC          
                idloc                              8000     8000        4         5

        CLASS   EEDATA         

        CLASS   BANK31         

        CLASS   BANK30         

        CLASS   BANK29         

        CLASS   BANK28         

        CLASS   BANK27         

        CLASS   BANK26         

        CLASS   BANK25         

        CLASS   BANK24         

        CLASS   BANK23         

        CLASS   BANK22         

        CLASS   BANK21         

        CLASS   BANK20         

        CLASS   BANK19         

        CLASS   BANK18         

        CLASS   BANK17         

        CLASS   BANK16         

        CLASS   BANK15         

        CLASS   BANK14         

        CLASS   BANK13         



SEGMENTS        Name                           Load    Length   Top    Selector   Space  Class     Delta

                reset_vec                      000000  000002  000002         0       0  CODE        2
                intentry                       000004  000238  00023C         8       0  CODE        2
                bssBANK0                       000020  00004D  00006D        20       1  BANK0       1
                cstackCOMMON                   000070  00000E  00007E        70       1  COMMON      1
                cstackBANK1                    0000A0  000002  0000A2        A0       1  BANK1       1
                stringtext1                    00023C  000020  00025C       478       0  STRCODE     2
                text3                          00025C  00019E  0003FA       4B8       0  CODE        2


UNUSED ADDRESS RANGES

        Name                Unused          Largest block    Delta
        BANK0            0006D-0006F               3           1
        BANK1            000A2-000EF              4E           1
        BANK10           00520-0056F              50           1
        BANK11           005A0-005EF              50           1
        BANK12           00620-0064F              30           1
        BANK2            00120-0016F              50           1
        BANK3            001A0-001EF              50           1
        BANK4            00220-0026F              50           1
        BANK5            002A0-002EF              50           1
        BANK6            00320-0036F              50           1
        BANK7            003A0-003EF              50           1
        BANK8            00420-0046F              50           1
        BANK9            004A0-004EF              50           1
        BIGRAM           02000-023EF             3F0           1
        CODE             00002-00003               2           2
                         003FA-03FFF             800
        CONST            00002-00003               2           2
                         003FA-03FFF             100
        EEDATA           0F000-0F0FF             100           2
        ENTRY            00002-00003               2           2
                         003FA-03FFF             100
        RAM              0006D-0006F               3           1
                         000A2-000EF              4E
                         00120-0016F              50
                         001A0-001EF              50
                         00220-0026F              50
                         002A0-002EF              50
                         00320-0036F              50
                         003A0-003EF              50
                         00420-0046F              50
                         004A0-004EF              50
                         00520-0056F              50
                         005A0-005EF              50
                         00620-0064F              30
        SFR0             00000-0001F              20           1
        SFR1             00080-0009F              20           1
        SFR10            00500-0051F              20           1
        SFR11            00580-0059F              20           1
        SFR12            00600-0061F              20           1
        SFR13            00680-006EF              70           1
        SFR14            00700-0076F              70           1
        SFR15            00780-007EF              70           1
        SFR16            00800-0086F              70           1
        SFR17            00880-008EF              70           1
        SFR18            00900-0096F              70           1
        SFR19            00980-009EF              70           1
        SFR2             00100-0011F              20           1
        SFR20            00A00-00A6F              70           1
        SFR21            00A80-00AEF              70           1
        SFR22            00B00-00B6F              70           1
        SFR23            00B80-00BEF              70           1
        SFR24            00C00-00C6F              70           1
        SFR25            00C80-00CEF              70           1
        SFR26            00D00-00D6F              70           1
        SFR27            00D80-00DEF              70           1
        SFR28            00E00-00E6F              70           1
        SFR29            00E80-00EEF              70           1
        SFR3             00180-0019F              20           1
        SFR30            00F00-00F6F              70           1
        SFR31            00F80-00FEF              70           1
        SFR4             00200-0021F              20           1
        SFR5             00280-0029F              20           1
        SFR6             00300-0031F              20           1
        SFR7             00380-0039F              20           1
        SFR8             00400-0041F              20           1
        SFR9             00480-0049F              20           1
        STACK            02052-023EF             39E           1
        STRCODE          00002-00003               2           2
                         003FA-03FFF            3C06
        STRING           00002-00003               2           2
                         003FA-03FFF             100

                                  Symbol Table

EUSART_SetErrorHandler@interruptHandler        cstackBANK1  000A0
EUSART_SetFramingErrorHandler@interruptHandler cstackBANK1  000A0
EUSART_SetOverrunErrorHandler@interruptHandler cstackBANK1  000A0
EUSART_SetRxInterruptHandler@interruptHandler  cstackBANK1  000A0
EUSART_SetTxInterruptHandler@interruptHandler  cstackBANK1  000A0
I2C_CallbackReturnReset@funPtr                 cstackCOMMON 00079
I2C_MasterSendTxData@data                      cstackCOMMON 00070
I2C_SetBuffer@buffer                           cstackCOMMON 00073
I2C_SetBuffer@bufferSize                       cstackCOMMON 00070
I2C_SetCallback@cb                             cstackCOMMON 00070
I2C_SetCallback@idx                            cstackCOMMON 00074
I2C_SetCallback@ptr                            cstackCOMMON 00072
I2C_SetDataCompleteCallback@cb                 cstackCOMMON 00075
I2C_SetDataCompleteCallback@ptr                cstackCOMMON 00077
_ADCON0                                        (abs)        0009D
_ADCON0bits                                    (abs)        0009D
_ADCON1                                        (abs)        0009E
_ADC_Initialize                                text12       00376
_ADRESH                                        (abs)        0009C
_ADRESL                                        (abs)        0009B
_ANSELA                                        (abs)        0018C
_ANSELB                                        (abs)        0018D
_ANSELD                                        (abs)        0018F
_ANSELE                                        (abs)        00190
_APFCON                                        (abs)        0011D
_BAUDCON                                       (abs)        0019F
_BORCON                                        (abs)        00116
_EEADRH                                        (abs)        00192
_EEADRL                                        (abs)        00191
_EECON1bits                                    (abs)        00195
_EECON2                                        (abs)        00196
_EEDATH                                        (abs)        00194
_EEDATL                                        (abs)        00193
_EUSART_DefaultErrorHandler                    text56       003DF
_EUSART_DefaultFramingErrorHandler             text55       003F9
_EUSART_DefaultOverrunErrorHandler             text54       003DB
_EUSART_ErrorHandler                           bssBANK0     00055
_EUSART_FramingErrorHandler                    bssBANK0     00059
_EUSART_Initialize                             text6        000F1
_EUSART_OverrunErrorHandler                    bssBANK0     00057
_EUSART_Receive_ISR                            text53       00134
_EUSART_RxDataHandler                          text57       0027C
_EUSART_RxDefaultInterruptHandler              bssBANK0     0005B
_EUSART_SetErrorHandler                        text11       0035C
_EUSART_SetFramingErrorHandler                 text10       00353
_EUSART_SetOverrunErrorHandler                 text9        0034A
_EUSART_SetRxInterruptHandler                  text8        00341
_EUSART_SetTxInterruptHandler                  text7        00338
_EUSART_Transmit_ISR                           text52       0021A
_EUSART_TxDefaultInterruptHandler              bssBANK0     0005D
_I2C_CallbackReturnReset                       text40       003F5
_I2C_CallbackReturnStop                        text41       003F7
_I2C_DO_ADDRESS_NACK                           text17       0019D
_I2C_DO_IDLE                                   text31       003C1
_I2C_DO_RCEN                                   text26       00386
_I2C_DO_RESET                                  text18       00399
_I2C_DO_RX                                     text27       000AB
_I2C_DO_RX_ACK                                 text21       003A8
_I2C_DO_RX_NACK_RESTART                        text19       0039E
_I2C_DO_RX_NACK_STOP                           text20       003A3
_I2C_DO_SEND_ADR_READ                          text30       00365
_I2C_DO_SEND_ADR_WRITE                         text29       0037E
_I2C_DO_SEND_RESTART                           text23       003B2
_I2C_DO_SEND_RESTART_READ                      text25       003BC
_I2C_DO_SEND_RESTART_WRITE                     text24       003B7
_I2C_DO_SEND_STOP                              text22       003AD
_I2C_DO_TX                                     text28       00056
_I2C_DO_TX_EMPTY                               text32       0016E
_I2C_Initialize                                text5        0032E
_I2C_MasterClearIrq                            text16       003E3
_I2C_MasterEnableRestart                       text51       003F2
_I2C_MasterFsm                                 text15       001C9
_I2C_MasterGetRxData                           text37       003E9
_I2C_MasterIsNack                              text34       00393
_I2C_MasterIsr                                 text14       003CF
_I2C_MasterSendAck                             text36       003D3
_I2C_MasterSendNack                            text38       003D7
_I2C_MasterSendTxData                          text35       003C6
_I2C_MasterSetIrq                              text33       003E6
_I2C_MasterStartRx                             text39       003EC
_I2C_MasterStop                                text50       003EF
_I2C_SetBuffer                                 text49       00305
_I2C_SetCallback                               text48       001F4
_I2C_SetDataCompleteCallback                   text47       00315
_I2C_Status                                    bssBANK0     00020
_INTCONbits                                    (abs)        0000B
_INTERRUPT_InterruptManager                    intentry     00004
_LATA                                          (abs)        0010C
_LATB                                          (abs)        0010D
_LATC                                          (abs)        0010E
_LATD                                          (abs)        0010F
_LATE                                          (abs)        00110
_MSSP_InterruptHandler                         bssBANK0     00061
_OPTION_REGbits                                (abs)        00095
_OSCCON                                        (abs)        00099
_OSCILLATOR_Initialize                         text4        00322
_OSCTUNE                                       (abs)        00098
_PIE1bits                                      (abs)        00091
_PIE2bits                                      (abs)        00092
_PIN_MANAGER_Initialize                        text3        0025C
_PIR1bits                                      (abs)        00011
_PIR2bits                                      (abs)        00012
_PLLR                                          (abs)        004D6
_RCREG                                         (abs)        00199
_RCSTA                                         (abs)        0019D
_RCSTAbits                                     (abs)        0019D
_SPBRGH                                        (abs)        0019C
_SPBRGL                                        (abs)        0019B
_SSPADD                                        (abs)        00212
_SSPBUF                                        (abs)        00211
_SSPCON1                                       (abs)        00215
_SSPCON1bits                                   (abs)        00215
_SSPCON2                                       (abs)        00216
_SSPCON2bits                                   (abs)        00216
_SSPSTAT                                       (abs)        00214
_SSPSTATbits                                   (abs)        00214
_SYSTEM_Initialize                             text1        002AE
_TRISA                                         (abs)        0008C
_TRISB                                         (abs)        0008D
_TRISC                                         (abs)        0008E
_TRISD                                         (abs)        0008F
_TRISE                                         (abs)        00090
_TXREG                                         (abs)        0019A
_TXSTA                                         (abs)        0019E
_TXSTAbits                                     (abs)        0019E
_WDTCON                                        (abs)        00097
_WDT_Initialize                                text2        003CB
_WPUB                                          (abs)        0020D
_WPUE                                          (abs)        00210
__Habs1                                        abs1         00000
__Hbank0                                       bank0        00000
__Hbank1                                       bank1        00000
__Hbank10                                      bank10       00000
__Hbank11                                      bank11       00000
__Hbank12                                      bank12       00000
__Hbank13                                      bank13       00000
__Hbank14                                      bank14       00000
__Hbank15                                      bank15       00000
__Hbank16                                      bank16       00000
__Hbank17                                      bank17       00000
__Hbank18                                      bank18       00000
__Hbank19                                      bank19       00000
__Hbank2                                       bank2        00000
__Hbank20                                      bank20       00000
__Hbank21                                      bank21       00000
__Hbank22                                      bank22       00000
__Hbank23                                      bank23       00000
__Hbank24                                      bank24       00000
__Hbank25                                      bank25       00000
__Hbank26                                      bank26       00000
__Hbank27                                      bank27       00000
__Hbank28                                      bank28       00000
__Hbank29                                      bank29       00000
__Hbank3                                       bank3        00000
__Hbank30                                      bank30       00000
__Hbank31                                      bank31       00000
__Hbank4                                       bank4        00000
__Hbank5                                       bank5        00000
__Hbank6                                       bank6        00000
__Hbank7                                       bank7        00000
__Hbank8                                       bank8        00000
__Hbank9                                       bank9        00000
__Hbigram                                      bigram       00000
__HbssBANK0                                    bssBANK0     00000
__HbssCOMMON                                   bssCOMMON    00000
__Hcinit                                       cinit        00056
__Hclrtext                                     clrtext      00000
__Hcode                                        code         00000
__Hcommon                                      common       00000
__Hconfig                                      config       08009
__HcstackBANK0                                 cstackBANK0  00000
__HcstackBANK1                                 cstackBANK1  00000
__HcstackCOMMON                                cstackCOMMON 00000
__Heeprom_data                                 eeprom_data  00000
__Hend_init                                    end_init     00049
__Hfunctab                                     functab      00000
__Hidloc                                       idloc        08004
__Hinit                                        init         00047
__Hintentry                                    intentry     00047
__Hmaintext                                    maintext     00000
__Hpowerup                                     powerup      00000
__Hram                                         ram          00000
__Hreset_vec                                   reset_vec    00002
__Hsfr0                                        sfr0         00000
__Hsfr1                                        sfr1         00000
__Hsfr10                                       sfr10        00000
__Hsfr11                                       sfr11        00000
__Hsfr12                                       sfr12        00000
__Hsfr13                                       sfr13        00000
__Hsfr14                                       sfr14        00000
__Hsfr15                                       sfr15        00000
__Hsfr16                                       sfr16        00000
__Hsfr17                                       sfr17        00000
__Hsfr18                                       sfr18        00000
__Hsfr19                                       sfr19        00000
__Hsfr2                                        sfr2         00000
__Hsfr20                                       sfr20        00000
__Hsfr21                                       sfr21        00000
__Hsfr22                                       sfr22        00000
__Hsfr23                                       sfr23        00000
__Hsfr24                                       sfr24        00000
__Hsfr25                                       sfr25        00000
__Hsfr26                                       sfr26        00000
__Hsfr27                                       sfr27        00000
__Hsfr28                                       sfr28        00000
__Hsfr29                                       sfr29        00000
__Hsfr3                                        sfr3         00000
__Hsfr30                                       sfr30        00000
__Hsfr31                                       sfr31        00000
__Hsfr4                                        sfr4         00000
__Hsfr5                                        sfr5         00000
__Hsfr6                                        sfr6         00000
__Hsfr7                                        sfr7         00000
__Hsfr8                                        sfr8         00000
__Hsfr9                                        sfr9         00000
__Hspace_0                                     (abs)        003FA
__Hspace_1                                     (abs)        000A2
__Hspace_2                                     (abs)        00000
__Hspace_3                                     (abs)        00000
__Hspace_4                                     (abs)        10010
__Hstack                                       stack        00000
__Hstrings                                     strings      00000
__Hstringtext1                                 stringtext1  00000
__Htext                                        text         00000
__Labs1                                        abs1         00000
__Lbank0                                       bank0        00000
__Lbank1                                       bank1        00000
__Lbank10                                      bank10       00000
__Lbank11                                      bank11       00000
__Lbank12                                      bank12       00000
__Lbank13                                      bank13       00000
__Lbank14                                      bank14       00000
__Lbank15                                      bank15       00000
__Lbank16                                      bank16       00000
__Lbank17                                      bank17       00000
__Lbank18                                      bank18       00000
__Lbank19                                      bank19       00000
__Lbank2                                       bank2        00000
__Lbank20                                      bank20       00000
__Lbank21                                      bank21       00000
__Lbank22                                      bank22       00000
__Lbank23                                      bank23       00000
__Lbank24                                      bank24       00000
__Lbank25                                      bank25       00000
__Lbank26                                      bank26       00000
__Lbank27                                      bank27       00000
__Lbank28                                      bank28       00000
__Lbank29                                      bank29       00000
__Lbank3                                       bank3        00000
__Lbank30                                      bank30       00000
__Lbank31                                      bank31       00000
__Lbank4                                       bank4        00000
__Lbank5                                       bank5        00000
__Lbank6                                       bank6        00000
__Lbank7                                       bank7        00000
__Lbank8                                       bank8        00000
__Lbank9                                       bank9        00000
__Lbigram                                      bigram       00000
__LbssBANK0                                    bssBANK0     00000
__LbssCOMMON                                   bssCOMMON    00000
__Lcinit                                       cinit        00049
__Lclrtext                                     clrtext      00000
__Lcode                                        code         00000
__Lcommon                                      common       00000
__Lconfig                                      config       00000
__LcstackBANK0                                 cstackBANK0  00000
__LcstackBANK1                                 cstackBANK1  00000
__LcstackCOMMON                                cstackCOMMON 00000
__Leeprom_data                                 eeprom_data  00000
__Lend_init                                    end_init     00047
__Lfunctab                                     functab      00000
__Lidloc                                       idloc        00000
__Linit                                        init         00047
__Lintentry                                    intentry     00004
__Lmaintext                                    maintext     00000
__Lpowerup                                     powerup      00000
__Lram                                         ram          00000
__Lreset_vec                                   reset_vec    00000
__Lsfr0                                        sfr0         00000
__Lsfr1                                        sfr1         00000
__Lsfr10                                       sfr10        00000
__Lsfr11                                       sfr11        00000
__Lsfr12                                       sfr12        00000
__Lsfr13                                       sfr13        00000
__Lsfr14                                       sfr14        00000
__Lsfr15                                       sfr15        00000
__Lsfr16                                       sfr16        00000
__Lsfr17                                       sfr17        00000
__Lsfr18                                       sfr18        00000
__Lsfr19                                       sfr19        00000
__Lsfr2                                        sfr2         00000
__Lsfr20                                       sfr20        00000
__Lsfr21                                       sfr21        00000
__Lsfr22                                       sfr22        00000
__Lsfr23                                       sfr23        00000
__Lsfr24                                       sfr24        00000
__Lsfr25                                       sfr25        00000
__Lsfr26                                       sfr26        00000
__Lsfr27                                       sfr27        00000
__Lsfr28                                       sfr28        00000
__Lsfr29                                       sfr29        00000
__Lsfr3                                        sfr3         00000
__Lsfr30                                       sfr30        00000
__Lsfr31                                       sfr31        00000
__Lsfr4                                        sfr4         00000
__Lsfr5                                        sfr5         00000
__Lsfr6                                        sfr6         00000
__Lsfr7                                        sfr7         00000
__Lsfr8                                        sfr8         00000
__Lsfr9                                        sfr9         00000
__Lspace_0                                     (abs)        00000
__Lspace_1                                     (abs)        00000
__Lspace_2                                     (abs)        00000
__Lspace_3                                     (abs)        00000
__Lspace_4                                     (abs)        00000
__Lstack                                       stack        00000
__Lstrings                                     strings      00000
__Lstringtext1                                 stringtext1  00000
__Ltext                                        text         00000
__S0                                           (abs)        003FA
__S1                                           (abs)        000A2
__S2                                           (abs)        00000
__S3                                           (abs)        00000
___int_sp                                      stack        00000
___latbits                                     (abs)        00003
___sp                                          stack        00000
___stackhi                                     (abs)        023EF
___stacklo                                     (abs)        02052
__end_of_ADC_Initialize                        text12       0037E
__end_of_EUSART_DefaultErrorHandler            text56       003E3
__end_of_EUSART_DefaultFramingErrorHandler     text55       003FA
__end_of_EUSART_DefaultOverrunErrorHandler     text54       003DF
__end_of_EUSART_Initialize                     text6        00134
__end_of_EUSART_Receive_ISR                    text53       0016E
__end_of_EUSART_RxDataHandler                  text57       00296
__end_of_EUSART_SetErrorHandler                text11       00365
__end_of_EUSART_SetFramingErrorHandler         text10       0035C
__end_of_EUSART_SetOverrunErrorHandler         text9        00353
__end_of_EUSART_SetRxInterruptHandler          text8        0034A
__end_of_EUSART_SetTxInterruptHandler          text7        00341
__end_of_EUSART_Transmit_ISR                   text52       0023C
__end_of_I2C_CallbackReturnReset               text40       003F7
__end_of_I2C_CallbackReturnStop                text41       003F9
__end_of_I2C_DO_ADDRESS_NACK                   text17       001C9
__end_of_I2C_DO_IDLE                           text31       003C6
__end_of_I2C_DO_RCEN                           text26       0038D
__end_of_I2C_DO_RESET                          text18       0039E
__end_of_I2C_DO_RX                             text27       000F1
__end_of_I2C_DO_RX_ACK                         text21       003AD
__end_of_I2C_DO_RX_NACK_RESTART                text19       003A3
__end_of_I2C_DO_RX_NACK_STOP                   text20       003A8
__end_of_I2C_DO_SEND_ADR_READ                  text30       0036E
__end_of_I2C_DO_SEND_ADR_WRITE                 text29       00386
__end_of_I2C_DO_SEND_RESTART                   text23       003B7
__end_of_I2C_DO_SEND_RESTART_READ              text25       003C1
__end_of_I2C_DO_SEND_RESTART_WRITE             text24       003BC
__end_of_I2C_DO_SEND_STOP                      text22       003B2
__end_of_I2C_DO_TX                             text28       000AB
__end_of_I2C_DO_TX_EMPTY                       text32       0019D
__end_of_I2C_Initialize                        text5        00338
__end_of_I2C_MasterClearIrq                    text16       003E6
__end_of_I2C_MasterEnableRestart               text51       003F5
__end_of_I2C_MasterFsm                         text15       001F4
__end_of_I2C_MasterGetRxData                   text37       003EC
__end_of_I2C_MasterIsNack                      text34       00399
__end_of_I2C_MasterIsr                         text14       003D3
__end_of_I2C_MasterSendAck                     text36       003D7
__end_of_I2C_MasterSendNack                    text38       003DB
__end_of_I2C_MasterSendTxData                  text35       003CB
__end_of_I2C_MasterSetIrq                      text33       003E9
__end_of_I2C_MasterStartRx                     text39       003EF
__end_of_I2C_MasterStop                        text50       003F2
__end_of_I2C_SetBuffer                         text49       00315
__end_of_I2C_SetCallback                       text48       0021A
__end_of_I2C_SetDataCompleteCallback           text47       00322
__end_of_INTERRUPT_InterruptManager            intentry     00047
__end_of_OSCILLATOR_Initialize                 text4        0032E
__end_of_PIN_MANAGER_Initialize                text3        0027C
__end_of_SYSTEM_Initialize                     text1        002C1
__end_of_WDT_Initialize                        text2        003CF
__end_of__initialization                       cinit        00052
__end_of_i2c_fsmStateTable                     stringtext1  0025C
__end_of_main                                  maintext     00376
__end_of_rd1RegCompleteHandler                 text45       002F4
__end_of_rd2RegCompleteHandler                 text44       002E3
__end_of_rdBlkRegCompleteHandler               text42       002AE
__end_of_wr1RegCompleteHandler                 text43       002D2
__end_of_wr2RegCompleteHandler                 text46       00305
__initialization                               cinit        00049
__pbssBANK0                                    bssBANK0     00020
__pbssCOMMON                                   bssCOMMON    0007D
__pcstackBANK0                                 cstackBANK0  00069
__pcstackBANK1                                 cstackBANK1  000A0
__pcstackCOMMON                                cstackCOMMON 00070
__pintentry                                    intentry     00004
__pmaintext                                    maintext     0036E
__pstringtext1                                 stringtext1  0023C
__ptext1                                       text1        002AE
__ptext10                                      text10       00353
__ptext11                                      text11       0035C
__ptext12                                      text12       00376
__ptext14                                      text14       003CF
__ptext15                                      text15       001C9
__ptext16                                      text16       003E3
__ptext17                                      text17       0019D
__ptext18                                      text18       00399
__ptext19                                      text19       0039E
__ptext2                                       text2        003CB
__ptext20                                      text20       003A3
__ptext21                                      text21       003A8
__ptext22                                      text22       003AD
__ptext23                                      text23       003B2
__ptext24                                      text24       003B7
__ptext25                                      text25       003BC
__ptext26                                      text26       00386
__ptext27                                      text27       000AB
__ptext28                                      text28       00056
__ptext29                                      text29       0037E
__ptext3                                       text3        0025C
__ptext30                                      text30       00365
__ptext31                                      text31       003C1
__ptext32                                      text32       0016E
__ptext33                                      text33       003E6
__ptext34                                      text34       00393
__ptext35                                      text35       003C6
__ptext36                                      text36       003D3
__ptext37                                      text37       003E9
__ptext38                                      text38       003D7
__ptext39                                      text39       003EC
__ptext4                                       text4        00322
__ptext40                                      text40       003F5
__ptext41                                      text41       003F7
__ptext42                                      text42       00296
__ptext43                                      text43       002C1
__ptext44                                      text44       002D2
__ptext45                                      text45       002E3
__ptext46                                      text46       002F4
__ptext47                                      text47       00315
__ptext48                                      text48       001F4
__ptext49                                      text49       00305
__ptext5                                       text5        0032E
__ptext50                                      text50       003EF
__ptext51                                      text51       003F2
__ptext52                                      text52       0021A
__ptext53                                      text53       00134
__ptext54                                      text54       003DB
__ptext55                                      text55       003F9
__ptext56                                      text56       003DF
__ptext57                                      text57       0027C
__ptext6                                       text6        000F1
__ptext7                                       text7        00338
__ptext8                                       text8        00341
__ptext9                                       text9        0034A
__size_of_ADC_Initialize                       (abs)        00000
__size_of_EUSART_DefaultErrorHandler           (abs)        00000
__size_of_EUSART_DefaultFramingErrorHandler    (abs)        00000
__size_of_EUSART_DefaultOverrunErrorHandler    (abs)        00000
__size_of_EUSART_Initialize                    (abs)        00000
__size_of_EUSART_Receive_ISR                   (abs)        00000
__size_of_EUSART_RxDataHandler                 (abs)        00000
__size_of_EUSART_SetErrorHandler               (abs)        00000
__size_of_EUSART_SetFramingErrorHandler        (abs)        00000
__size_of_EUSART_SetOverrunErrorHandler        (abs)        00000
__size_of_EUSART_SetRxInterruptHandler         (abs)        00000
__size_of_EUSART_SetTxInterruptHandler         (abs)        00000
__size_of_EUSART_Transmit_ISR                  (abs)        00000
__size_of_I2C_CallbackReturnReset              (abs)        00000
__size_of_I2C_CallbackReturnStop               (abs)        00000
__size_of_I2C_DO_ADDRESS_NACK                  (abs)        00000
__size_of_I2C_DO_IDLE                          (abs)        00000
__size_of_I2C_DO_RCEN                          (abs)        00000
__size_of_I2C_DO_RESET                         (abs)        00000
__size_of_I2C_DO_RX                            (abs)        00000
__size_of_I2C_DO_RX_ACK                        (abs)        00000
__size_of_I2C_DO_RX_NACK_RESTART               (abs)        00000
__size_of_I2C_DO_RX_NACK_STOP                  (abs)        00000
__size_of_I2C_DO_SEND_ADR_READ                 (abs)        00000
__size_of_I2C_DO_SEND_ADR_WRITE                (abs)        00000
__size_of_I2C_DO_SEND_RESTART                  (abs)        00000
__size_of_I2C_DO_SEND_RESTART_READ             (abs)        00000
__size_of_I2C_DO_SEND_RESTART_WRITE            (abs)        00000
__size_of_I2C_DO_SEND_STOP                     (abs)        00000
__size_of_I2C_DO_TX                            (abs)        00000
__size_of_I2C_DO_TX_EMPTY                      (abs)        00000
__size_of_I2C_Initialize                       (abs)        00000
__size_of_I2C_MasterClearIrq                   (abs)        00000
__size_of_I2C_MasterEnableRestart              (abs)        00000
__size_of_I2C_MasterFsm                        (abs)        00000
__size_of_I2C_MasterGetRxData                  (abs)        00000
__size_of_I2C_MasterIsNack                     (abs)        00000
__size_of_I2C_MasterIsr                        (abs)        00000
__size_of_I2C_MasterSendAck                    (abs)        00000
__size_of_I2C_MasterSendNack                   (abs)        00000
__size_of_I2C_MasterSendTxData                 (abs)        00000
__size_of_I2C_MasterSetIrq                     (abs)        00000
__size_of_I2C_MasterStartRx                    (abs)        00000
__size_of_I2C_MasterStop                       (abs)        00000
__size_of_I2C_SetBuffer                        (abs)        00000
__size_of_I2C_SetCallback                      (abs)        00000
__size_of_I2C_SetDataCompleteCallback          (abs)        00000
__size_of_INTERRUPT_InterruptManager           (abs)        00000
__size_of_OSCILLATOR_Initialize                (abs)        00000
__size_of_PIN_MANAGER_Initialize               (abs)        00000
__size_of_SYSTEM_Initialize                    (abs)        00000
__size_of_WDT_Initialize                       (abs)        00000
__size_of_main                                 (abs)        00000
__size_of_rd1RegCompleteHandler                (abs)        00000
__size_of_rd2RegCompleteHandler                (abs)        00000
__size_of_rdBlkRegCompleteHandler              (abs)        00000
__size_of_wr1RegCompleteHandler                (abs)        00000
__size_of_wr2RegCompleteHandler                (abs)        00000
_eusartRxBuffer                                bssBANK0     00045
_eusartRxCount                                 bssBANK0     00064
_eusartRxHead                                  bssBANK0     00065
_eusartRxLastError                             bssBANK0     00063
_eusartRxStatusBuffer                          bssBANK0     0003D
_eusartRxTail                                  bssCOMMON    0007D
_eusartTxBuffer                                bssBANK0     0004D
_eusartTxBufferRemaining                       bssBANK0     00066
_eusartTxHead                                  bssBANK0     00068
_eusartTxTail                                  bssBANK0     00067
_i2c_fsmStateTable                             stringtext1  0023C
_main                                          maintext     0036E
_rd1RegCompleteHandler                         text45       002E3
_rd2RegCompleteHandler                         text44       002D2
_rdBlkRegCompleteHandler                       text42       00296
_wr1RegCompleteHandler                         text43       002C1
_wr2RegCompleteHandler                         text46       002F4
btemp                                          (abs)        0007E
clear_ram0                                     clrtext      0038D
end_of_initialization                          cinit        00052
int$flags                                      (abs)        0007E
intlevel0                                      functab      00000
intlevel1                                      functab      00000
intlevel2                                      functab      00000
intlevel3                                      functab      00000
intlevel4                                      functab      00000
intlevel5                                      functab      00000
rd1RegCompleteHandler@ptr                      cstackCOMMON 00079
rd2RegCompleteHandler@ptr                      cstackCOMMON 00079
rdBlkRegCompleteHandler@ptr                    cstackCOMMON 00079
reset_vec                                      reset_vec    00000
start                                          init         00047
start_initialization                           cinit        00049
wr1RegCompleteHandler@ptr                      cstackCOMMON 00079
wr2RegCompleteHandler@ptr                      cstackCOMMON 00079
wtemp0                                         (abs)        0007E


MODULE INFORMATION

Module		Function		Class		Link	Load	Size
mcc_generated_files/interrupt_manager.c
		_INTERRUPT_InterruptManager		CODE           	0004	0000	67

mcc_generated_files/interrupt_manager.c estimated size: 67

mcc_generated_files/examples/i2c_master_example.c
		_wr1RegCompleteHandler		CODE           	02C1	0000	17
		_wr2RegCompleteHandler		CODE           	02F4	0000	17
		_rdBlkRegCompleteHandler		CODE           	0296	0000	24
		_rd1RegCompleteHandler		CODE           	02E3	0000	17
		_rd2RegCompleteHandler		CODE           	02D2	0000	17

mcc_generated_files/examples/i2c_master_example.c estimated size: 92

mcc_generated_files/pin_manager.c
		_PIN_MANAGER_Initialize		CODE           	025C	0000	32

mcc_generated_files/pin_manager.c estimated size: 32

mcc_generated_files/adc.c
		_ADC_Initialize		CODE           	0376	0000	8

mcc_generated_files/adc.c estimated size: 8

shared
		__initialization		CODE           	0049	0000	9
		_i2c_fsmStateTable		STRCODE        	023C	0000	32

shared estimated size: 41

mcc_generated_files/mcc.c
		_WDT_Initialize		CODE           	03CB	0000	4
		_OSCILLATOR_Initialize		CODE           	0322	0000	12
		_SYSTEM_Initialize		CODE           	02AE	0000	19

mcc_generated_files/mcc.c estimated size: 35

mcc_generated_files/i2c_master.c
		_I2C_MasterStartRx		CODE           	03EC	0000	3
		_I2C_DO_SEND_ADR_WRITE		CODE           	037E	0000	8
		_I2C_DO_SEND_STOP		CODE           	03AD	0000	5
		_I2C_MasterSendNack		CODE           	03D7	0000	4
		_I2C_CallbackReturnStop		CODE           	03F7	0000	2
		_I2C_DO_SEND_ADR_READ		CODE           	0365	0000	9
		_I2C_DO_RX_NACK_STOP		CODE           	03A3	0000	5
		_I2C_DO_SEND_RESTART		CODE           	03B2	0000	5
		_I2C_DO_RX     		CODE           	00AB	0000	70
		_I2C_DO_TX     		CODE           	0056	0000	85
		_I2C_DO_IDLE   		CODE           	03C1	0000	5
		_I2C_DO_RCEN   		CODE           	0386	0000	7
		_I2C_DO_RESET  		CODE           	0399	0000	5
		_I2C_DO_RX_ACK 		CODE           	03A8	0000	5
		_I2C_MasterClearIrq		CODE           	03E3	0000	3
		_I2C_MasterGetRxData		CODE           	03E9	0000	3
		_I2C_SetCallback		CODE           	01F4	0000	38
		_I2C_DO_ADDRESS_NACK		CODE           	019D	0000	44
		_I2C_MasterEnableRestart		CODE           	03F2	0000	3
		_I2C_CallbackReturnReset		CODE           	03F5	0000	2
		_I2C_DO_TX_EMPTY		CODE           	016E	0000	47
		_I2C_DO_SEND_RESTART_WRITE		CODE           	03B7	0000	5
		_I2C_MasterIsNack		CODE           	0393	0000	6
		_I2C_SetDataCompleteCallback		CODE           	0315	0000	13
		_I2C_DO_RX_NACK_RESTART		CODE           	039E	0000	5
		_I2C_MasterSendAck		CODE           	03D3	0000	4
		_I2C_MasterFsm 		CODE           	01C9	0000	43
		_I2C_MasterIsr 		CODE           	03CF	0000	4
		_I2C_MasterSetIrq		CODE           	03E6	0000	3
		_I2C_DO_SEND_RESTART_READ		CODE           	03BC	0000	5
		_I2C_Initialize		CODE           	032E	0000	10
		_I2C_SetBuffer 		CODE           	0305	0000	16
		_I2C_MasterSendTxData		CODE           	03C6	0000	5
		_I2C_MasterStop		CODE           	03EF	0000	3

mcc_generated_files/i2c_master.c estimated size: 480

mcc_generated_files/eusart.c
		_EUSART_SetRxInterruptHandler		CODE           	0341	0000	9
		_EUSART_SetTxInterruptHandler		CODE           	0338	0000	9
		_EUSART_DefaultOverrunErrorHandler		CODE           	03DB	0000	4
		_EUSART_DefaultErrorHandler		CODE           	03DF	0000	4
		_EUSART_Transmit_ISR		CODE           	021A	0000	34
		_EUSART_Initialize		CODE           	00F1	0000	67
		_EUSART_SetFramingErrorHandler		CODE           	0353	0000	9
		_EUSART_SetErrorHandler		CODE           	035C	0000	9
		_EUSART_SetOverrunErrorHandler		CODE           	034A	0000	9
		_EUSART_Receive_ISR		CODE           	0134	0000	58
		_EUSART_RxDataHandler		CODE           	027C	0000	26
		_EUSART_DefaultFramingErrorHandler		CODE           	03F9	0000	1

mcc_generated_files/eusart.c estimated size: 239

main.c
		_main          		CODE           	036E	0000	8

main.c estimated size: 8

