Microchip MPLAB XC8 Compiler V2.32

Linker command line:

-W-3 --edf=C:\Program Files\Microchip\xc8\v2.32\pic\dat\en_msgs.txt -cn \
  -h+dist/default/production\commutateur.X.production.sym \
  --cmf=dist/default/production\commutateur.X.production.cmf -z -Q16F1939 \
  -oC:\Users\Michel\AppData\Local\Temp\xcAsrk0.4 --defsym=__MPLAB_BUILD=1 \
  -Mdist/default/production/commutateur.X.production.map -E1 \
  -ver=XC8 Compiler --acfsm=1493 -ASTACK=020C0h-023EFh -pstack=STACK \
  -ACODE=00h-07FFhx8 -ASTRCODE=00h-03FFFh -ASTRING=00h-0FFhx64 \
  -ACONST=00h-0FFhx64 -AENTRY=00h-0FFhx64 -ACOMMON=070h-07Fh \
  -ABANK0=020h-06Fh -ABANK1=0A0h-0EFh -ABANK2=0120h-016Fh \
  -ABANK3=01A0h-01EFh -ABANK4=0220h-026Fh -ABANK5=02A0h-02EFh \
  -ABANK6=0320h-036Fh -ABANK7=03A0h-03EFh -ABANK8=0420h-046Fh \
  -ABANK9=04A0h-04EFh -ABANK10=0520h-056Fh -ABANK11=05A0h-05EFh \
  -ABANK12=0620h-064Fh -ABIGRAM=02000h-023EFh \
  -ARAM=020h-06Fh,0A0h-0EFh,0120h-016Fh,01A0h-01EFh,0220h-026Fh,02A0h-02EFh,0320h-036Fh,03A0h-03EFh,0420h-046Fh,04A0h-04EFh,0520h-056Fh,05A0h-05EFh,0620h-064Fh \
  -AABS1=020h-07Fh,0A0h-0EFh,0120h-016Fh,01A0h-01EFh,0220h-026Fh,02A0h-02EFh,0320h-036Fh,03A0h-03EFh,0420h-046Fh,04A0h-04EFh,0520h-056Fh,05A0h-05EFh,0620h-064Fh \
  -ASFR0=00h-01Fh -ASFR1=080h-09Fh -ASFR2=0100h-011Fh -ASFR3=0180h-019Fh \
  -ASFR4=0200h-021Fh -ASFR5=0280h-029Fh -ASFR6=0300h-031Fh \
  -ASFR7=0380h-039Fh -ASFR8=0400h-041Fh -ASFR9=0480h-049Fh \
  -ASFR10=0500h-051Fh -ASFR11=0580h-059Fh -ASFR12=0600h-061Fh \
  -ASFR13=0680h-06EFh -ASFR14=0700h-076Fh -ASFR15=0780h-07EFh \
  -ASFR16=0800h-086Fh -ASFR17=0880h-08EFh -ASFR18=0900h-096Fh \
  -ASFR19=0980h-09EFh -ASFR20=0A00h-0A6Fh -ASFR21=0A80h-0AEFh \
  -ASFR22=0B00h-0B6Fh -ASFR23=0B80h-0BEFh -ASFR24=0C00h-0C6Fh \
  -ASFR25=0C80h-0CEFh -ASFR26=0D00h-0D6Fh -ASFR27=0D80h-0DEFh \
  -ASFR28=0E00h-0E6Fh -ASFR29=0E80h-0EEFh -ASFR30=0F00h-0F6Fh \
  -ASFR31=0F80h-0FEFh -ACONFIG=08007h-08008h -DCONFIG=2 \
  -AIDLOC=08000h-08003h -DIDLOC=2 -AEEDATA=00h-0FFh/0F000h \
  -peeprom_data=EEDATA -DEEDATA=2 -DCODE=2 -DSTRCODE=2 -DSTRING=2 -DCONST=2 \
  -DENTRY=2 -preset_vec=00h,intentry=04h,init,end_init -ppowerup=CODE \
  -pcinit=CODE -pfunctab=ENTRY -k \
  C:\Users\Michel\AppData\Local\Temp\xcAsrk0.o \
  dist/default/production\commutateur.X.production.o 

Object code version is 3.11

Machine type is 16F1939



                Name                               Link     Load   Length Selector   Space Scale
C:\Users\Michel\AppData\Local\Temp\xcAsrk0.o
                end_init                             47       47        2        8       0
                reset_vec                             0        0        2        0       0
                config                             8007     8007        2        0       4
                idloc                              8000     8000        4        0       5
dist/default/production\commutateur.X.production.o
                cinit                                49       49       1C        8       0
                intentry                              4        4       43        8       0
                config                             8007     8007        2        0       4
                idloc                              8000     8000        4        0       5
                text67                              5BA      5BA       1A      9B0       0
                text66                              7AB      7AB        4      E14       0
                text65                              7C5      7C5        1      E14       0
                text64                              7A7      7A7        4      E14       0
                text63                              3EA      3EA       3A        8       0
                text62                              57C      57C       22      9B0       0
                text61                              7BE      7BE        3      E14       0
                text60                              7BB      7BB        3      E14       0
                text59                              655      655       10      9B0       0
                text58                              556      556       26      9B0       0
                text57                              681      681        D      9B0       0
                text56                              644      644       11      9B0       0
                text55                              633      633       11      9B0       0
                text54                              622      622       11      9B0       0
                text53                              611      611       11      9B0       0
                text52                              5D4      5D4       18      9B0       0
                text51                              7C3      7C3        2      E14       0
                text50                              7C1      7C1        2      E14       0
                text49                              7B8      7B8        3      E14       0
                text48                              7A3      7A3        4      E14       0
                text47                              7B5      7B5        3      E14       0
                text46                              79F      79F        4      E14       0
                text45                              792      792        5      E14       0
                text44                              75F      75F        6      E14       0
                text43                              7B2      7B2        3      E14       0
                text42                              424      424       2F        8       0
                text41                              78D      78D        5      E14       0
                text40                              714      714        9      E14       0
                text39                              725      725        8      E14       0
                text38                              2C9      2C9       55        8       0
                text37                              31E      31E       46        8       0
                text36                              734      734        7      E14       0
                text35                              788      788        5      E14       0
                text34                              783      783        5      E14       0
                text33                              77E      77E        5      E14       0
                text32                              779      779        5      E14       0
                text31                              774      774        5      E14       0
                text30                              76F      76F        5      E14       0
                text29                              76A      76A        5      E14       0
                text28                              765      765        5      E14       0
                text27                              481      481       2C        8       0
                text26                              7AF      7AF        3      E14       0
                text25                              453      453       2E        8       0
                text24                              79B      79B        4      E14       0
                text22                              503      503       2B      9B0       0
                text21                              71D      71D        8      E14       0
                text20                              759      759        6      E14       0
                text19                              753      753        6      E14       0
                text18                              74D      74D        6      E14       0
                text17                              747      747        6      E14       0
                text16                              741      741        6      E14       0
                text15                              364      364       45        8       0
                text14                              70A      70A        A      E14       0
                text13                              68E      68E        C      9B0       0
                text12                              59E      59E       1C      9B0       0
                text11                              797      797        4      E14       0
                text10                              5EC      5EC       13      9B0       0
                text9                               4D8      4D8       2B      9B0       0
                text8                               72D      72D        7      E14       0
                text7                               3A9      3A9       41        8       0
                text6                               1E2      1E2       7C        8       0
                text5                               52E      52E       28      9B0       0
                text4                               5FF      5FF       12      9B0       0
                text3                               673      673        E      9B0       0
                text2                               665      665        E      9B0       0
                text1                                65       65      17D        8       0
                maintext                            25E      25E       6B        8       0
                cstackBANK0                          20       20       2D       20       1
                cstackCOMMON                         70       70        D       70       1
                clrtext                             73B      73B        6      E14       0
                bssBANK2                            120      120       20      120       1
                bssBANK1                             A0       A0       35       A0       1
                bssBANK0                             4D       4D       1D       20       1
                stringtext12                        700      700        A      D34       0
                stringtext11                        6F6      6F6        A      D34       0
                stringtext10                        6EC      6EC        A      D34       0
                stringtext9                         6E2      6E2        A      D34       0
                stringtext8                         6D8      6D8        A      D34       0
                stringtext7                         6CE      6CE        A      D34       0
                stringtext6                         6C4      6C4        A      D34       0
                stringtext5                         6BA      6BA        A      D34       0
                stringtext4                         6B0      6B0        A      D34       0
                stringtext3                         6A5      6A5        B      D34       0
                stringtext2                         69A      69A        B      D34       0
                stringtext1                         4AD      4AD       2B      95A       0

TOTAL           Name                               Link     Load   Length     Space
        CLASS   STACK          

        CLASS   CODE           
                end_init                             47       47        2         0
                cinit                                49       49       1C         0
                intentry                              4        4       43         0
                reset_vec                             0        0        2         0
                text67                              5BA      5BA       1A         0
                text66                              7AB      7AB        4         0
                text65                              7C5      7C5        1         0
                text64                              7A7      7A7        4         0
                text63                              3EA      3EA       3A         0
                text62                              57C      57C       22         0
                text61                              7BE      7BE        3         0
                text60                              7BB      7BB        3         0
                text59                              655      655       10         0
                text58                              556      556       26         0
                text57                              681      681        D         0
                text56                              644      644       11         0
                text55                              633      633       11         0
                text54                              622      622       11         0
                text53                              611      611       11         0
                text52                              5D4      5D4       18         0
                text51                              7C3      7C3        2         0
                text50                              7C1      7C1        2         0
                text49                              7B8      7B8        3         0
                text48                              7A3      7A3        4         0
                text47                              7B5      7B5        3         0
                text46                              79F      79F        4         0
                text45                              792      792        5         0
                text44                              75F      75F        6         0
                text43                              7B2      7B2        3         0
                text42                              424      424       2F         0
                text41                              78D      78D        5         0
                text40                              714      714        9         0
                text39                              725      725        8         0
                text38                              2C9      2C9       55         0
                text37                              31E      31E       46         0
                text36                              734      734        7         0
                text35                              788      788        5         0
                text34                              783      783        5         0
                text33                              77E      77E        5         0
                text32                              779      779        5         0
                text31                              774      774        5         0
                text30                              76F      76F        5         0
                text29                              76A      76A        5         0
                text28                              765      765        5         0
                text27                              481      481       2C         0
                text26                              7AF      7AF        3         0
                text25                              453      453       2E         0
                text24                              79B      79B        4         0
                text22                              503      503       2B         0
                text21                              71D      71D        8         0
                text20                              759      759        6         0
                text19                              753      753        6         0
                text18                              74D      74D        6         0
                text17                              747      747        6         0
                text16                              741      741        6         0
                text15                              364      364       45         0
                text14                              70A      70A        A         0
                text13                              68E      68E        C         0
                text12                              59E      59E       1C         0
                text11                              797      797        4         0
                text10                              5EC      5EC       13         0
                text9                               4D8      4D8       2B         0
                text8                               72D      72D        7         0
                text7                               3A9      3A9       41         0
                text6                               1E2      1E2       7C         0
                text5                               52E      52E       28         0
                text4                               5FF      5FF       12         0
                text3                               673      673        E         0
                text2                               665      665        E         0
                text1                                65       65      17D         0
                maintext                            25E      25E       6B         0
                clrtext                             73B      73B        6         0

        CLASS   STRCODE        
                stringtext12                        700      700        A         0
                stringtext11                        6F6      6F6        A         0
                stringtext10                        6EC      6EC        A         0
                stringtext9                         6E2      6E2        A         0
                stringtext8                         6D8      6D8        A         0
                stringtext7                         6CE      6CE        A         0
                stringtext6                         6C4      6C4        A         0
                stringtext5                         6BA      6BA        A         0
                stringtext4                         6B0      6B0        A         0
                stringtext3                         6A5      6A5        B         0
                stringtext2                         69A      69A        B         0
                stringtext1                         4AD      4AD       2B         0

        CLASS   STRING         

        CLASS   CONST          

        CLASS   ENTRY          

        CLASS   COMMON         
                cstackCOMMON                         70       70        D         1

        CLASS   BANK0          
                cstackBANK0                          20       20       2D         1
                bssBANK0                             4D       4D       1D         1

        CLASS   BANK1          
                bssBANK1                             A0       A0       35         1

        CLASS   BANK2          
                bssBANK2                            120      120       20         1

        CLASS   BANK3          

        CLASS   BANK4          

        CLASS   BANK5          

        CLASS   BANK6          

        CLASS   BANK7          

        CLASS   BANK8          

        CLASS   BANK9          

        CLASS   BANK10         

        CLASS   BANK11         

        CLASS   BANK12         

        CLASS   BIGRAM         

        CLASS   RAM            

        CLASS   ABS1           
                abs_s1                               7E       7E        2         1

        CLASS   SFR0           

        CLASS   SFR1           

        CLASS   SFR2           

        CLASS   SFR3           

        CLASS   SFR4           

        CLASS   SFR5           

        CLASS   SFR6           

        CLASS   SFR7           

        CLASS   SFR8           

        CLASS   SFR9           

        CLASS   SFR10          

        CLASS   SFR11          

        CLASS   SFR12          

        CLASS   SFR13          

        CLASS   SFR14          

        CLASS   SFR15          

        CLASS   SFR16          

        CLASS   SFR17          

        CLASS   SFR18          

        CLASS   SFR19          

        CLASS   SFR20          

        CLASS   SFR21          

        CLASS   SFR22          

        CLASS   SFR23          

        CLASS   SFR24          

        CLASS   SFR25          

        CLASS   SFR26          

        CLASS   SFR27          

        CLASS   SFR28          

        CLASS   SFR29          

        CLASS   SFR30          

        CLASS   SFR31          

        CLASS   CONFIG         
                config                             8007     8007        2         4

        CLASS   IDLOC          
                idloc                              8000     8000        4         5

        CLASS   EEDATA         

        CLASS   BANK31         

        CLASS   BANK30         

        CLASS   BANK29         

        CLASS   BANK28         

        CLASS   BANK27         

        CLASS   BANK26         

        CLASS   BANK25         

        CLASS   BANK24         

        CLASS   BANK23         

        CLASS   BANK22         

        CLASS   BANK21         

        CLASS   BANK20         

        CLASS   BANK19         

        CLASS   BANK18         

        CLASS   BANK17         

        CLASS   BANK16         

        CLASS   BANK15         

        CLASS   BANK14         

        CLASS   BANK13         



SEGMENTS        Name                           Load    Length   Top    Selector   Space  Class     Delta

                reset_vec                      000000  000002  000002         0       0  CODE        2
                intentry                       000004  0004A9  0004AD         8       0  CODE        2
                cstackBANK0                    000020  00004A  00006A        20       1  BANK0       1
                cstackCOMMON                   000070  00000D  00007D        70       1  COMMON      1
                bssBANK1                       0000A0  000035  0000D5        A0       1  BANK1       1
                bssBANK2                       000120  000020  000140       120       1  BANK2       1
                stringtext1                    0004AD  00002B  0004D8       95A       0  STRCODE     2
                text9                          0004D8  0001C2  00069A       9B0       0  CODE        2
                stringtext2                    00069A  000070  00070A       D34       0  STRCODE     2
                text14                         00070A  0000BC  0007C6       E14       0  CODE        2


UNUSED ADDRESS RANGES

        Name                Unused          Largest block    Delta
        BANK0            0006A-0006F               6           1
        BANK1            000D5-000EF              1B           1
        BANK10           00520-0056F              50           1
        BANK11           005A0-005EF              50           1
        BANK12           00620-0064F              30           1
        BANK2            00140-0016F              30           1
        BANK3            001A0-001EF              50           1
        BANK4            00220-0026F              50           1
        BANK5            002A0-002EF              50           1
        BANK6            00320-0036F              50           1
        BANK7            003A0-003EF              50           1
        BANK8            00420-0046F              50           1
        BANK9            004A0-004EF              50           1
        BIGRAM           02000-023EF             3F0           1
        CODE             00002-00003               2           2
                         007C6-03FFF             800
        COMMON           0007D-0007D               1           1
        CONST            00002-00003               2           2
                         007C6-03FFF             100
        EEDATA           0F000-0F0FF             100           2
        ENTRY            00002-00003               2           2
                         007C6-03FFF             100
        RAM              0006A-0006F               6           1
                         000D5-000EF              1B
                         00140-0016F              30
                         001A0-001EF              50
                         00220-0026F              50
                         002A0-002EF              50
                         00320-0036F              50
                         003A0-003EF              50
                         00420-0046F              50
                         004A0-004EF              50
                         00520-0056F              50
                         005A0-005EF              50
                         00620-0064F              30
        SFR0             00000-0001F              20           1
        SFR1             00080-0009F              20           1
        SFR10            00500-0051F              20           1
        SFR11            00580-0059F              20           1
        SFR12            00600-0061F              20           1
        SFR13            00680-006EF              70           1
        SFR14            00700-0076F              70           1
        SFR15            00780-007EF              70           1
        SFR16            00800-0086F              70           1
        SFR17            00880-008EF              70           1
        SFR18            00900-0096F              70           1
        SFR19            00980-009EF              70           1
        SFR2             00100-0011F              20           1
        SFR20            00A00-00A6F              70           1
        SFR21            00A80-00AEF              70           1
        SFR22            00B00-00B6F              70           1
        SFR23            00B80-00BEF              70           1
        SFR24            00C00-00C6F              70           1
        SFR25            00C80-00CEF              70           1
        SFR26            00D00-00D6F              70           1
        SFR27            00D80-00DEF              70           1
        SFR28            00E00-00E6F              70           1
        SFR29            00E80-00EEF              70           1
        SFR3             00180-0019F              20           1
        SFR30            00F00-00F6F              70           1
        SFR31            00F80-00FEF              70           1
        SFR4             00200-0021F              20           1
        SFR5             00280-0029F              20           1
        SFR6             00300-0031F              20           1
        SFR7             00380-0039F              20           1
        SFR8             00400-0041F              20           1
        SFR9             00480-0049F              20           1
        STACK            020C0-023EF             330           1
        STRCODE          00002-00003               2           2
                         007C6-03FFF            383A
        STRING           00002-00003               2           2
                         007C6-03FFF             100

                                  Symbol Table

?_printf                                       cstackBANK0  0003E
?_vfpfcnvrt                                    cstackBANK0  0002E
?_vfprintf                                     cstackBANK0  00036
EUSART_Read@readValue                          cstackBANK0  00024
EUSART_SetErrorHandler@interruptHandler        cstackBANK0  00023
EUSART_SetFramingErrorHandler@interruptHandler cstackBANK0  00023
EUSART_SetOverrunErrorHandler@interruptHandler cstackBANK0  00023
EUSART_SetRxInterruptHandler@interruptHandler  cstackBANK0  00023
EUSART_SetTxInterruptHandler@interruptHandler  cstackBANK0  00023
EUSART_Write@txData                            cstackBANK0  00024
I2C_CallbackReturnReset@funPtr                 cstackCOMMON 00079
I2C_MasterSendTxData@data                      cstackCOMMON 00070
I2C_SetBuffer@buffer                           cstackCOMMON 00073
I2C_SetBuffer@bufferSize                       cstackCOMMON 00070
I2C_SetCallback@cb                             cstackCOMMON 00070
I2C_SetCallback@idx                            cstackCOMMON 00074
I2C_SetCallback@ptr                            cstackCOMMON 00072
I2C_SetDataCompleteCallback@cb                 cstackCOMMON 00075
I2C_SetDataCompleteCallback@ptr                cstackCOMMON 00077
_ADCON0                                        (abs)        0009D
_ADCON0bits                                    (abs)        0009D
_ADCON1                                        (abs)        0009E
_ADC_Initialize                                text21       0071D
_ADRESH                                        (abs)        0009C
_ADRESL                                        (abs)        0009B
_ANSELA                                        (abs)        0018C
_ANSELB                                        (abs)        0018D
_ANSELD                                        (abs)        0018F
_ANSELE                                        (abs)        00190
_APFCON                                        (abs)        0011D
_BAUDCON                                       (abs)        0019F
_BORCON                                        (abs)        00116
_EEADRH                                        (abs)        00192
_EEADRL                                        (abs)        00191
_EECON1bits                                    (abs)        00195
_EECON2                                        (abs)        00196
_EEDATH                                        (abs)        00194
_EEDATL                                        (abs)        00193
_EUSART_DefaultErrorHandler                    text66       007AB
_EUSART_DefaultFramingErrorHandler             text65       007C5
_EUSART_DefaultOverrunErrorHandler             text64       007A7
_EUSART_ErrorHandler                           bssBANK0     00055
_EUSART_FramingErrorHandler                    bssBANK0     00059
_EUSART_Initialize                             text15       00364
_EUSART_OverrunErrorHandler                    bssBANK0     00057
_EUSART_Read                                   text22       00503
_EUSART_Receive_ISR                            text63       003EA
_EUSART_RxDataHandler                          text67       005BA
_EUSART_RxDefaultInterruptHandler              bssBANK0     0005B
_EUSART_SetErrorHandler                        text20       00759
_EUSART_SetFramingErrorHandler                 text19       00753
_EUSART_SetOverrunErrorHandler                 text18       0074D
_EUSART_SetRxInterruptHandler                  text17       00747
_EUSART_SetTxInterruptHandler                  text16       00741
_EUSART_Transmit_ISR                           text62       0057C
_EUSART_TxDefaultInterruptHandler              bssBANK0     0005D
_EUSART_Write                                  text9        004D8
_I2C_CallbackReturnReset                       text50       007C1
_I2C_CallbackReturnStop                        text51       007C3
_I2C_DO_ADDRESS_NACK                           text27       00481
_I2C_DO_IDLE                                   text41       0078D
_I2C_DO_RCEN                                   text36       00734
_I2C_DO_RESET                                  text28       00765
_I2C_DO_RX                                     text37       0031E
_I2C_DO_RX_ACK                                 text31       00774
_I2C_DO_RX_NACK_RESTART                        text29       0076A
_I2C_DO_RX_NACK_STOP                           text30       0076F
_I2C_DO_SEND_ADR_READ                          text40       00714
_I2C_DO_SEND_ADR_WRITE                         text39       00725
_I2C_DO_SEND_RESTART                           text33       0077E
_I2C_DO_SEND_RESTART_READ                      text35       00788
_I2C_DO_SEND_RESTART_WRITE                     text34       00783
_I2C_DO_SEND_STOP                              text32       00779
_I2C_DO_TX                                     text38       002C9
_I2C_DO_TX_EMPTY                               text42       00424
_I2C_Initialize                                text14       0070A
_I2C_MasterClearIrq                            text26       007AF
_I2C_MasterEnableRestart                       text61       007BE
_I2C_MasterFsm                                 text25       00453
_I2C_MasterGetRxData                           text47       007B5
_I2C_MasterIsNack                              text44       0075F
_I2C_MasterIsr                                 text24       0079B
_I2C_MasterSendAck                             text46       0079F
_I2C_MasterSendNack                            text48       007A3
_I2C_MasterSendTxData                          text45       00792
_I2C_MasterSetIrq                              text43       007B2
_I2C_MasterStartRx                             text49       007B8
_I2C_MasterStop                                text60       007BB
_I2C_SetBuffer                                 text59       00655
_I2C_SetCallback                               text58       00556
_I2C_SetDataCompleteCallback                   text57       00681
_I2C_Status                                    bssBANK1     000A0
_INTCONbits                                    (abs)        0000B
_INTERRUPT_InterruptManager                    intentry     00004
_LATA                                          (abs)        0010C
_LATAbits                                      (abs)        0010C
_LATB                                          (abs)        0010D
_LATBbits                                      (abs)        0010D
_LATC                                          (abs)        0010E
_LATD                                          (abs)        0010F
_LATE                                          (abs)        00110
_MSSP_InterruptHandler                         bssBANK0     00061
_OPTION_REGbits                                (abs)        00095
_OSCCON                                        (abs)        00099
_OSCILLATOR_Initialize                         text13       0068E
_OSCTUNE                                       (abs)        00098
_PIE1bits                                      (abs)        00091
_PIE2bits                                      (abs)        00092
_PIN_MANAGER_Initialize                        text12       0059E
_PIR1bits                                      (abs)        00011
_PIR2bits                                      (abs)        00012
_PLLR                                          (abs)        004D6
_PORTCbits                                     (abs)        0000E
_RCREG                                         (abs)        00199
_RCSTA                                         (abs)        0019D
_RCSTAbits                                     (abs)        0019D
_SPBRGH                                        (abs)        0019C
_SPBRGL                                        (abs)        0019B
_SSPADD                                        (abs)        00212
_SSPBUF                                        (abs)        00211
_SSPCON1                                       (abs)        00215
_SSPCON1bits                                   (abs)        00215
_SSPCON2                                       (abs)        00216
_SSPCON2bits                                   (abs)        00216
_SSPSTAT                                       (abs)        00214
_SSPSTATbits                                   (abs)        00214
_SYSTEM_Initialize                             text10       005EC
_TRISA                                         (abs)        0008C
_TRISB                                         (abs)        0008D
_TRISC                                         (abs)        0008E
_TRISD                                         (abs)        0008F
_TRISE                                         (abs)        00090
_TXREG                                         (abs)        0019A
_TXSTA                                         (abs)        0019E
_TXSTAbits                                     (abs)        0019E
_WDTCON                                        (abs)        00097
_WDT_Initialize                                text11       00797
_WPUB                                          (abs)        0020D
_WPUE                                          (abs)        00210
__Habs1                                        abs1         00000
__Hbank0                                       bank0        00000
__Hbank1                                       bank1        00000
__Hbank10                                      bank10       00000
__Hbank11                                      bank11       00000
__Hbank12                                      bank12       00000
__Hbank13                                      bank13       00000
__Hbank14                                      bank14       00000
__Hbank15                                      bank15       00000
__Hbank16                                      bank16       00000
__Hbank17                                      bank17       00000
__Hbank18                                      bank18       00000
__Hbank19                                      bank19       00000
__Hbank2                                       bank2        00000
__Hbank20                                      bank20       00000
__Hbank21                                      bank21       00000
__Hbank22                                      bank22       00000
__Hbank23                                      bank23       00000
__Hbank24                                      bank24       00000
__Hbank25                                      bank25       00000
__Hbank26                                      bank26       00000
__Hbank27                                      bank27       00000
__Hbank28                                      bank28       00000
__Hbank29                                      bank29       00000
__Hbank3                                       bank3        00000
__Hbank30                                      bank30       00000
__Hbank31                                      bank31       00000
__Hbank4                                       bank4        00000
__Hbank5                                       bank5        00000
__Hbank6                                       bank6        00000
__Hbank7                                       bank7        00000
__Hbank8                                       bank8        00000
__Hbank9                                       bank9        00000
__Hbigram                                      bigram       00000
__HbssBANK0                                    bssBANK0     00000
__HbssBANK1                                    bssBANK1     00000
__HbssBANK2                                    bssBANK2     00000
__Hcinit                                       cinit        00065
__Hclrtext                                     clrtext      00000
__Hcode                                        code         00000
__Hcommon                                      common       00000
__Hconfig                                      config       08009
__HcstackBANK0                                 cstackBANK0  00000
__HcstackCOMMON                                cstackCOMMON 00000
__Heeprom_data                                 eeprom_data  00000
__Hend_init                                    end_init     00049
__Hfunctab                                     functab      00000
__Hidloc                                       idloc        08004
__Hinit                                        init         00047
__Hintentry                                    intentry     00047
__Hmaintext                                    maintext     00000
__Hpowerup                                     powerup      00000
__Hram                                         ram          00000
__Hreset_vec                                   reset_vec    00002
__Hsfr0                                        sfr0         00000
__Hsfr1                                        sfr1         00000
__Hsfr10                                       sfr10        00000
__Hsfr11                                       sfr11        00000
__Hsfr12                                       sfr12        00000
__Hsfr13                                       sfr13        00000
__Hsfr14                                       sfr14        00000
__Hsfr15                                       sfr15        00000
__Hsfr16                                       sfr16        00000
__Hsfr17                                       sfr17        00000
__Hsfr18                                       sfr18        00000
__Hsfr19                                       sfr19        00000
__Hsfr2                                        sfr2         00000
__Hsfr20                                       sfr20        00000
__Hsfr21                                       sfr21        00000
__Hsfr22                                       sfr22        00000
__Hsfr23                                       sfr23        00000
__Hsfr24                                       sfr24        00000
__Hsfr25                                       sfr25        00000
__Hsfr26                                       sfr26        00000
__Hsfr27                                       sfr27        00000
__Hsfr28                                       sfr28        00000
__Hsfr29                                       sfr29        00000
__Hsfr3                                        sfr3         00000
__Hsfr30                                       sfr30        00000
__Hsfr31                                       sfr31        00000
__Hsfr4                                        sfr4         00000
__Hsfr5                                        sfr5         00000
__Hsfr6                                        sfr6         00000
__Hsfr7                                        sfr7         00000
__Hsfr8                                        sfr8         00000
__Hsfr9                                        sfr9         00000
__Hspace_0                                     (abs)        007C6
__Hspace_1                                     (abs)        00140
__Hspace_2                                     (abs)        00000
__Hspace_3                                     (abs)        00000
__Hspace_4                                     (abs)        10010
__Hstack                                       stack        00000
__Hstrings                                     strings      00000
__Hstringtext1                                 stringtext1  00000
__Hstringtext10                                stringtext10 00000
__Hstringtext11                                stringtext11 00000
__Hstringtext12                                stringtext12 00000
__Hstringtext13                                stringtext13 00000
__Hstringtext2                                 stringtext2  00000
__Hstringtext3                                 stringtext3  00000
__Hstringtext4                                 stringtext4  00000
__Hstringtext5                                 stringtext5  00000
__Hstringtext6                                 stringtext6  00000
__Hstringtext7                                 stringtext7  00000
__Hstringtext8                                 stringtext8  00000
__Hstringtext9                                 stringtext9  00000
__Htext                                        text         00000
__Labs1                                        abs1         00000
__Lbank0                                       bank0        00000
__Lbank1                                       bank1        00000
__Lbank10                                      bank10       00000
__Lbank11                                      bank11       00000
__Lbank12                                      bank12       00000
__Lbank13                                      bank13       00000
__Lbank14                                      bank14       00000
__Lbank15                                      bank15       00000
__Lbank16                                      bank16       00000
__Lbank17                                      bank17       00000
__Lbank18                                      bank18       00000
__Lbank19                                      bank19       00000
__Lbank2                                       bank2        00000
__Lbank20                                      bank20       00000
__Lbank21                                      bank21       00000
__Lbank22                                      bank22       00000
__Lbank23                                      bank23       00000
__Lbank24                                      bank24       00000
__Lbank25                                      bank25       00000
__Lbank26                                      bank26       00000
__Lbank27                                      bank27       00000
__Lbank28                                      bank28       00000
__Lbank29                                      bank29       00000
__Lbank3                                       bank3        00000
__Lbank30                                      bank30       00000
__Lbank31                                      bank31       00000
__Lbank4                                       bank4        00000
__Lbank5                                       bank5        00000
__Lbank6                                       bank6        00000
__Lbank7                                       bank7        00000
__Lbank8                                       bank8        00000
__Lbank9                                       bank9        00000
__Lbigram                                      bigram       00000
__LbssBANK0                                    bssBANK0     00000
__LbssBANK1                                    bssBANK1     00000
__LbssBANK2                                    bssBANK2     00000
__Lcinit                                       cinit        00049
__Lclrtext                                     clrtext      00000
__Lcode                                        code         00000
__Lcommon                                      common       00000
__Lconfig                                      config       00000
__LcstackBANK0                                 cstackBANK0  00000
__LcstackCOMMON                                cstackCOMMON 00000
__Leeprom_data                                 eeprom_data  00000
__Lend_init                                    end_init     00047
__Lfunctab                                     functab      00000
__Lidloc                                       idloc        00000
__Linit                                        init         00047
__Lintentry                                    intentry     00004
__Lmaintext                                    maintext     00000
__Lpowerup                                     powerup      00000
__Lram                                         ram          00000
__Lreset_vec                                   reset_vec    00000
__Lsfr0                                        sfr0         00000
__Lsfr1                                        sfr1         00000
__Lsfr10                                       sfr10        00000
__Lsfr11                                       sfr11        00000
__Lsfr12                                       sfr12        00000
__Lsfr13                                       sfr13        00000
__Lsfr14                                       sfr14        00000
__Lsfr15                                       sfr15        00000
__Lsfr16                                       sfr16        00000
__Lsfr17                                       sfr17        00000
__Lsfr18                                       sfr18        00000
__Lsfr19                                       sfr19        00000
__Lsfr2                                        sfr2         00000
__Lsfr20                                       sfr20        00000
__Lsfr21                                       sfr21        00000
__Lsfr22                                       sfr22        00000
__Lsfr23                                       sfr23        00000
__Lsfr24                                       sfr24        00000
__Lsfr25                                       sfr25        00000
__Lsfr26                                       sfr26        00000
__Lsfr27                                       sfr27        00000
__Lsfr28                                       sfr28        00000
__Lsfr29                                       sfr29        00000
__Lsfr3                                        sfr3         00000
__Lsfr30                                       sfr30        00000
__Lsfr31                                       sfr31        00000
__Lsfr4                                        sfr4         00000
__Lsfr5                                        sfr5         00000
__Lsfr6                                        sfr6         00000
__Lsfr7                                        sfr7         00000
__Lsfr8                                        sfr8         00000
__Lsfr9                                        sfr9         00000
__Lspace_0                                     (abs)        00000
__Lspace_1                                     (abs)        00000
__Lspace_2                                     (abs)        00000
__Lspace_3                                     (abs)        00000
__Lspace_4                                     (abs)        00000
__Lstack                                       stack        00000
__Lstrings                                     strings      00000
__Lstringtext1                                 stringtext1  00000
__Lstringtext10                                stringtext10 00000
__Lstringtext11                                stringtext11 00000
__Lstringtext12                                stringtext12 00000
__Lstringtext13                                stringtext13 00000
__Lstringtext2                                 stringtext2  00000
__Lstringtext3                                 stringtext3  00000
__Lstringtext4                                 stringtext4  00000
__Lstringtext5                                 stringtext5  00000
__Lstringtext6                                 stringtext6  00000
__Lstringtext7                                 stringtext7  00000
__Lstringtext8                                 stringtext8  00000
__Lstringtext9                                 stringtext9  00000
__Ltext                                        text         00000
__S0                                           (abs)        007C6
__S1                                           (abs)        00140
__S2                                           (abs)        00000
__S3                                           (abs)        00000
___int_sp                                      stack        00000
___latbits                                     (abs)        00003
___sp                                          stack        00000
___stackhi                                     (abs)        023EF
___stacklo                                     (abs)        020C0
__end_of_ADC_Initialize                        text21       00725
__end_of_EUSART_DefaultErrorHandler            text66       007AF
__end_of_EUSART_DefaultFramingErrorHandler     text65       007C6
__end_of_EUSART_DefaultOverrunErrorHandler     text64       007AB
__end_of_EUSART_Initialize                     text15       003A9
__end_of_EUSART_Read                           text22       0052E
__end_of_EUSART_Receive_ISR                    text63       00424
__end_of_EUSART_RxDataHandler                  text67       005D4
__end_of_EUSART_SetErrorHandler                text20       0075F
__end_of_EUSART_SetFramingErrorHandler         text19       00759
__end_of_EUSART_SetOverrunErrorHandler         text18       00753
__end_of_EUSART_SetRxInterruptHandler          text17       0074D
__end_of_EUSART_SetTxInterruptHandler          text16       00747
__end_of_EUSART_Transmit_ISR                   text62       0059E
__end_of_EUSART_Write                          text9        00503
__end_of_I2C_CallbackReturnReset               text50       007C3
__end_of_I2C_CallbackReturnStop                text51       007C5
__end_of_I2C_DO_ADDRESS_NACK                   text27       004AD
__end_of_I2C_DO_IDLE                           text41       00792
__end_of_I2C_DO_RCEN                           text36       0073B
__end_of_I2C_DO_RESET                          text28       0076A
__end_of_I2C_DO_RX                             text37       00364
__end_of_I2C_DO_RX_ACK                         text31       00779
__end_of_I2C_DO_RX_NACK_RESTART                text29       0076F
__end_of_I2C_DO_RX_NACK_STOP                   text30       00774
__end_of_I2C_DO_SEND_ADR_READ                  text40       0071D
__end_of_I2C_DO_SEND_ADR_WRITE                 text39       0072D
__end_of_I2C_DO_SEND_RESTART                   text33       00783
__end_of_I2C_DO_SEND_RESTART_READ              text35       0078D
__end_of_I2C_DO_SEND_RESTART_WRITE             text34       00788
__end_of_I2C_DO_SEND_STOP                      text32       0077E
__end_of_I2C_DO_TX                             text38       0031E
__end_of_I2C_DO_TX_EMPTY                       text42       00453
__end_of_I2C_Initialize                        text14       00714
__end_of_I2C_MasterClearIrq                    text26       007B2
__end_of_I2C_MasterEnableRestart               text61       007C1
__end_of_I2C_MasterFsm                         text25       00481
__end_of_I2C_MasterGetRxData                   text47       007B8
__end_of_I2C_MasterIsNack                      text44       00765
__end_of_I2C_MasterIsr                         text24       0079F
__end_of_I2C_MasterSendAck                     text46       007A3
__end_of_I2C_MasterSendNack                    text48       007A7
__end_of_I2C_MasterSendTxData                  text45       00797
__end_of_I2C_MasterSetIrq                      text43       007B5
__end_of_I2C_MasterStartRx                     text49       007BB
__end_of_I2C_MasterStop                        text60       007BE
__end_of_I2C_SetBuffer                         text59       00665
__end_of_I2C_SetCallback                       text58       0057C
__end_of_I2C_SetDataCompleteCallback           text57       0068E
__end_of_INTERRUPT_InterruptManager            intentry     00047
__end_of_OSCILLATOR_Initialize                 text13       0069A
__end_of_PIN_MANAGER_Initialize                text12       005BA
__end_of_SYSTEM_Initialize                     text10       005FF
__end_of_WDT_Initialize                        text11       0079B
__end_of__initialization                       cinit        00061
__end_of_fputc                                 text7        003EA
__end_of_i2c_fsmStateTable                     stringtext1  004CD
__end_of_main                                  maintext     002C9
__end_of_printf                                text4        00611
__end_of_processActivation                     text1        001E2
__end_of_putch                                 text8        00734
__end_of_rd1RegCompleteHandler                 text55       00644
__end_of_rd2RegCompleteHandler                 text54       00633
__end_of_rdBlkRegCompleteHandler               text52       005EC
__end_of_reset                                 text3        00681
__end_of_test                                  text2        00673
__end_of_vfpfcnvrt                             text6        0025E
__end_of_vfprintf                              text5        00556
__end_of_wr1RegCompleteHandler                 text53       00622
__end_of_wr2RegCompleteHandler                 text56       00655
__initialization                               cinit        00049
__pbssBANK0                                    bssBANK0     0004D
__pbssBANK1                                    bssBANK1     000A0
__pbssBANK2                                    bssBANK2     00120
__pcstackBANK0                                 cstackBANK0  00020
__pcstackCOMMON                                cstackCOMMON 00070
__pintentry                                    intentry     00004
__pmaintext                                    maintext     0025E
__pstringtext1                                 stringtext1  004AD
__pstringtext10                                stringtext10 006EC
__pstringtext11                                stringtext11 006F6
__pstringtext12                                stringtext12 00700
__pstringtext13                                stringtext13 00000
__pstringtext2                                 stringtext2  0069A
__pstringtext3                                 stringtext3  006A5
__pstringtext4                                 stringtext4  006B0
__pstringtext5                                 stringtext5  006BA
__pstringtext6                                 stringtext6  006C4
__pstringtext7                                 stringtext7  006CE
__pstringtext8                                 stringtext8  006D8
__pstringtext9                                 stringtext9  006E2
__ptext1                                       text1        00065
__ptext10                                      text10       005EC
__ptext11                                      text11       00797
__ptext12                                      text12       0059E
__ptext13                                      text13       0068E
__ptext14                                      text14       0070A
__ptext15                                      text15       00364
__ptext16                                      text16       00741
__ptext17                                      text17       00747
__ptext18                                      text18       0074D
__ptext19                                      text19       00753
__ptext2                                       text2        00665
__ptext20                                      text20       00759
__ptext21                                      text21       0071D
__ptext22                                      text22       00503
__ptext24                                      text24       0079B
__ptext25                                      text25       00453
__ptext26                                      text26       007AF
__ptext27                                      text27       00481
__ptext28                                      text28       00765
__ptext29                                      text29       0076A
__ptext3                                       text3        00673
__ptext30                                      text30       0076F
__ptext31                                      text31       00774
__ptext32                                      text32       00779
__ptext33                                      text33       0077E
__ptext34                                      text34       00783
__ptext35                                      text35       00788
__ptext36                                      text36       00734
__ptext37                                      text37       0031E
__ptext38                                      text38       002C9
__ptext39                                      text39       00725
__ptext4                                       text4        005FF
__ptext40                                      text40       00714
__ptext41                                      text41       0078D
__ptext42                                      text42       00424
__ptext43                                      text43       007B2
__ptext44                                      text44       0075F
__ptext45                                      text45       00792
__ptext46                                      text46       0079F
__ptext47                                      text47       007B5
__ptext48                                      text48       007A3
__ptext49                                      text49       007B8
__ptext5                                       text5        0052E
__ptext50                                      text50       007C1
__ptext51                                      text51       007C3
__ptext52                                      text52       005D4
__ptext53                                      text53       00611
__ptext54                                      text54       00622
__ptext55                                      text55       00633
__ptext56                                      text56       00644
__ptext57                                      text57       00681
__ptext58                                      text58       00556
__ptext59                                      text59       00655
__ptext6                                       text6        001E2
__ptext60                                      text60       007BB
__ptext61                                      text61       007BE
__ptext62                                      text62       0057C
__ptext63                                      text63       003EA
__ptext64                                      text64       007A7
__ptext65                                      text65       007C5
__ptext66                                      text66       007AB
__ptext67                                      text67       005BA
__ptext7                                       text7        003A9
__ptext8                                       text8        0072D
__ptext9                                       text9        004D8
__size_of_ADC_Initialize                       (abs)        00000
__size_of_EUSART_DefaultErrorHandler           (abs)        00000
__size_of_EUSART_DefaultFramingErrorHandler    (abs)        00000
__size_of_EUSART_DefaultOverrunErrorHandler    (abs)        00000
__size_of_EUSART_Initialize                    (abs)        00000
__size_of_EUSART_Read                          (abs)        00000
__size_of_EUSART_Receive_ISR                   (abs)        00000
__size_of_EUSART_RxDataHandler                 (abs)        00000
__size_of_EUSART_SetErrorHandler               (abs)        00000
__size_of_EUSART_SetFramingErrorHandler        (abs)        00000
__size_of_EUSART_SetOverrunErrorHandler        (abs)        00000
__size_of_EUSART_SetRxInterruptHandler         (abs)        00000
__size_of_EUSART_SetTxInterruptHandler         (abs)        00000
__size_of_EUSART_Transmit_ISR                  (abs)        00000
__size_of_EUSART_Write                         (abs)        00000
__size_of_I2C_CallbackReturnReset              (abs)        00000
__size_of_I2C_CallbackReturnStop               (abs)        00000
__size_of_I2C_DO_ADDRESS_NACK                  (abs)        00000
__size_of_I2C_DO_IDLE                          (abs)        00000
__size_of_I2C_DO_RCEN                          (abs)        00000
__size_of_I2C_DO_RESET                         (abs)        00000
__size_of_I2C_DO_RX                            (abs)        00000
__size_of_I2C_DO_RX_ACK                        (abs)        00000
__size_of_I2C_DO_RX_NACK_RESTART               (abs)        00000
__size_of_I2C_DO_RX_NACK_STOP                  (abs)        00000
__size_of_I2C_DO_SEND_ADR_READ                 (abs)        00000
__size_of_I2C_DO_SEND_ADR_WRITE                (abs)        00000
__size_of_I2C_DO_SEND_RESTART                  (abs)        00000
__size_of_I2C_DO_SEND_RESTART_READ             (abs)        00000
__size_of_I2C_DO_SEND_RESTART_WRITE            (abs)        00000
__size_of_I2C_DO_SEND_STOP                     (abs)        00000
__size_of_I2C_DO_TX                            (abs)        00000
__size_of_I2C_DO_TX_EMPTY                      (abs)        00000
__size_of_I2C_Initialize                       (abs)        00000
__size_of_I2C_MasterClearIrq                   (abs)        00000
__size_of_I2C_MasterEnableRestart              (abs)        00000
__size_of_I2C_MasterFsm                        (abs)        00000
__size_of_I2C_MasterGetRxData                  (abs)        00000
__size_of_I2C_MasterIsNack                     (abs)        00000
__size_of_I2C_MasterIsr                        (abs)        00000
__size_of_I2C_MasterSendAck                    (abs)        00000
__size_of_I2C_MasterSendNack                   (abs)        00000
__size_of_I2C_MasterSendTxData                 (abs)        00000
__size_of_I2C_MasterSetIrq                     (abs)        00000
__size_of_I2C_MasterStartRx                    (abs)        00000
__size_of_I2C_MasterStop                       (abs)        00000
__size_of_I2C_SetBuffer                        (abs)        00000
__size_of_I2C_SetCallback                      (abs)        00000
__size_of_I2C_SetDataCompleteCallback          (abs)        00000
__size_of_INTERRUPT_InterruptManager           (abs)        00000
__size_of_OSCILLATOR_Initialize                (abs)        00000
__size_of_PIN_MANAGER_Initialize               (abs)        00000
__size_of_SYSTEM_Initialize                    (abs)        00000
__size_of_WDT_Initialize                       (abs)        00000
__size_of_fputc                                (abs)        00000
__size_of_main                                 (abs)        00000
__size_of_printf                               (abs)        00000
__size_of_processActivation                    (abs)        00000
__size_of_putch                                (abs)        00000
__size_of_rd1RegCompleteHandler                (abs)        00000
__size_of_rd2RegCompleteHandler                (abs)        00000
__size_of_rdBlkRegCompleteHandler              (abs)        00000
__size_of_reset                                (abs)        00000
__size_of_test                                 (abs)        00000
__size_of_vfpfcnvrt                            (abs)        00000
__size_of_vfprintf                             (abs)        00000
__size_of_wr1RegCompleteHandler                (abs)        00000
__size_of_wr2RegCompleteHandler                (abs)        00000
_eusartRxBuffer                                bssBANK1     000C5
_eusartRxCount                                 bssBANK0     00064
_eusartRxHead                                  bssBANK0     00066
_eusartRxLastError                             bssBANK0     00063
_eusartRxStatusBuffer                          bssBANK1     000BD
_eusartRxTail                                  bssBANK0     00065
_eusartTxBuffer                                bssBANK1     000CD
_eusartTxBufferRemaining                       bssBANK0     00067
_eusartTxHead                                  bssBANK0     00069
_eusartTxTail                                  bssBANK0     00068
_flags                                         bssBANK0     00053
_fputc                                         text7        003A9
_i2c_fsmStateTable                             stringtext1  004AD
_main                                          maintext     0025E
_nout                                          bssBANK0     0004D
_prec                                          bssBANK0     00051
_printf                                        text4        005FF
_processActivation                             text1        00065
_putch                                         text8        0072D
_rd1RegCompleteHandler                         text55       00633
_rd2RegCompleteHandler                         text54       00622
_rdBlkRegCompleteHandler                       text52       005D4
_reset                                         text3        00673
_test                                          text2        00665
_vfpfcnvrt                                     text6        001E2
_vfprintf                                      text5        0052E
_width                                         bssBANK0     0004F
_wr1RegCompleteHandler                         text53       00611
_wr2RegCompleteHandler                         text56       00644
btemp                                          (abs)        0007E
clear_ram0                                     clrtext      0073B
end_of_initialization                          cinit        00061
fputc@c                                        cstackBANK0  00026
fputc@fp                                       cstackBANK0  00028
int$flags                                      (abs)        0007E
intlevel0                                      functab      00000
intlevel1                                      functab      00000
intlevel2                                      functab      00000
intlevel3                                      functab      00000
intlevel4                                      functab      00000
intlevel5                                      functab      00000
main@count                                     cstackBANK0  0004C
main@reception                                 cstackBANK0  0004B
main@tempo                                     cstackBANK0  00047
printf@ap                                      cstackBANK0  00041
printf@fmt                                     cstackBANK0  0003E
processActivation@ordre                        cstackBANK0  00044
putch@txData                                   cstackBANK0  00025
rd1RegCompleteHandler@ptr                      cstackCOMMON 00079
rd2RegCompleteHandler@ptr                      cstackCOMMON 00079
rdBlkRegCompleteHandler@ptr                    cstackCOMMON 00079
reset_vec                                      reset_vec    00000
start                                          init         00047
start_initialization                           cinit        00049
vfpfcnvrt@ap                                   cstackBANK0  0002F
vfpfcnvrt@fmt                                  cstackBANK0  0002E
vfpfcnvrt@fp                                   cstackBANK0  00035
vfprintf@ap                                    cstackBANK0  00038
vfprintf@cfmt                                  cstackBANK0  0003C
vfprintf@fmt                                   cstackBANK0  00036
vfprintf@fp                                    cstackBANK0  0003B
wr1RegCompleteHandler@ptr                      cstackCOMMON 00079
wr2RegCompleteHandler@ptr                      cstackCOMMON 00079
wtemp0                                         (abs)        0007E


MODULE INFORMATION

Module		Function		Class		Link	Load	Size
commande.c
		_reset         		CODE           	0673	0000	14
		_test          		CODE           	0665	0000	14
		_processActivation		CODE           	0065	0000	381

commande.c estimated size: 409

C:\Program Files\Microchip\xc8\v2.32\pic\sources\c99\common\doprnt.c
		_vfpfcnvrt     		CODE           	01E2	0000	124
		_vfprintf      		CODE           	052E	0000	40

C:\Program Files\Microchip\xc8\v2.32\pic\sources\c99\common\doprnt.c estimated size: 164

mcc_generated_files/interrupt_manager.c
		_INTERRUPT_InterruptManager		CODE           	0004	0000	67

mcc_generated_files/interrupt_manager.c estimated size: 67

mcc_generated_files/examples/i2c_master_example.c
		_wr1RegCompleteHandler		CODE           	0611	0000	17
		_wr2RegCompleteHandler		CODE           	0644	0000	17
		_rdBlkRegCompleteHandler		CODE           	05D4	0000	24
		_rd1RegCompleteHandler		CODE           	0633	0000	17
		_rd2RegCompleteHandler		CODE           	0622	0000	17

mcc_generated_files/examples/i2c_master_example.c estimated size: 92

mcc_generated_files/pin_manager.c
		_PIN_MANAGER_Initialize		CODE           	059E	0000	28

mcc_generated_files/pin_manager.c estimated size: 28

mcc_generated_files/adc.c
		_ADC_Initialize		CODE           	071D	0000	8

mcc_generated_files/adc.c estimated size: 8

shared
		__initialization		CODE           	0049	0000	24
		_i2c_fsmStateTable		STRCODE        	04AD	0000	32

shared estimated size: 56

mcc_generated_files/mcc.c
		_WDT_Initialize		CODE           	0797	0000	4
		_OSCILLATOR_Initialize		CODE           	068E	0000	12
		_SYSTEM_Initialize		CODE           	05EC	0000	19

mcc_generated_files/mcc.c estimated size: 35

mcc_generated_files/i2c_master.c
		_I2C_MasterStartRx		CODE           	07B8	0000	3
		_I2C_DO_SEND_ADR_WRITE		CODE           	0725	0000	8
		_I2C_DO_SEND_STOP		CODE           	0779	0000	5
		_I2C_MasterSendNack		CODE           	07A3	0000	4
		_I2C_CallbackReturnStop		CODE           	07C3	0000	2
		_I2C_DO_SEND_ADR_READ		CODE           	0714	0000	9
		_I2C_DO_RX_NACK_STOP		CODE           	076F	0000	5
		_I2C_DO_SEND_RESTART		CODE           	077E	0000	5
		_I2C_DO_RX     		CODE           	031E	0000	70
		_I2C_DO_TX     		CODE           	02C9	0000	85
		_I2C_DO_IDLE   		CODE           	078D	0000	5
		_I2C_DO_RCEN   		CODE           	0734	0000	7
		_I2C_DO_RESET  		CODE           	0765	0000	5
		_I2C_DO_RX_ACK 		CODE           	0774	0000	5
		_I2C_MasterClearIrq		CODE           	07AF	0000	3
		_I2C_MasterGetRxData		CODE           	07B5	0000	3
		_I2C_SetCallback		CODE           	0556	0000	38
		_I2C_DO_ADDRESS_NACK		CODE           	0481	0000	44
		_I2C_MasterEnableRestart		CODE           	07BE	0000	3
		_I2C_CallbackReturnReset		CODE           	07C1	0000	2
		_I2C_DO_TX_EMPTY		CODE           	0424	0000	47
		_I2C_DO_SEND_RESTART_WRITE		CODE           	0783	0000	5
		_I2C_MasterIsNack		CODE           	075F	0000	6
		_I2C_SetDataCompleteCallback		CODE           	0681	0000	13
		_I2C_DO_RX_NACK_RESTART		CODE           	076A	0000	5
		_I2C_MasterSendAck		CODE           	079F	0000	4
		_I2C_MasterFsm 		CODE           	0453	0000	46
		_I2C_MasterIsr 		CODE           	079B	0000	4
		_I2C_MasterSetIrq		CODE           	07B2	0000	3
		_I2C_DO_SEND_RESTART_READ		CODE           	0788	0000	5
		_I2C_Initialize		CODE           	070A	0000	10
		_I2C_SetBuffer 		CODE           	0655	0000	16
		_I2C_MasterSendTxData		CODE           	0792	0000	5
		_I2C_MasterStop		CODE           	07BB	0000	3

mcc_generated_files/i2c_master.c estimated size: 483

C:\Program Files\Microchip\xc8\v2.32\pic\sources\c99\common\printf.c
		_printf        		CODE           	05FF	0000	18

C:\Program Files\Microchip\xc8\v2.32\pic\sources\c99\common\printf.c estimated size: 18

C:\Program Files\Microchip\xc8\v2.32\pic\sources\c99\common\nf_fputc.c
		_fputc         		CODE           	03A9	0000	65

C:\Program Files\Microchip\xc8\v2.32\pic\sources\c99\common\nf_fputc.c estimated size: 65

mcc_generated_files/eusart.c
		_EUSART_SetRxInterruptHandler		CODE           	0747	0000	6
		_EUSART_SetTxInterruptHandler		CODE           	0741	0000	6
		_putch         		CODE           	072D	0000	7
		_EUSART_Read   		CODE           	0503	0000	43
		_EUSART_DefaultOverrunErrorHandler		CODE           	07A7	0000	4
		_EUSART_Write  		CODE           	04D8	0000	43
		_EUSART_DefaultErrorHandler		CODE           	07AB	0000	4
		_EUSART_Transmit_ISR		CODE           	057C	0000	34
		_EUSART_Initialize		CODE           	0364	0000	69
		_EUSART_SetFramingErrorHandler		CODE           	0753	0000	6
		_EUSART_SetErrorHandler		CODE           	0759	0000	6
		_EUSART_SetOverrunErrorHandler		CODE           	074D	0000	6
		_EUSART_Receive_ISR		CODE           	03EA	0000	58
		_EUSART_RxDataHandler		CODE           	05BA	0000	26
		_EUSART_DefaultFramingErrorHandler		CODE           	07C5	0000	1

mcc_generated_files/eusart.c estimated size: 319

main.c
		_main          		CODE           	025E	0000	107

main.c estimated size: 107

