Microchip MPLAB XC8 Compiler V2.32

Linker command line:

-W-3 --edf=C:\Program Files\Microchip\xc8\v2.32\pic\dat\en_msgs.txt -cn \
  -h+dist/default/production\commutateur.X.production.sym \
  --cmf=dist/default/production\commutateur.X.production.cmf -z -Q16F1939 \
  -oC:\Users\Michel\AppData\Local\Temp\xcAsbqs.4 --defsym=__MPLAB_BUILD=1 \
  -Mdist/default/production/commutateur.X.production.map -E1 \
  -ver=XC8 Compiler --acfsm=1493 -ASTACK=0209Dh-023EFh -pstack=STACK \
  -ACODE=00h-07FFhx8 -ASTRCODE=00h-03FFFh -ASTRING=00h-0FFhx64 \
  -ACONST=00h-0FFhx64 -AENTRY=00h-0FFhx64 -ACOMMON=070h-07Fh \
  -ABANK0=020h-06Fh -ABANK1=0A0h-0EFh -ABANK2=0120h-016Fh \
  -ABANK3=01A0h-01EFh -ABANK4=0220h-026Fh -ABANK5=02A0h-02EFh \
  -ABANK6=0320h-036Fh -ABANK7=03A0h-03EFh -ABANK8=0420h-046Fh \
  -ABANK9=04A0h-04EFh -ABANK10=0520h-056Fh -ABANK11=05A0h-05EFh \
  -ABANK12=0620h-064Fh -ABIGRAM=02000h-023EFh \
  -ARAM=020h-06Fh,0A0h-0EFh,0120h-016Fh,01A0h-01EFh,0220h-026Fh,02A0h-02EFh,0320h-036Fh,03A0h-03EFh,0420h-046Fh,04A0h-04EFh,0520h-056Fh,05A0h-05EFh,0620h-064Fh \
  -AABS1=020h-07Fh,0A0h-0EFh,0120h-016Fh,01A0h-01EFh,0220h-026Fh,02A0h-02EFh,0320h-036Fh,03A0h-03EFh,0420h-046Fh,04A0h-04EFh,0520h-056Fh,05A0h-05EFh,0620h-064Fh \
  -ASFR0=00h-01Fh -ASFR1=080h-09Fh -ASFR2=0100h-011Fh -ASFR3=0180h-019Fh \
  -ASFR4=0200h-021Fh -ASFR5=0280h-029Fh -ASFR6=0300h-031Fh \
  -ASFR7=0380h-039Fh -ASFR8=0400h-041Fh -ASFR9=0480h-049Fh \
  -ASFR10=0500h-051Fh -ASFR11=0580h-059Fh -ASFR12=0600h-061Fh \
  -ASFR13=0680h-06EFh -ASFR14=0700h-076Fh -ASFR15=0780h-07EFh \
  -ASFR16=0800h-086Fh -ASFR17=0880h-08EFh -ASFR18=0900h-096Fh \
  -ASFR19=0980h-09EFh -ASFR20=0A00h-0A6Fh -ASFR21=0A80h-0AEFh \
  -ASFR22=0B00h-0B6Fh -ASFR23=0B80h-0BEFh -ASFR24=0C00h-0C6Fh \
  -ASFR25=0C80h-0CEFh -ASFR26=0D00h-0D6Fh -ASFR27=0D80h-0DEFh \
  -ASFR28=0E00h-0E6Fh -ASFR29=0E80h-0EEFh -ASFR30=0F00h-0F6Fh \
  -ASFR31=0F80h-0FEFh -ACONFIG=08007h-08008h -DCONFIG=2 \
  -AIDLOC=08000h-08003h -DIDLOC=2 -AEEDATA=00h-0FFh/0F000h \
  -peeprom_data=EEDATA -DEEDATA=2 -DCODE=2 -DSTRCODE=2 -DSTRING=2 -DCONST=2 \
  -DENTRY=2 -preset_vec=00h,intentry=04h,init,end_init -ppowerup=CODE \
  -pcinit=CODE -pfunctab=ENTRY -k \
  C:\Users\Michel\AppData\Local\Temp\xcAsbqs.o \
  dist/default/production\commutateur.X.production.o 

Object code version is 3.11

Machine type is 16F1939



                Name                               Link     Load   Length Selector   Space Scale
C:\Users\Michel\AppData\Local\Temp\xcAsbqs.o
                end_init                             47       47        2        8       0
                reset_vec                             0        0        2        0       0
                config                             8007     8007        2        0       4
                idloc                              8000     8000        4        0       5
dist/default/production\commutateur.X.production.o
                cinit                                49       49       14        8       0
                intentry                              4        4       43        8       0
                config                             8007     8007        2        0       4
                idloc                              8000     8000        4        0       5
                text65                              4E5      4E5       1A      7D2       0
                text64                              6C5      6C5        4      C48       0
                text63                              6DF      6DF        1      C48       0
                text62                              6C1      6C1        4      C48       0
                text61                              2FB      2FB       3A        8       0
                text60                              48D      48D       22      7D2       0
                text59                              6D8      6D8        3      C48       0
                text58                              6D5      6D5        3      C48       0
                text57                              580      580       10      7D2       0
                text56                              467      467       26      7D2       0
                text55                              590      590        D      7D2       0
                text54                              56F      56F       11      7D2       0
                text53                              55E      55E       11      7D2       0
                text52                              54D      54D       11      7D2       0
                text51                              53C      53C       11      7D2       0
                text50                              4FF      4FF       18      7D2       0
                text49                              6DD      6DD        2      C48       0
                text48                              6DB      6DB        2      C48       0
                text47                              6D2      6D2        3      C48       0
                text46                              6BD      6BD        4      C48       0
                text45                              6CF      6CF        3      C48       0
                text44                              6B9      6B9        4      C48       0
                text43                              6AC      6AC        5      C48       0
                text42                              679      679        6      C48       0
                text41                              6CC      6CC        3      C48       0
                text40                              335      335       2F        8       0
                text39                              6A7      6A7        5      C48       0
                text38                              62E      62E        9      C48       0
                text37                              63F      63F        8      C48       0
                text36                              1DA      1DA       55        8       0
                text35                              22F      22F       46        8       0
                text34                              64E      64E        7      C48       0
                text33                              6A2      6A2        5      C48       0
                text32                              69D      69D        5      C48       0
                text31                              698      698        5      C48       0
                text30                              693      693        5      C48       0
                text29                              68E      68E        5      C48       0
                text28                              689      689        5      C48       0
                text27                              684      684        5      C48       0
                text26                              67F      67F        5      C48       0
                text25                              392      392       2C        8       0
                text24                              6C9      6C9        3      C48       0
                text23                              364      364       2E        8       0
                text22                              6B5      6B5        4      C48       0
                text20                              414      414       2B      7D2       0
                text19                              637      637        8      C48       0
                text18                              673      673        6      C48       0
                text17                              66D      66D        6      C48       0
                text16                              667      667        6      C48       0
                text15                              661      661        6      C48       0
                text14                              65B      65B        6      C48       0
                text13                              275      275       45        8       0
                text12                              624      624        A      C48       0
                text11                              59D      59D        C      7D2       0
                text10                              4AF      4AF       1C      7D2       0
                text9                               6B1      6B1        4      C48       0
                text8                               517      517       13      7D2       0
                text7                               3E9      3E9       2B      7D2       0
                text6                               647      647        7      C48       0
                text5                               2BA      2BA       41        8       0
                text4                               15E      15E       7C        8       0
                text3                               43F      43F       28      7D2       0
                text2                               52A      52A       12      7D2       0
                text1                               4CB      4CB       1A      7D2       0
                maintext                             5D       5D      101        8       0
                cstackBANK0                          45       45       25       20       1
                cstackCOMMON                         70       70        D       70       1
                clrtext                             655      655        6      C48       0
                bssBANK1                             A0       A0       4D       A0       1
                bssBANK0                             20       20       25       20       1
                stringtext13                        61A      61A        A      B52       0
                stringtext12                        610      610        A      B52       0
                stringtext11                        606      606        A      B52       0
                stringtext10                        5FC      5FC        A      B52       0
                stringtext9                         5F2      5F2        A      B52       0
                stringtext8                         5E8      5E8        A      B52       0
                stringtext7                         5DE      5DE        A      B52       0
                stringtext6                         5D4      5D4        A      B52       0
                stringtext5                         5CA      5CA        A      B52       0
                stringtext4                         5BF      5BF        B      B52       0
                stringtext3                         5B4      5B4        B      B52       0
                stringtext2                         5A9      5A9        B      B52       0
                stringtext1                         3BE      3BE       2B      77C       0

TOTAL           Name                               Link     Load   Length     Space
        CLASS   STACK          

        CLASS   CODE           
                end_init                             47       47        2         0
                cinit                                49       49       14         0
                intentry                              4        4       43         0
                reset_vec                             0        0        2         0
                text65                              4E5      4E5       1A         0
                text64                              6C5      6C5        4         0
                text63                              6DF      6DF        1         0
                text62                              6C1      6C1        4         0
                text61                              2FB      2FB       3A         0
                text60                              48D      48D       22         0
                text59                              6D8      6D8        3         0
                text58                              6D5      6D5        3         0
                text57                              580      580       10         0
                text56                              467      467       26         0
                text55                              590      590        D         0
                text54                              56F      56F       11         0
                text53                              55E      55E       11         0
                text52                              54D      54D       11         0
                text51                              53C      53C       11         0
                text50                              4FF      4FF       18         0
                text49                              6DD      6DD        2         0
                text48                              6DB      6DB        2         0
                text47                              6D2      6D2        3         0
                text46                              6BD      6BD        4         0
                text45                              6CF      6CF        3         0
                text44                              6B9      6B9        4         0
                text43                              6AC      6AC        5         0
                text42                              679      679        6         0
                text41                              6CC      6CC        3         0
                text40                              335      335       2F         0
                text39                              6A7      6A7        5         0
                text38                              62E      62E        9         0
                text37                              63F      63F        8         0
                text36                              1DA      1DA       55         0
                text35                              22F      22F       46         0
                text34                              64E      64E        7         0
                text33                              6A2      6A2        5         0
                text32                              69D      69D        5         0
                text31                              698      698        5         0
                text30                              693      693        5         0
                text29                              68E      68E        5         0
                text28                              689      689        5         0
                text27                              684      684        5         0
                text26                              67F      67F        5         0
                text25                              392      392       2C         0
                text24                              6C9      6C9        3         0
                text23                              364      364       2E         0
                text22                              6B5      6B5        4         0
                text20                              414      414       2B         0
                text19                              637      637        8         0
                text18                              673      673        6         0
                text17                              66D      66D        6         0
                text16                              667      667        6         0
                text15                              661      661        6         0
                text14                              65B      65B        6         0
                text13                              275      275       45         0
                text12                              624      624        A         0
                text11                              59D      59D        C         0
                text10                              4AF      4AF       1C         0
                text9                               6B1      6B1        4         0
                text8                               517      517       13         0
                text7                               3E9      3E9       2B         0
                text6                               647      647        7         0
                text5                               2BA      2BA       41         0
                text4                               15E      15E       7C         0
                text3                               43F      43F       28         0
                text2                               52A      52A       12         0
                text1                               4CB      4CB       1A         0
                maintext                             5D       5D      101         0
                clrtext                             655      655        6         0

        CLASS   STRCODE        
                stringtext13                        61A      61A        A         0
                stringtext12                        610      610        A         0
                stringtext11                        606      606        A         0
                stringtext10                        5FC      5FC        A         0
                stringtext9                         5F2      5F2        A         0
                stringtext8                         5E8      5E8        A         0
                stringtext7                         5DE      5DE        A         0
                stringtext6                         5D4      5D4        A         0
                stringtext5                         5CA      5CA        A         0
                stringtext4                         5BF      5BF        B         0
                stringtext3                         5B4      5B4        B         0
                stringtext2                         5A9      5A9        B         0
                stringtext1                         3BE      3BE       2B         0

        CLASS   STRING         

        CLASS   CONST          

        CLASS   ENTRY          

        CLASS   COMMON         
                cstackCOMMON                         70       70        D         1

        CLASS   BANK0          
                cstackBANK0                          45       45       25         1
                bssBANK0                             20       20       25         1

        CLASS   BANK1          
                bssBANK1                             A0       A0       4D         1

        CLASS   BANK2          

        CLASS   BANK3          

        CLASS   BANK4          

        CLASS   BANK5          

        CLASS   BANK6          

        CLASS   BANK7          

        CLASS   BANK8          

        CLASS   BANK9          

        CLASS   BANK10         

        CLASS   BANK11         

        CLASS   BANK12         

        CLASS   BIGRAM         

        CLASS   RAM            

        CLASS   ABS1           
                abs_s1                               7E       7E        2         1

        CLASS   SFR0           

        CLASS   SFR1           

        CLASS   SFR2           

        CLASS   SFR3           

        CLASS   SFR4           

        CLASS   SFR5           

        CLASS   SFR6           

        CLASS   SFR7           

        CLASS   SFR8           

        CLASS   SFR9           

        CLASS   SFR10          

        CLASS   SFR11          

        CLASS   SFR12          

        CLASS   SFR13          

        CLASS   SFR14          

        CLASS   SFR15          

        CLASS   SFR16          

        CLASS   SFR17          

        CLASS   SFR18          

        CLASS   SFR19          

        CLASS   SFR20          

        CLASS   SFR21          

        CLASS   SFR22          

        CLASS   SFR23          

        CLASS   SFR24          

        CLASS   SFR25          

        CLASS   SFR26          

        CLASS   SFR27          

        CLASS   SFR28          

        CLASS   SFR29          

        CLASS   SFR30          

        CLASS   SFR31          

        CLASS   CONFIG         
                config                             8007     8007        2         4

        CLASS   IDLOC          
                idloc                              8000     8000        4         5

        CLASS   EEDATA         

        CLASS   BANK31         

        CLASS   BANK30         

        CLASS   BANK29         

        CLASS   BANK28         

        CLASS   BANK27         

        CLASS   BANK26         

        CLASS   BANK25         

        CLASS   BANK24         

        CLASS   BANK23         

        CLASS   BANK22         

        CLASS   BANK21         

        CLASS   BANK20         

        CLASS   BANK19         

        CLASS   BANK18         

        CLASS   BANK17         

        CLASS   BANK16         

        CLASS   BANK15         

        CLASS   BANK14         

        CLASS   BANK13         



SEGMENTS        Name                           Load    Length   Top    Selector   Space  Class     Delta

                reset_vec                      000000  000002  000002         0       0  CODE        2
                intentry                       000004  0003BA  0003BE         8       0  CODE        2
                bssBANK0                       000020  00004A  00006A        20       1  BANK0       1
                cstackCOMMON                   000070  00000D  00007D        70       1  COMMON      1
                bssBANK1                       0000A0  00004D  0000ED        A0       1  BANK1       1
                stringtext1                    0003BE  00002B  0003E9       77C       0  STRCODE     2
                text7                          0003E9  0001C0  0005A9       7D2       0  CODE        2
                stringtext2                    0005A9  00007B  000624       B52       0  STRCODE     2
                text12                         000624  0000BC  0006E0       C48       0  CODE        2


UNUSED ADDRESS RANGES

        Name                Unused          Largest block    Delta
        BANK0            0006A-0006F               6           1
        BANK1            000ED-000EF               3           1
        BANK10           00520-0056F              50           1
        BANK11           005A0-005EF              50           1
        BANK12           00620-0064F              30           1
        BANK2            00120-0016F              50           1
        BANK3            001A0-001EF              50           1
        BANK4            00220-0026F              50           1
        BANK5            002A0-002EF              50           1
        BANK6            00320-0036F              50           1
        BANK7            003A0-003EF              50           1
        BANK8            00420-0046F              50           1
        BANK9            004A0-004EF              50           1
        BIGRAM           02000-023EF             3F0           1
        CODE             00002-00003               2           2
                         006E0-03FFF             800
        COMMON           0007D-0007D               1           1
        CONST            00002-00003               2           2
                         006E0-03FFF             100
        EEDATA           0F000-0F0FF             100           2
        ENTRY            00002-00003               2           2
                         006E0-03FFF             100
        RAM              0006A-0006F               6           1
                         000ED-000EF               3
                         00120-0016F              50
                         001A0-001EF              50
                         00220-0026F              50
                         002A0-002EF              50
                         00320-0036F              50
                         003A0-003EF              50
                         00420-0046F              50
                         004A0-004EF              50
                         00520-0056F              50
                         005A0-005EF              50
                         00620-0064F              30
        SFR0             00000-0001F              20           1
        SFR1             00080-0009F              20           1
        SFR10            00500-0051F              20           1
        SFR11            00580-0059F              20           1
        SFR12            00600-0061F              20           1
        SFR13            00680-006EF              70           1
        SFR14            00700-0076F              70           1
        SFR15            00780-007EF              70           1
        SFR16            00800-0086F              70           1
        SFR17            00880-008EF              70           1
        SFR18            00900-0096F              70           1
        SFR19            00980-009EF              70           1
        SFR2             00100-0011F              20           1
        SFR20            00A00-00A6F              70           1
        SFR21            00A80-00AEF              70           1
        SFR22            00B00-00B6F              70           1
        SFR23            00B80-00BEF              70           1
        SFR24            00C00-00C6F              70           1
        SFR25            00C80-00CEF              70           1
        SFR26            00D00-00D6F              70           1
        SFR27            00D80-00DEF              70           1
        SFR28            00E00-00E6F              70           1
        SFR29            00E80-00EEF              70           1
        SFR3             00180-0019F              20           1
        SFR30            00F00-00F6F              70           1
        SFR31            00F80-00FEF              70           1
        SFR4             00200-0021F              20           1
        SFR5             00280-0029F              20           1
        SFR6             00300-0031F              20           1
        SFR7             00380-0039F              20           1
        SFR8             00400-0041F              20           1
        SFR9             00480-0049F              20           1
        STACK            0209D-023EF             353           1
        STRCODE          00002-00003               2           2
                         006E0-03FFF            3920
        STRING           00002-00003               2           2
                         006E0-03FFF             100

                                  Symbol Table

?_printf                                       cstackBANK0  00063
?_vfpfcnvrt                                    cstackBANK0  00053
?_vfprintf                                     cstackBANK0  0005B
EUSART_Read@readValue                          cstackBANK0  00049
EUSART_SetErrorHandler@interruptHandler        cstackBANK0  00048
EUSART_SetFramingErrorHandler@interruptHandler cstackBANK0  00048
EUSART_SetOverrunErrorHandler@interruptHandler cstackBANK0  00048
EUSART_SetRxInterruptHandler@interruptHandler  cstackBANK0  00048
EUSART_SetTxInterruptHandler@interruptHandler  cstackBANK0  00048
EUSART_Write@txData                            cstackBANK0  00049
I2C_CallbackReturnReset@funPtr                 cstackCOMMON 00079
I2C_MasterSendTxData@data                      cstackCOMMON 00070
I2C_SetBuffer@buffer                           cstackCOMMON 00073
I2C_SetBuffer@bufferSize                       cstackCOMMON 00070
I2C_SetCallback@cb                             cstackCOMMON 00070
I2C_SetCallback@idx                            cstackCOMMON 00074
I2C_SetCallback@ptr                            cstackCOMMON 00072
I2C_SetDataCompleteCallback@cb                 cstackCOMMON 00075
I2C_SetDataCompleteCallback@ptr                cstackCOMMON 00077
_ADCON0                                        (abs)        0009D
_ADCON0bits                                    (abs)        0009D
_ADCON1                                        (abs)        0009E
_ADC_Initialize                                text19       00637
_ADRESH                                        (abs)        0009C
_ADRESL                                        (abs)        0009B
_ANSELA                                        (abs)        0018C
_ANSELB                                        (abs)        0018D
_ANSELD                                        (abs)        0018F
_ANSELE                                        (abs)        00190
_APFCON                                        (abs)        0011D
_BAUDCON                                       (abs)        0019F
_BORCON                                        (abs)        00116
_EEADRH                                        (abs)        00192
_EEADRL                                        (abs)        00191
_EECON1bits                                    (abs)        00195
_EECON2                                        (abs)        00196
_EEDATH                                        (abs)        00194
_EEDATL                                        (abs)        00193
_EUSART_DefaultErrorHandler                    text64       006C5
_EUSART_DefaultFramingErrorHandler             text63       006DF
_EUSART_DefaultOverrunErrorHandler             text62       006C1
_EUSART_ErrorHandler                           bssBANK0     00030
_EUSART_FramingErrorHandler                    bssBANK0     00034
_EUSART_Initialize                             text13       00275
_EUSART_OverrunErrorHandler                    bssBANK0     00032
_EUSART_Read                                   text20       00414
_EUSART_Receive_ISR                            text61       002FB
_EUSART_RxDataHandler                          text65       004E5
_EUSART_RxDefaultInterruptHandler              bssBANK0     00036
_EUSART_SetErrorHandler                        text18       00673
_EUSART_SetFramingErrorHandler                 text17       0066D
_EUSART_SetOverrunErrorHandler                 text16       00667
_EUSART_SetRxInterruptHandler                  text15       00661
_EUSART_SetTxInterruptHandler                  text14       0065B
_EUSART_Transmit_ISR                           text60       0048D
_EUSART_TxDefaultInterruptHandler              bssBANK0     00038
_EUSART_Write                                  text7        003E9
_I2C_CallbackReturnReset                       text48       006DB
_I2C_CallbackReturnStop                        text49       006DD
_I2C_DO_ADDRESS_NACK                           text25       00392
_I2C_DO_IDLE                                   text39       006A7
_I2C_DO_RCEN                                   text34       0064E
_I2C_DO_RESET                                  text26       0067F
_I2C_DO_RX                                     text35       0022F
_I2C_DO_RX_ACK                                 text29       0068E
_I2C_DO_RX_NACK_RESTART                        text27       00684
_I2C_DO_RX_NACK_STOP                           text28       00689
_I2C_DO_SEND_ADR_READ                          text38       0062E
_I2C_DO_SEND_ADR_WRITE                         text37       0063F
_I2C_DO_SEND_RESTART                           text31       00698
_I2C_DO_SEND_RESTART_READ                      text33       006A2
_I2C_DO_SEND_RESTART_WRITE                     text32       0069D
_I2C_DO_SEND_STOP                              text30       00693
_I2C_DO_TX                                     text36       001DA
_I2C_DO_TX_EMPTY                               text40       00335
_I2C_Initialize                                text12       00624
_I2C_MasterClearIrq                            text24       006C9
_I2C_MasterEnableRestart                       text59       006D8
_I2C_MasterFsm                                 text23       00364
_I2C_MasterGetRxData                           text45       006CF
_I2C_MasterIsNack                              text42       00679
_I2C_MasterIsr                                 text22       006B5
_I2C_MasterSendAck                             text44       006B9
_I2C_MasterSendNack                            text46       006BD
_I2C_MasterSendTxData                          text43       006AC
_I2C_MasterSetIrq                              text41       006CC
_I2C_MasterStartRx                             text47       006D2
_I2C_MasterStop                                text58       006D5
_I2C_SetBuffer                                 text57       00580
_I2C_SetCallback                               text56       00467
_I2C_SetDataCompleteCallback                   text55       00590
_I2C_Status                                    bssBANK1     000C0
_INTCONbits                                    (abs)        0000B
_INTERRUPT_InterruptManager                    intentry     00004
_LATA                                          (abs)        0010C
_LATAbits                                      (abs)        0010C
_LATB                                          (abs)        0010D
_LATBbits                                      (abs)        0010D
_LATC                                          (abs)        0010E
_LATD                                          (abs)        0010F
_LATE                                          (abs)        00110
_MSSP_InterruptHandler                         bssBANK0     0003C
_OPTION_REGbits                                (abs)        00095
_OSCCON                                        (abs)        00099
_OSCILLATOR_Initialize                         text11       0059D
_OSCTUNE                                       (abs)        00098
_PIE1bits                                      (abs)        00091
_PIE2bits                                      (abs)        00092
_PIN_MANAGER_Initialize                        text10       004AF
_PIR1bits                                      (abs)        00011
_PIR2bits                                      (abs)        00012
_PLLR                                          (abs)        004D6
_RCREG                                         (abs)        00199
_RCSTA                                         (abs)        0019D
_RCSTAbits                                     (abs)        0019D
_SPBRGH                                        (abs)        0019C
_SPBRGL                                        (abs)        0019B
_SSPADD                                        (abs)        00212
_SSPBUF                                        (abs)        00211
_SSPCON1                                       (abs)        00215
_SSPCON1bits                                   (abs)        00215
_SSPCON2                                       (abs)        00216
_SSPCON2bits                                   (abs)        00216
_SSPSTAT                                       (abs)        00214
_SSPSTATbits                                   (abs)        00214
_SYSTEM_Initialize                             text8        00517
_TRISA                                         (abs)        0008C
_TRISB                                         (abs)        0008D
_TRISC                                         (abs)        0008E
_TRISD                                         (abs)        0008F
_TRISE                                         (abs)        00090
_TXREG                                         (abs)        0019A
_TXSTA                                         (abs)        0019E
_TXSTAbits                                     (abs)        0019E
_WDTCON                                        (abs)        00097
_WDT_Initialize                                text9        006B1
_WPUB                                          (abs)        0020D
_WPUE                                          (abs)        00210
__Habs1                                        abs1         00000
__Hbank0                                       bank0        00000
__Hbank1                                       bank1        00000
__Hbank10                                      bank10       00000
__Hbank11                                      bank11       00000
__Hbank12                                      bank12       00000
__Hbank13                                      bank13       00000
__Hbank14                                      bank14       00000
__Hbank15                                      bank15       00000
__Hbank16                                      bank16       00000
__Hbank17                                      bank17       00000
__Hbank18                                      bank18       00000
__Hbank19                                      bank19       00000
__Hbank2                                       bank2        00000
__Hbank20                                      bank20       00000
__Hbank21                                      bank21       00000
__Hbank22                                      bank22       00000
__Hbank23                                      bank23       00000
__Hbank24                                      bank24       00000
__Hbank25                                      bank25       00000
__Hbank26                                      bank26       00000
__Hbank27                                      bank27       00000
__Hbank28                                      bank28       00000
__Hbank29                                      bank29       00000
__Hbank3                                       bank3        00000
__Hbank30                                      bank30       00000
__Hbank31                                      bank31       00000
__Hbank4                                       bank4        00000
__Hbank5                                       bank5        00000
__Hbank6                                       bank6        00000
__Hbank7                                       bank7        00000
__Hbank8                                       bank8        00000
__Hbank9                                       bank9        00000
__Hbigram                                      bigram       00000
__HbssBANK0                                    bssBANK0     00000
__HbssBANK1                                    bssBANK1     00000
__Hcinit                                       cinit        0005D
__Hclrtext                                     clrtext      00000
__Hcode                                        code         00000
__Hcommon                                      common       00000
__Hconfig                                      config       08009
__HcstackBANK0                                 cstackBANK0  00000
__HcstackCOMMON                                cstackCOMMON 00000
__Heeprom_data                                 eeprom_data  00000
__Hend_init                                    end_init     00049
__Hfunctab                                     functab      00000
__Hidloc                                       idloc        08004
__Hinit                                        init         00047
__Hintentry                                    intentry     00047
__Hmaintext                                    maintext     00000
__Hpowerup                                     powerup      00000
__Hram                                         ram          00000
__Hreset_vec                                   reset_vec    00002
__Hsfr0                                        sfr0         00000
__Hsfr1                                        sfr1         00000
__Hsfr10                                       sfr10        00000
__Hsfr11                                       sfr11        00000
__Hsfr12                                       sfr12        00000
__Hsfr13                                       sfr13        00000
__Hsfr14                                       sfr14        00000
__Hsfr15                                       sfr15        00000
__Hsfr16                                       sfr16        00000
__Hsfr17                                       sfr17        00000
__Hsfr18                                       sfr18        00000
__Hsfr19                                       sfr19        00000
__Hsfr2                                        sfr2         00000
__Hsfr20                                       sfr20        00000
__Hsfr21                                       sfr21        00000
__Hsfr22                                       sfr22        00000
__Hsfr23                                       sfr23        00000
__Hsfr24                                       sfr24        00000
__Hsfr25                                       sfr25        00000
__Hsfr26                                       sfr26        00000
__Hsfr27                                       sfr27        00000
__Hsfr28                                       sfr28        00000
__Hsfr29                                       sfr29        00000
__Hsfr3                                        sfr3         00000
__Hsfr30                                       sfr30        00000
__Hsfr31                                       sfr31        00000
__Hsfr4                                        sfr4         00000
__Hsfr5                                        sfr5         00000
__Hsfr6                                        sfr6         00000
__Hsfr7                                        sfr7         00000
__Hsfr8                                        sfr8         00000
__Hsfr9                                        sfr9         00000
__Hspace_0                                     (abs)        006E0
__Hspace_1                                     (abs)        000ED
__Hspace_2                                     (abs)        00000
__Hspace_3                                     (abs)        00000
__Hspace_4                                     (abs)        10010
__Hstack                                       stack        00000
__Hstrings                                     strings      00000
__Hstringtext1                                 stringtext1  00000
__Hstringtext10                                stringtext10 00000
__Hstringtext11                                stringtext11 00000
__Hstringtext12                                stringtext12 00000
__Hstringtext13                                stringtext13 00000
__Hstringtext14                                stringtext14 00000
__Hstringtext2                                 stringtext2  00000
__Hstringtext3                                 stringtext3  00000
__Hstringtext4                                 stringtext4  00000
__Hstringtext5                                 stringtext5  00000
__Hstringtext6                                 stringtext6  00000
__Hstringtext7                                 stringtext7  00000
__Hstringtext8                                 stringtext8  00000
__Hstringtext9                                 stringtext9  00000
__Htext                                        text         00000
__Labs1                                        abs1         00000
__Lbank0                                       bank0        00000
__Lbank1                                       bank1        00000
__Lbank10                                      bank10       00000
__Lbank11                                      bank11       00000
__Lbank12                                      bank12       00000
__Lbank13                                      bank13       00000
__Lbank14                                      bank14       00000
__Lbank15                                      bank15       00000
__Lbank16                                      bank16       00000
__Lbank17                                      bank17       00000
__Lbank18                                      bank18       00000
__Lbank19                                      bank19       00000
__Lbank2                                       bank2        00000
__Lbank20                                      bank20       00000
__Lbank21                                      bank21       00000
__Lbank22                                      bank22       00000
__Lbank23                                      bank23       00000
__Lbank24                                      bank24       00000
__Lbank25                                      bank25       00000
__Lbank26                                      bank26       00000
__Lbank27                                      bank27       00000
__Lbank28                                      bank28       00000
__Lbank29                                      bank29       00000
__Lbank3                                       bank3        00000
__Lbank30                                      bank30       00000
__Lbank31                                      bank31       00000
__Lbank4                                       bank4        00000
__Lbank5                                       bank5        00000
__Lbank6                                       bank6        00000
__Lbank7                                       bank7        00000
__Lbank8                                       bank8        00000
__Lbank9                                       bank9        00000
__Lbigram                                      bigram       00000
__LbssBANK0                                    bssBANK0     00000
__LbssBANK1                                    bssBANK1     00000
__Lcinit                                       cinit        00049
__Lclrtext                                     clrtext      00000
__Lcode                                        code         00000
__Lcommon                                      common       00000
__Lconfig                                      config       00000
__LcstackBANK0                                 cstackBANK0  00000
__LcstackCOMMON                                cstackCOMMON 00000
__Leeprom_data                                 eeprom_data  00000
__Lend_init                                    end_init     00047
__Lfunctab                                     functab      00000
__Lidloc                                       idloc        00000
__Linit                                        init         00047
__Lintentry                                    intentry     00004
__Lmaintext                                    maintext     00000
__Lpowerup                                     powerup      00000
__Lram                                         ram          00000
__Lreset_vec                                   reset_vec    00000
__Lsfr0                                        sfr0         00000
__Lsfr1                                        sfr1         00000
__Lsfr10                                       sfr10        00000
__Lsfr11                                       sfr11        00000
__Lsfr12                                       sfr12        00000
__Lsfr13                                       sfr13        00000
__Lsfr14                                       sfr14        00000
__Lsfr15                                       sfr15        00000
__Lsfr16                                       sfr16        00000
__Lsfr17                                       sfr17        00000
__Lsfr18                                       sfr18        00000
__Lsfr19                                       sfr19        00000
__Lsfr2                                        sfr2         00000
__Lsfr20                                       sfr20        00000
__Lsfr21                                       sfr21        00000
__Lsfr22                                       sfr22        00000
__Lsfr23                                       sfr23        00000
__Lsfr24                                       sfr24        00000
__Lsfr25                                       sfr25        00000
__Lsfr26                                       sfr26        00000
__Lsfr27                                       sfr27        00000
__Lsfr28                                       sfr28        00000
__Lsfr29                                       sfr29        00000
__Lsfr3                                        sfr3         00000
__Lsfr30                                       sfr30        00000
__Lsfr31                                       sfr31        00000
__Lsfr4                                        sfr4         00000
__Lsfr5                                        sfr5         00000
__Lsfr6                                        sfr6         00000
__Lsfr7                                        sfr7         00000
__Lsfr8                                        sfr8         00000
__Lsfr9                                        sfr9         00000
__Lspace_0                                     (abs)        00000
__Lspace_1                                     (abs)        00000
__Lspace_2                                     (abs)        00000
__Lspace_3                                     (abs)        00000
__Lspace_4                                     (abs)        00000
__Lstack                                       stack        00000
__Lstrings                                     strings      00000
__Lstringtext1                                 stringtext1  00000
__Lstringtext10                                stringtext10 00000
__Lstringtext11                                stringtext11 00000
__Lstringtext12                                stringtext12 00000
__Lstringtext13                                stringtext13 00000
__Lstringtext14                                stringtext14 00000
__Lstringtext2                                 stringtext2  00000
__Lstringtext3                                 stringtext3  00000
__Lstringtext4                                 stringtext4  00000
__Lstringtext5                                 stringtext5  00000
__Lstringtext6                                 stringtext6  00000
__Lstringtext7                                 stringtext7  00000
__Lstringtext8                                 stringtext8  00000
__Lstringtext9                                 stringtext9  00000
__Ltext                                        text         00000
__S0                                           (abs)        006E0
__S1                                           (abs)        000ED
__S2                                           (abs)        00000
__S3                                           (abs)        00000
___int_sp                                      stack        00000
___latbits                                     (abs)        00003
___sp                                          stack        00000
___stackhi                                     (abs)        023EF
___stacklo                                     (abs)        0209D
__end_of_ADC_Initialize                        text19       0063F
__end_of_EUSART_DefaultErrorHandler            text64       006C9
__end_of_EUSART_DefaultFramingErrorHandler     text63       006E0
__end_of_EUSART_DefaultOverrunErrorHandler     text62       006C5
__end_of_EUSART_Initialize                     text13       002BA
__end_of_EUSART_Read                           text20       0043F
__end_of_EUSART_Receive_ISR                    text61       00335
__end_of_EUSART_RxDataHandler                  text65       004FF
__end_of_EUSART_SetErrorHandler                text18       00679
__end_of_EUSART_SetFramingErrorHandler         text17       00673
__end_of_EUSART_SetOverrunErrorHandler         text16       0066D
__end_of_EUSART_SetRxInterruptHandler          text15       00667
__end_of_EUSART_SetTxInterruptHandler          text14       00661
__end_of_EUSART_Transmit_ISR                   text60       004AF
__end_of_EUSART_Write                          text7        00414
__end_of_I2C_CallbackReturnReset               text48       006DD
__end_of_I2C_CallbackReturnStop                text49       006DF
__end_of_I2C_DO_ADDRESS_NACK                   text25       003BE
__end_of_I2C_DO_IDLE                           text39       006AC
__end_of_I2C_DO_RCEN                           text34       00655
__end_of_I2C_DO_RESET                          text26       00684
__end_of_I2C_DO_RX                             text35       00275
__end_of_I2C_DO_RX_ACK                         text29       00693
__end_of_I2C_DO_RX_NACK_RESTART                text27       00689
__end_of_I2C_DO_RX_NACK_STOP                   text28       0068E
__end_of_I2C_DO_SEND_ADR_READ                  text38       00637
__end_of_I2C_DO_SEND_ADR_WRITE                 text37       00647
__end_of_I2C_DO_SEND_RESTART                   text31       0069D
__end_of_I2C_DO_SEND_RESTART_READ              text33       006A7
__end_of_I2C_DO_SEND_RESTART_WRITE             text32       006A2
__end_of_I2C_DO_SEND_STOP                      text30       00698
__end_of_I2C_DO_TX                             text36       0022F
__end_of_I2C_DO_TX_EMPTY                       text40       00364
__end_of_I2C_Initialize                        text12       0062E
__end_of_I2C_MasterClearIrq                    text24       006CC
__end_of_I2C_MasterEnableRestart               text59       006DB
__end_of_I2C_MasterFsm                         text23       00392
__end_of_I2C_MasterGetRxData                   text45       006D2
__end_of_I2C_MasterIsNack                      text42       0067F
__end_of_I2C_MasterIsr                         text22       006B9
__end_of_I2C_MasterSendAck                     text44       006BD
__end_of_I2C_MasterSendNack                    text46       006C1
__end_of_I2C_MasterSendTxData                  text43       006B1
__end_of_I2C_MasterSetIrq                      text41       006CF
__end_of_I2C_MasterStartRx                     text47       006D5
__end_of_I2C_MasterStop                        text58       006D8
__end_of_I2C_SetBuffer                         text57       00590
__end_of_I2C_SetCallback                       text56       0048D
__end_of_I2C_SetDataCompleteCallback           text55       0059D
__end_of_INTERRUPT_InterruptManager            intentry     00047
__end_of_OSCILLATOR_Initialize                 text11       005A9
__end_of_PIN_MANAGER_Initialize                text10       004CB
__end_of_SYSTEM_Initialize                     text8        0052A
__end_of_WDT_Initialize                        text9        006B5
__end_of__initialization                       cinit        00059
__end_of_fputc                                 text5        002FB
__end_of_i2c_fsmStateTable                     stringtext1  003DE
__end_of_main                                  maintext     0015E
__end_of_printf                                text2        0053C
__end_of_putch                                 text6        0064E
__end_of_rd1RegCompleteHandler                 text53       0056F
__end_of_rd2RegCompleteHandler                 text52       0055E
__end_of_rdBlkRegCompleteHandler               text50       00517
__end_of_reset                                 text1        004E5
__end_of_vfpfcnvrt                             text4        001DA
__end_of_vfprintf                              text3        00467
__end_of_wr1RegCompleteHandler                 text51       0054D
__end_of_wr2RegCompleteHandler                 text54       00580
__initialization                               cinit        00049
__pbssBANK0                                    bssBANK0     00020
__pbssBANK1                                    bssBANK1     000A0
__pcstackBANK0                                 cstackBANK0  00045
__pcstackCOMMON                                cstackCOMMON 00070
__pintentry                                    intentry     00004
__pmaintext                                    maintext     0005D
__pstringtext1                                 stringtext1  003BE
__pstringtext10                                stringtext10 005FC
__pstringtext11                                stringtext11 00606
__pstringtext12                                stringtext12 00610
__pstringtext13                                stringtext13 0061A
__pstringtext14                                stringtext14 00000
__pstringtext2                                 stringtext2  005A9
__pstringtext3                                 stringtext3  005B4
__pstringtext4                                 stringtext4  005BF
__pstringtext5                                 stringtext5  005CA
__pstringtext6                                 stringtext6  005D4
__pstringtext7                                 stringtext7  005DE
__pstringtext8                                 stringtext8  005E8
__pstringtext9                                 stringtext9  005F2
__ptext1                                       text1        004CB
__ptext10                                      text10       004AF
__ptext11                                      text11       0059D
__ptext12                                      text12       00624
__ptext13                                      text13       00275
__ptext14                                      text14       0065B
__ptext15                                      text15       00661
__ptext16                                      text16       00667
__ptext17                                      text17       0066D
__ptext18                                      text18       00673
__ptext19                                      text19       00637
__ptext2                                       text2        0052A
__ptext20                                      text20       00414
__ptext22                                      text22       006B5
__ptext23                                      text23       00364
__ptext24                                      text24       006C9
__ptext25                                      text25       00392
__ptext26                                      text26       0067F
__ptext27                                      text27       00684
__ptext28                                      text28       00689
__ptext29                                      text29       0068E
__ptext3                                       text3        0043F
__ptext30                                      text30       00693
__ptext31                                      text31       00698
__ptext32                                      text32       0069D
__ptext33                                      text33       006A2
__ptext34                                      text34       0064E
__ptext35                                      text35       0022F
__ptext36                                      text36       001DA
__ptext37                                      text37       0063F
__ptext38                                      text38       0062E
__ptext39                                      text39       006A7
__ptext4                                       text4        0015E
__ptext40                                      text40       00335
__ptext41                                      text41       006CC
__ptext42                                      text42       00679
__ptext43                                      text43       006AC
__ptext44                                      text44       006B9
__ptext45                                      text45       006CF
__ptext46                                      text46       006BD
__ptext47                                      text47       006D2
__ptext48                                      text48       006DB
__ptext49                                      text49       006DD
__ptext5                                       text5        002BA
__ptext50                                      text50       004FF
__ptext51                                      text51       0053C
__ptext52                                      text52       0054D
__ptext53                                      text53       0055E
__ptext54                                      text54       0056F
__ptext55                                      text55       00590
__ptext56                                      text56       00467
__ptext57                                      text57       00580
__ptext58                                      text58       006D5
__ptext59                                      text59       006D8
__ptext6                                       text6        00647
__ptext60                                      text60       0048D
__ptext61                                      text61       002FB
__ptext62                                      text62       006C1
__ptext63                                      text63       006DF
__ptext64                                      text64       006C5
__ptext65                                      text65       004E5
__ptext7                                       text7        003E9
__ptext8                                       text8        00517
__ptext9                                       text9        006B1
__size_of_ADC_Initialize                       (abs)        00000
__size_of_EUSART_DefaultErrorHandler           (abs)        00000
__size_of_EUSART_DefaultFramingErrorHandler    (abs)        00000
__size_of_EUSART_DefaultOverrunErrorHandler    (abs)        00000
__size_of_EUSART_Initialize                    (abs)        00000
__size_of_EUSART_Read                          (abs)        00000
__size_of_EUSART_Receive_ISR                   (abs)        00000
__size_of_EUSART_RxDataHandler                 (abs)        00000
__size_of_EUSART_SetErrorHandler               (abs)        00000
__size_of_EUSART_SetFramingErrorHandler        (abs)        00000
__size_of_EUSART_SetOverrunErrorHandler        (abs)        00000
__size_of_EUSART_SetRxInterruptHandler         (abs)        00000
__size_of_EUSART_SetTxInterruptHandler         (abs)        00000
__size_of_EUSART_Transmit_ISR                  (abs)        00000
__size_of_EUSART_Write                         (abs)        00000
__size_of_I2C_CallbackReturnReset              (abs)        00000
__size_of_I2C_CallbackReturnStop               (abs)        00000
__size_of_I2C_DO_ADDRESS_NACK                  (abs)        00000
__size_of_I2C_DO_IDLE                          (abs)        00000
__size_of_I2C_DO_RCEN                          (abs)        00000
__size_of_I2C_DO_RESET                         (abs)        00000
__size_of_I2C_DO_RX                            (abs)        00000
__size_of_I2C_DO_RX_ACK                        (abs)        00000
__size_of_I2C_DO_RX_NACK_RESTART               (abs)        00000
__size_of_I2C_DO_RX_NACK_STOP                  (abs)        00000
__size_of_I2C_DO_SEND_ADR_READ                 (abs)        00000
__size_of_I2C_DO_SEND_ADR_WRITE                (abs)        00000
__size_of_I2C_DO_SEND_RESTART                  (abs)        00000
__size_of_I2C_DO_SEND_RESTART_READ             (abs)        00000
__size_of_I2C_DO_SEND_RESTART_WRITE            (abs)        00000
__size_of_I2C_DO_SEND_STOP                     (abs)        00000
__size_of_I2C_DO_TX                            (abs)        00000
__size_of_I2C_DO_TX_EMPTY                      (abs)        00000
__size_of_I2C_Initialize                       (abs)        00000
__size_of_I2C_MasterClearIrq                   (abs)        00000
__size_of_I2C_MasterEnableRestart              (abs)        00000
__size_of_I2C_MasterFsm                        (abs)        00000
__size_of_I2C_MasterGetRxData                  (abs)        00000
__size_of_I2C_MasterIsNack                     (abs)        00000
__size_of_I2C_MasterIsr                        (abs)        00000
__size_of_I2C_MasterSendAck                    (abs)        00000
__size_of_I2C_MasterSendNack                   (abs)        00000
__size_of_I2C_MasterSendTxData                 (abs)        00000
__size_of_I2C_MasterSetIrq                     (abs)        00000
__size_of_I2C_MasterStartRx                    (abs)        00000
__size_of_I2C_MasterStop                       (abs)        00000
__size_of_I2C_SetBuffer                        (abs)        00000
__size_of_I2C_SetCallback                      (abs)        00000
__size_of_I2C_SetDataCompleteCallback          (abs)        00000
__size_of_INTERRUPT_InterruptManager           (abs)        00000
__size_of_OSCILLATOR_Initialize                (abs)        00000
__size_of_PIN_MANAGER_Initialize               (abs)        00000
__size_of_SYSTEM_Initialize                    (abs)        00000
__size_of_WDT_Initialize                       (abs)        00000
__size_of_fputc                                (abs)        00000
__size_of_main                                 (abs)        00000
__size_of_printf                               (abs)        00000
__size_of_putch                                (abs)        00000
__size_of_rd1RegCompleteHandler                (abs)        00000
__size_of_rd2RegCompleteHandler                (abs)        00000
__size_of_rdBlkRegCompleteHandler              (abs)        00000
__size_of_reset                                (abs)        00000
__size_of_vfpfcnvrt                            (abs)        00000
__size_of_vfprintf                             (abs)        00000
__size_of_wr1RegCompleteHandler                (abs)        00000
__size_of_wr2RegCompleteHandler                (abs)        00000
_eusartRxBuffer                                bssBANK1     000DD
_eusartRxCount                                 bssBANK0     0003F
_eusartRxHead                                  bssBANK0     00041
_eusartRxLastError                             bssBANK0     0003E
_eusartRxStatusBuffer                          bssBANK0     00020
_eusartRxTail                                  bssBANK0     00040
_eusartTxBuffer                                bssBANK1     000E5
_eusartTxBufferRemaining                       bssBANK0     00042
_eusartTxHead                                  bssBANK0     00044
_eusartTxTail                                  bssBANK0     00043
_flags                                         bssBANK0     0002E
_fputc                                         text5        002BA
_i2c_fsmStateTable                             stringtext1  003BE
_main                                          maintext     0005D
_nout                                          bssBANK0     00028
_prec                                          bssBANK0     0002C
_printf                                        text2        0052A
_putch                                         text6        00647
_rd1RegCompleteHandler                         text53       0055E
_rd2RegCompleteHandler                         text52       0054D
_rdBlkRegCompleteHandler                       text50       004FF
_reset                                         text1        004CB
_vfpfcnvrt                                     text4        0015E
_vfprintf                                      text3        0043F
_width                                         bssBANK0     0002A
_wr1RegCompleteHandler                         text51       0053C
_wr2RegCompleteHandler                         text54       0056F
btemp                                          (abs)        0007E
clear_ram0                                     clrtext      00655
end_of_initialization                          cinit        00059
fputc@c                                        cstackBANK0  0004B
fputc@fp                                       cstackBANK0  0004D
int$flags                                      (abs)        0007E
intlevel0                                      functab      00000
intlevel1                                      functab      00000
intlevel2                                      functab      00000
intlevel3                                      functab      00000
intlevel4                                      functab      00000
intlevel5                                      functab      00000
main@reception                                 cstackBANK0  00069
printf@ap                                      cstackBANK0  00066
printf@fmt                                     cstackBANK0  00063
putch@txData                                   cstackBANK0  0004A
rd1RegCompleteHandler@ptr                      cstackCOMMON 00079
rd2RegCompleteHandler@ptr                      cstackCOMMON 00079
rdBlkRegCompleteHandler@ptr                    cstackCOMMON 00079
reset_vec                                      reset_vec    00000
start                                          init         00047
start_initialization                           cinit        00049
vfpfcnvrt@ap                                   cstackBANK0  00054
vfpfcnvrt@fmt                                  cstackBANK0  00053
vfpfcnvrt@fp                                   cstackBANK0  0005A
vfprintf@ap                                    cstackBANK0  0005D
vfprintf@cfmt                                  cstackBANK0  00061
vfprintf@fmt                                   cstackBANK0  0005B
vfprintf@fp                                    cstackBANK0  00060
wr1RegCompleteHandler@ptr                      cstackCOMMON 00079
wr2RegCompleteHandler@ptr                      cstackCOMMON 00079
wtemp0                                         (abs)        0007E


MODULE INFORMATION

Module		Function		Class		Link	Load	Size
commande.c
		_reset         		CODE           	04CB	0000	26

commande.c estimated size: 26

C:\Program Files\Microchip\xc8\v2.32\pic\sources\c99\common\doprnt.c
		_vfpfcnvrt     		CODE           	015E	0000	124
		_vfprintf      		CODE           	043F	0000	40

C:\Program Files\Microchip\xc8\v2.32\pic\sources\c99\common\doprnt.c estimated size: 164

mcc_generated_files/interrupt_manager.c
		_INTERRUPT_InterruptManager		CODE           	0004	0000	67

mcc_generated_files/interrupt_manager.c estimated size: 67

mcc_generated_files/examples/i2c_master_example.c
		_wr1RegCompleteHandler		CODE           	053C	0000	17
		_wr2RegCompleteHandler		CODE           	056F	0000	17
		_rdBlkRegCompleteHandler		CODE           	04FF	0000	24
		_rd1RegCompleteHandler		CODE           	055E	0000	17
		_rd2RegCompleteHandler		CODE           	054D	0000	17

mcc_generated_files/examples/i2c_master_example.c estimated size: 92

mcc_generated_files/pin_manager.c
		_PIN_MANAGER_Initialize		CODE           	04AF	0000	28

mcc_generated_files/pin_manager.c estimated size: 28

mcc_generated_files/adc.c
		_ADC_Initialize		CODE           	0637	0000	8

mcc_generated_files/adc.c estimated size: 8

shared
		__initialization		CODE           	0049	0000	16
		_i2c_fsmStateTable		STRCODE        	03BE	0000	32

shared estimated size: 48

mcc_generated_files/mcc.c
		_WDT_Initialize		CODE           	06B1	0000	4
		_OSCILLATOR_Initialize		CODE           	059D	0000	12
		_SYSTEM_Initialize		CODE           	0517	0000	19

mcc_generated_files/mcc.c estimated size: 35

mcc_generated_files/i2c_master.c
		_I2C_MasterStartRx		CODE           	06D2	0000	3
		_I2C_DO_SEND_ADR_WRITE		CODE           	063F	0000	8
		_I2C_DO_SEND_STOP		CODE           	0693	0000	5
		_I2C_MasterSendNack		CODE           	06BD	0000	4
		_I2C_CallbackReturnStop		CODE           	06DD	0000	2
		_I2C_DO_SEND_ADR_READ		CODE           	062E	0000	9
		_I2C_DO_RX_NACK_STOP		CODE           	0689	0000	5
		_I2C_DO_SEND_RESTART		CODE           	0698	0000	5
		_I2C_DO_RX     		CODE           	022F	0000	70
		_I2C_DO_TX     		CODE           	01DA	0000	85
		_I2C_DO_IDLE   		CODE           	06A7	0000	5
		_I2C_DO_RCEN   		CODE           	064E	0000	7
		_I2C_DO_RESET  		CODE           	067F	0000	5
		_I2C_DO_RX_ACK 		CODE           	068E	0000	5
		_I2C_MasterClearIrq		CODE           	06C9	0000	3
		_I2C_MasterGetRxData		CODE           	06CF	0000	3
		_I2C_SetCallback		CODE           	0467	0000	38
		_I2C_DO_ADDRESS_NACK		CODE           	0392	0000	44
		_I2C_MasterEnableRestart		CODE           	06D8	0000	3
		_I2C_CallbackReturnReset		CODE           	06DB	0000	2
		_I2C_DO_TX_EMPTY		CODE           	0335	0000	47
		_I2C_DO_SEND_RESTART_WRITE		CODE           	069D	0000	5
		_I2C_MasterIsNack		CODE           	0679	0000	6
		_I2C_SetDataCompleteCallback		CODE           	0590	0000	13
		_I2C_DO_RX_NACK_RESTART		CODE           	0684	0000	5
		_I2C_MasterSendAck		CODE           	06B9	0000	4
		_I2C_MasterFsm 		CODE           	0364	0000	46
		_I2C_MasterIsr 		CODE           	06B5	0000	4
		_I2C_MasterSetIrq		CODE           	06CC	0000	3
		_I2C_DO_SEND_RESTART_READ		CODE           	06A2	0000	5
		_I2C_Initialize		CODE           	0624	0000	10
		_I2C_SetBuffer 		CODE           	0580	0000	16
		_I2C_MasterSendTxData		CODE           	06AC	0000	5
		_I2C_MasterStop		CODE           	06D5	0000	3

mcc_generated_files/i2c_master.c estimated size: 483

C:\Program Files\Microchip\xc8\v2.32\pic\sources\c99\common\printf.c
		_printf        		CODE           	052A	0000	18

C:\Program Files\Microchip\xc8\v2.32\pic\sources\c99\common\printf.c estimated size: 18

C:\Program Files\Microchip\xc8\v2.32\pic\sources\c99\common\nf_fputc.c
		_fputc         		CODE           	02BA	0000	65

C:\Program Files\Microchip\xc8\v2.32\pic\sources\c99\common\nf_fputc.c estimated size: 65

mcc_generated_files/eusart.c
		_EUSART_SetRxInterruptHandler		CODE           	0661	0000	6
		_EUSART_SetTxInterruptHandler		CODE           	065B	0000	6
		_putch         		CODE           	0647	0000	7
		_EUSART_Read   		CODE           	0414	0000	43
		_EUSART_DefaultOverrunErrorHandler		CODE           	06C1	0000	4
		_EUSART_Write  		CODE           	03E9	0000	43
		_EUSART_DefaultErrorHandler		CODE           	06C5	0000	4
		_EUSART_Transmit_ISR		CODE           	048D	0000	34
		_EUSART_Initialize		CODE           	0275	0000	69
		_EUSART_SetFramingErrorHandler		CODE           	066D	0000	6
		_EUSART_SetErrorHandler		CODE           	0673	0000	6
		_EUSART_SetOverrunErrorHandler		CODE           	0667	0000	6
		_EUSART_Receive_ISR		CODE           	02FB	0000	58
		_EUSART_RxDataHandler		CODE           	04E5	0000	26
		_EUSART_DefaultFramingErrorHandler		CODE           	06DF	0000	1

mcc_generated_files/eusart.c estimated size: 319

main.c
		_main          		CODE           	005D	0000	257

main.c estimated size: 257

